Archive member included to satisfy reference by file (symbol)

c:/st/stm32cubeide_1.9.0/stm32cubeide/plugins/com.st.stm32cube.ide.mcu.externaltools.gnu-tools-for-stm32.10.3-2021.10.win32_1.0.0.202111181127/tools/bin/../lib/gcc/arm-none-eabi/10.3.1/../../../../arm-none-eabi/lib/thumb/v7e-m+fp/hard\libc_nano.a(lib_a-errno.o)
                              ./Core/Src/syscalls.o (__errno)
c:/st/stm32cubeide_1.9.0/stm32cubeide/plugins/com.st.stm32cube.ide.mcu.externaltools.gnu-tools-for-stm32.10.3-2021.10.win32_1.0.0.202111181127/tools/bin/../lib/gcc/arm-none-eabi/10.3.1/../../../../arm-none-eabi/lib/thumb/v7e-m+fp/hard\libc_nano.a(lib_a-exit.o)
                              c:/st/stm32cubeide_1.9.0/stm32cubeide/plugins/com.st.stm32cube.ide.mcu.externaltools.gnu-tools-for-stm32.10.3-2021.10.win32_1.0.0.202111181127/tools/bin/../lib/gcc/arm-none-eabi/10.3.1/../../../../arm-none-eabi/lib/thumb/v7e-m+fp/hard/crt0.o (exit)
c:/st/stm32cubeide_1.9.0/stm32cubeide/plugins/com.st.stm32cube.ide.mcu.externaltools.gnu-tools-for-stm32.10.3-2021.10.win32_1.0.0.202111181127/tools/bin/../lib/gcc/arm-none-eabi/10.3.1/../../../../arm-none-eabi/lib/thumb/v7e-m+fp/hard\libc_nano.a(lib_a-impure.o)
                              c:/st/stm32cubeide_1.9.0/stm32cubeide/plugins/com.st.stm32cube.ide.mcu.externaltools.gnu-tools-for-stm32.10.3-2021.10.win32_1.0.0.202111181127/tools/bin/../lib/gcc/arm-none-eabi/10.3.1/../../../../arm-none-eabi/lib/thumb/v7e-m+fp/hard\libc_nano.a(lib_a-exit.o) (_global_impure_ptr)
c:/st/stm32cubeide_1.9.0/stm32cubeide/plugins/com.st.stm32cube.ide.mcu.externaltools.gnu-tools-for-stm32.10.3-2021.10.win32_1.0.0.202111181127/tools/bin/../lib/gcc/arm-none-eabi/10.3.1/../../../../arm-none-eabi/lib/thumb/v7e-m+fp/hard\libc_nano.a(lib_a-init.o)
                              c:/st/stm32cubeide_1.9.0/stm32cubeide/plugins/com.st.stm32cube.ide.mcu.externaltools.gnu-tools-for-stm32.10.3-2021.10.win32_1.0.0.202111181127/tools/bin/../lib/gcc/arm-none-eabi/10.3.1/../../../../arm-none-eabi/lib/thumb/v7e-m+fp/hard/crt0.o (__libc_init_array)
c:/st/stm32cubeide_1.9.0/stm32cubeide/plugins/com.st.stm32cube.ide.mcu.externaltools.gnu-tools-for-stm32.10.3-2021.10.win32_1.0.0.202111181127/tools/bin/../lib/gcc/arm-none-eabi/10.3.1/../../../../arm-none-eabi/lib/thumb/v7e-m+fp/hard\libc_nano.a(lib_a-memset.o)
                              c:/st/stm32cubeide_1.9.0/stm32cubeide/plugins/com.st.stm32cube.ide.mcu.externaltools.gnu-tools-for-stm32.10.3-2021.10.win32_1.0.0.202111181127/tools/bin/../lib/gcc/arm-none-eabi/10.3.1/../../../../arm-none-eabi/lib/thumb/v7e-m+fp/hard/crt0.o (memset)
c:/st/stm32cubeide_1.9.0/stm32cubeide/plugins/com.st.stm32cube.ide.mcu.externaltools.gnu-tools-for-stm32.10.3-2021.10.win32_1.0.0.202111181127/tools/bin/../lib/gcc/arm-none-eabi/10.3.1/../../../../arm-none-eabi/lib/thumb/v7e-m+fp/hard\libc_nano.a(lib_a-sprintf.o)
                              ./Core/Src/file_handling.o (sprintf)
c:/st/stm32cubeide_1.9.0/stm32cubeide/plugins/com.st.stm32cube.ide.mcu.externaltools.gnu-tools-for-stm32.10.3-2021.10.win32_1.0.0.202111181127/tools/bin/../lib/gcc/arm-none-eabi/10.3.1/../../../../arm-none-eabi/lib/thumb/v7e-m+fp/hard\libc_nano.a(lib_a-strcmp.o)
                              ./Core/Src/file_handling.o (strcmp)
c:/st/stm32cubeide_1.9.0/stm32cubeide/plugins/com.st.stm32cube.ide.mcu.externaltools.gnu-tools-for-stm32.10.3-2021.10.win32_1.0.0.202111181127/tools/bin/../lib/gcc/arm-none-eabi/10.3.1/../../../../arm-none-eabi/lib/thumb/v7e-m+fp/hard\libc_nano.a(lib_a-strlen.o)
                              ./Core/Src/UartRingbuffer.o (strlen)
c:/st/stm32cubeide_1.9.0/stm32cubeide/plugins/com.st.stm32cube.ide.mcu.externaltools.gnu-tools-for-stm32.10.3-2021.10.win32_1.0.0.202111181127/tools/bin/../lib/gcc/arm-none-eabi/10.3.1/../../../../arm-none-eabi/lib/thumb/v7e-m+fp/hard\libc_nano.a(lib_a-strncmp.o)
                              ./Core/Src/main.o (strncmp)
c:/st/stm32cubeide_1.9.0/stm32cubeide/plugins/com.st.stm32cube.ide.mcu.externaltools.gnu-tools-for-stm32.10.3-2021.10.win32_1.0.0.202111181127/tools/bin/../lib/gcc/arm-none-eabi/10.3.1/../../../../arm-none-eabi/lib/thumb/v7e-m+fp/hard\libc_nano.a(lib_a-nano-svfprintf.o)
                              c:/st/stm32cubeide_1.9.0/stm32cubeide/plugins/com.st.stm32cube.ide.mcu.externaltools.gnu-tools-for-stm32.10.3-2021.10.win32_1.0.0.202111181127/tools/bin/../lib/gcc/arm-none-eabi/10.3.1/../../../../arm-none-eabi/lib/thumb/v7e-m+fp/hard\libc_nano.a(lib_a-sprintf.o) (_svfprintf_r)
c:/st/stm32cubeide_1.9.0/stm32cubeide/plugins/com.st.stm32cube.ide.mcu.externaltools.gnu-tools-for-stm32.10.3-2021.10.win32_1.0.0.202111181127/tools/bin/../lib/gcc/arm-none-eabi/10.3.1/../../../../arm-none-eabi/lib/thumb/v7e-m+fp/hard\libc_nano.a(lib_a-nano-vfprintf_i.o)
[...]
Memory Configuration

Name             Origin             Length             Attributes
CCMRAM           0x0000000010000000 0x0000000000010000 xrw
RAM              0x0000000020000000 0x0000000000020000 xrw
FLASH            0x0000000008000000 0x0000000000080000 xr
*default*        0x0000000000000000 0xffffffffffffffff

Linker script and memory map

LOAD c:/st/stm32cubeide_1.9.0/stm32cubeide/plugins/com.st.stm32cube.ide.mcu.externaltools.gnu-tools-for-stm32.10.3-2021.10.win32_1.0.0.202111181127/tools/bin/../lib/gcc/arm-none-eabi/10.3.1/thumb/v7e-m+fp/hard/crti.o
LOAD c:/st/stm32cubeide_1.9.0/stm32cubeide/plugins/com.st.stm32cube.ide.mcu.externaltools.gnu-tools-for-stm32.10.3-2021.10.win32_1.0.0.202111181127/tools/bin/../lib/gcc/arm-none-eabi/10.3.1/thumb/v7e-m+fp/hard/crtbegin.o
LOAD c:/st/stm32cubeide_1.9.0/stm32cubeide/plugins/com.st.stm32cube.ide.mcu.externaltools.gnu-tools-for-stm32.10.3-2021.10.win32_1.0.0.202111181127/tools/bin/../lib/gcc/arm-none-eabi/10.3.1/../../../../arm-none-eabi/lib/thumb/v7e-m+fp/hard/crt0.o
LOAD ./Core/Src/UartRingbuffer.o
LOAD ./Core/Src/file_handling.o
LOAD ./Core/Src/main.o
LOAD ./Core/Src/stm32f4xx_hal_msp.o
LOAD ./Core/Src/stm32f4xx_it.o
LOAD ./Core/Src/syscalls.o
LOAD ./Core/Src/sysmem.o
LOAD ./Core/Src/system_stm32f4xx.o
LOAD ./Core/Startup/startup_stm32f407vetx.o
LOAD ./Drivers/STM32F4xx_HAL_Driver/Src/stm32f4xx_hal.o
LOAD ./Drivers/STM32F4xx_HAL_Driver/Src/stm32f4xx_hal_cortex.o
LOAD ./Drivers/STM32F4xx_HAL_Driver/Src/stm32f4xx_hal_dma.o
LOAD ./Drivers/STM32F4xx_HAL_Driver/Src/stm32f4xx_hal_dma_ex.o
LOAD ./Drivers/STM32F4xx_HAL_Driver/Src/stm32f4xx_hal_exti.o
LOAD ./Drivers/STM32F4xx_HAL_Driver/Src/stm32f4xx_hal_flash.o
LOAD ./Drivers/STM32F4xx_HAL_Driver/Src/stm32f4xx_hal_flash_ex.o
LOAD ./Drivers/STM32F4xx_HAL_Driver/Src/stm32f4xx_hal_flash_ramfunc.o
LOAD ./Drivers/STM32F4xx_HAL_Driver/Src/stm32f4xx_hal_gpio.o
LOAD ./Drivers/STM32F4xx_HAL_Driver/Src/stm32f4xx_hal_pcd.o
LOAD ./Drivers/STM32F4xx_HAL_Driver/Src/stm32f4xx_hal_pcd_ex.o
LOAD ./Drivers/STM32F4xx_HAL_Driver/Src/stm32f4xx_hal_pwr.o
LOAD ./Drivers/STM32F4xx_HAL_Driver/Src/stm32f4xx_hal_pwr_ex.o
LOAD ./Drivers/STM32F4xx_HAL_Driver/Src/stm32f4xx_hal_rcc.o
LOAD ./Drivers/STM32F4xx_HAL_Driver/Src/stm32f4xx_hal_rcc_ex.o
LOAD ./Drivers/STM32F4xx_HAL_Driver/Src/stm32f4xx_hal_sd.o
LOAD ./Drivers/STM32F4xx_HAL_Driver/Src/stm32f4xx_hal_tim.o
LOAD ./Drivers/STM32F4xx_HAL_Driver/Src/stm32f4xx_hal_tim_ex.o
LOAD ./Drivers/STM32F4xx_HAL_Driver/Src/stm32f4xx_hal_uart.o
LOAD ./Drivers/STM32F4xx_HAL_Driver/Src/stm32f4xx_ll_sdmmc.o
LOAD ./Drivers/STM32F4xx_HAL_Driver/Src/stm32f4xx_ll_usb.o
LOAD ./FATFS/App/fatfs.o
LOAD ./FATFS/Target/bsp_driver_sd.o
LOAD ./FATFS/Target/sd_diskio.o
LOAD ./Middlewares/Third_Party/FatFs/src/diskio.o
LOAD ./Middlewares/Third_Party/FatFs/src/ff.o
LOAD ./Middlewares/Third_Party/FatFs/src/ff_gen_drv.o
LOAD ./Middlewares/Third_Party/FatFs/src/option/syscall.o
START GROUP
LOAD c:/st/stm32cubeide_1.9.0/stm32cubeide/plugins/com.st.stm32cube.ide.mcu.externaltools.gnu-tools-for-stm32.10.3-2021.10.win32_1.0.0.202111181127/tools/bin/../lib/gcc/arm-none-eabi/10.3.1/../../../../arm-none-eabi/lib/thumb/v7e-m+fp/hard\libc_nano.a
LOAD c:/st/stm32cubeide_1.9.0/stm32cubeide/plugins/com.st.stm32cube.ide.mcu.externaltools.gnu-tools-for-stm32.10.3-2021.10.win32_1.0.0.202111181127/tools/bin/../lib/gcc/arm-none-eabi/10.3.1/../../../../arm-none-eabi/lib/thumb/v7e-m+fp/hard\libm.a
END GROUP
START GROUP
LOAD c:/st/stm32cubeide_1.9.0/stm32cubeide/plugins/com.st.stm32cube.ide.mcu.externaltools.gnu-tools-for-stm32.10.3-2021.10.win32_1.0.0.202111181127/tools/bin/../lib/gcc/arm-none-eabi/10.3.1/thumb/v7e-m+fp/hard\libgcc.a
LOAD c:/st/stm32cubeide_1.9.0/stm32cubeide/plugins/com.st.stm32cube.ide.mcu.externaltools.gnu-tools-for-stm32.10.3-2021.10.win32_1.0.0.202111181127/tools/bin/../lib/gcc/arm-none-eabi/10.3.1/../../../../arm-none-eabi/lib/thumb/v7e-m+fp/hard\libc_nano.a
END GROUP
START GROUP
LOAD c:/st/stm32cubeide_1.9.0/stm32cubeide/plugins/com.st.stm32cube.ide.mcu.externaltools.gnu-tools-for-stm32.10.3-2021.10.win32_1.0.0.202111181127/tools/bin/../lib/gcc/arm-none-eabi/10.3.1/thumb/v7e-m+fp/hard\libgcc.a
LOAD c:/st/stm32cubeide_1.9.0/stm32cubeide/plugins/com.st.stm32cube.ide.mcu.externaltools.gnu-tools-for-stm32.10.3-2021.10.win32_1.0.0.202111181127/tools/bin/../lib/gcc/arm-none-eabi/10.3.1/../../../../arm-none-eabi/lib/thumb/v7e-m+fp/hard\libc_nano.a
LOAD c:/st/stm32cubeide_1.9.0/stm32cubeide/plugins/com.st.stm32cube.ide.mcu.externaltools.gnu-tools-for-stm32.10.3-2021.10.win32_1.0.0.202111181127/tools/bin/../lib/gcc/arm-none-eabi/10.3.1/../../../../arm-none-eabi/lib/thumb/v7e-m+fp/hard\libnosys.a
END GROUP
START GROUP
LOAD c:/st/stm32cubeide_1.9.0/stm32cubeide/plugins/com.st.stm32cube.ide.mcu.externaltools.gnu-tools-for-stm32.10.3-2021.10.win32_1.0.0.202111181127/tools/bin/../lib/gcc/arm-none-eabi/10.3.1/thumb/v7e-m+fp/hard\libgcc.a
LOAD c:/st/stm32cubeide_1.9.0/stm32cubeide/plugins/com.st.stm32cube.ide.mcu.externaltools.gnu-tools-for-stm32.10.3-2021.10.win32_1.0.0.202111181127/tools/bin/../lib/gcc/arm-none-eabi/10.3.1/../../../../arm-none-eabi/lib/thumb/v7e-m+fp/hard\libc_nano.a
LOAD c:/st/stm32cubeide_1.9.0/stm32cubeide/plugins/com.st.stm32cube.ide.mcu.externaltools.gnu-tools-for-stm32.10.3-2021.10.win32_1.0.0.202111181127/tools/bin/../lib/gcc/arm-none-eabi/10.3.1/../../../../arm-none-eabi/lib/thumb/v7e-m+fp/hard\libnosys.a
END GROUP
LOAD c:/st/stm32cubeide_1.9.0/stm32cubeide/plugins/com.st.stm32cube.ide.mcu.externaltools.gnu-tools-for-stm32.10.3-2021.10.win32_1.0.0.202111181127/tools/bin/../lib/gcc/arm-none-eabi/10.3.1/thumb/v7e-m+fp/hard/crtend.o
LOAD c:/st/stm32cubeide_1.9.0/stm32cubeide/plugins/com.st.stm32cube.ide.mcu.externaltools.gnu-tools-for-stm32.10.3-2021.10.win32_1.0.0.202111181127/tools/bin/../lib/gcc/arm-none-eabi/10.3.1/thumb/v7e-m+fp/hard/crtn.o
                0x0000000020020000                _estack = (ORIGIN (RAM) + LENGTH (RAM))
                0x0000000000000200                _Min_Heap_Size = 0x200
                0x0000000000000400                _Min_Stack_Size = 0x400

.isr_vector     0x0000000008000000      0x188
                0x0000000008000000                . = ALIGN (0x4)
 *(.isr_vector)
 .isr_vector    0x0000000008000000      0x188 ./Core/Startup/startup_stm32f407vetx.o
                0x0000000008000000                g_pfnVectors
                0x0000000008000188                . = ALIGN (0x4)

.text           0x0000000008000190     0xb958
                0x0000000008000190                . = ALIGN (0x4)
 *(.text)
 .text          0x0000000008000190       0x40 c:/st/stm32cubeide_1.9.0/stm32cubeide/plugins/com.st.stm32cube.ide.mcu.externaltools.gnu-tools-for-stm32.10.3-2021.10.win32_1.0.0.202111181127/tools/bin/../lib/gcc/arm-none-eabi/10.3.1/thumb/v7e-m+fp/hard/crtbegin.o
 .text          0x00000000080001d0       0x14 c:/st/stm32cubeide_1.9.0/stm32cubeide/plugins/com.st.stm32cube.ide.mcu.externaltools.gnu-tools-for-stm32.10.3-2021.10.win32_1.0.0.202111181127/tools/bin/../lib/gcc/arm-none-eabi/10.3.1/../../../../arm-none-eabi/lib/thumb/v7e-m+fp/hard\libc_nano.a(lib_a-strcmp.o)
                0x00000000080001d0                strcmp
 .text          0x00000000080001e4       0x10 c:/st/stm32cubeide_1.9.0/stm32cubeide/plugins/com.st.stm32cube.ide.mcu.externaltools.gnu-tools-for-stm32.10.3-2021.10.win32_1.0.0.202111181127/tools/bin/../lib/gcc/arm-none-eabi/10.3.1/../../../../arm-none-eabi/lib/thumb/v7e-m+fp/hard\libc_nano.a(lib_a-strlen.o)
                0x00000000080001e4                strlen
 *fill*         0x00000000080001f4        0xc 
 .text          0x0000000008000200       0xa0 c:/st/stm32cubeide_1.9.0/stm32cubeide/plugins/com.st.stm32cube.ide.mcu.externaltools.gnu-tools-for-stm32.10.3-2021.10.win32_1.0.0.202111181127/tools/bin/../lib/gcc/arm-none-eabi/10.3.1/../../../../arm-none-eabi/lib/thumb/v7e-m+fp/hard\libc_nano.a(lib_a-memchr.o)
                0x0000000008000200                memchr
 .text          0x00000000080002a0      0x254 c:/st/stm32cubeide_1.9.0/stm32cubeide/plugins/com.st.stm32cube.ide.mcu.externaltools.gnu-tools-for-stm32.10.3-2021.10.win32_1.0.0.202111181127/tools/bin/../lib/gcc/arm-none-eabi/10.3.1/thumb/v7e-m+fp/hard\libgcc.a(_arm_muldf3.o)
                0x00000000080002a0                __muldf3
                0x00000000080002a0                __aeabi_dmul
 .text          0x00000000080004f4      0x378 c:/st/stm32cubeide_1.9.0/stm32cubeide/plugins/com.st.stm32cube.ide.mcu.externaltools.gnu-tools-for-stm32.10.3-2021.10.win32_1.0.0.202111181127/tools/bin/../lib/gcc/arm-none-eabi/10.3.1/thumb/v7e-m+fp/hard\libgcc.a(_arm_addsubdf3.o)
                0x00000000080004f4                __aeabi_drsub
                0x00000000080004fc                __aeabi_dsub
                0x00000000080004fc                __subdf3
                0x0000000008000500                __aeabi_dadd
                0x0000000008000500                __adddf3
                0x0000000008000778                __floatunsidf
                0x0000000008000778                __aeabi_ui2d
                0x0000000008000798                __floatsidf
                0x0000000008000798                __aeabi_i2d
                0x00000000080007bc                __aeabi_f2d
                0x00000000080007bc                __extendsfdf2
                0x0000000008000800                __floatundidf
                0x0000000008000800                __aeabi_ul2d
                0x0000000008000810                __floatdidf
                0x0000000008000810                __aeabi_l2d
 .text          0x000000000800086c       0x40 c:/st/stm32cubeide_1.9.0/stm32cubeide/plugins/com.st.stm32cube.ide.mcu.externaltools.gnu-tools-for-stm32.10.3-2021.10.win32_1.0.0.202111181127/tools/bin/../lib/gcc/arm-none-eabi/10.3.1/thumb/v7e-m+fp/hard\libgcc.a(_arm_fixunsdfsi.o)
                0x000000000800086c                __aeabi_d2uiz
                0x000000000800086c                __fixunsdfsi
 .text          0x00000000080008ac       0x30 c:/st/stm32cubeide_1.9.0/stm32cubeide/plugins/com.st.stm32cube.ide.mcu.externaltools.gnu-tools-for-stm32.10.3-2021.10.win32_1.0.0.202111181127/tools/bin/../lib/gcc/arm-none-eabi/10.3.1/thumb/v7e-m+fp/hard\libgcc.a(_aeabi_uldivmod.o)
                0x00000000080008ac                __aeabi_uldivmod
 .text          0x00000000080008dc      0x2d0 c:/st/stm32cubeide_1.9.0/stm32cubeide/plugins/com.st.stm32cube.ide.mcu.externaltools.gnu-tools-for-stm32.10.3-2021.10.win32_1.0.0.202111181127/tools/bin/../lib/gcc/arm-none-eabi/10.3.1/thumb/v7e-m+fp/hard\libgcc.a(_udivmoddi4.o)
                0x00000000080008dc                __udivmoddi4
 .text          0x0000000008000bac        0x4 c:/st/stm32cubeide_1.9.0/stm32cubeide/plugins/com.st.stm32cube.ide.mcu.externaltools.gnu-tools-for-stm32.10.3-2021.10.win32_1.0.0.202111181127/tools/bin/../lib/gcc/arm-none-eabi/10.3.1/thumb/v7e-m+fp/hard\libgcc.a(_dvmd_tls.o)
                0x0000000008000bac                __aeabi_idiv0
                0x0000000008000bac                __aeabi_ldiv0
 *(.text*)
 .text.Ringbuf_init
                0x0000000008000bb0       0x50 ./Core/Src/UartRingbuffer.o
                0x0000000008000bb0                Ringbuf_init
 .text.store_char
                0x0000000008000c00       0x3e ./Core/Src/UartRingbuffer.o
                0x0000000008000c00                store_char
 *fill*         0x0000000008000c3e        0x2 
 .text.Uart_read
                0x0000000008000c40       0x50 ./Core/Src/UartRingbuffer.o
                0x0000000008000c40                Uart_read
 .text.Uart_write
                0x0000000008000c90       0x68 ./Core/Src/UartRingbuffer.o
                0x0000000008000c90                Uart_write
 .text.IsDataAvailable
                0x0000000008000cf8       0x30 ./Core/Src/UartRingbuffer.o
                0x0000000008000cf8                IsDataAvailable
 .text.Uart_sendstring
                0x0000000008000d28       0x2a ./Core/Src/UartRingbuffer.o
                0x0000000008000d28                Uart_sendstring
 *fill*         0x0000000008000d52        0x2 
 .text.Get_string
                0x0000000008000d54       0xb0 ./Core/Src/UartRingbuffer.o
                0x0000000008000d54                Get_string
 .text.wait_until
                0x0000000008000e04       0xc4 ./Core/Src/UartRingbuffer.o
                0x0000000008000e04                wait_until
 .text.Uart_isr
                0x0000000008000ec8       0xb4 ./Core/Src/UartRingbuffer.o
                0x0000000008000ec8                Uart_isr
 .text.bufsize  0x0000000008000f7c       0x2e ./Core/Src/file_handling.o
                0x0000000008000f7c                bufsize
 *fill*         0x0000000008000faa        0x2 
 .text.clear_buffer
                0x0000000008000fac       0x34 ./Core/Src/file_handling.o
                0x0000000008000fac                clear_buffer
 .text.clear_path
                0x0000000008000fe0       0x34 ./Core/Src/file_handling.o
                0x0000000008000fe0                clear_path
 .text.send_uart
                0x0000000008001014       0x1a ./Core/Src/file_handling.o
                0x0000000008001014                send_uart
 .text.cmdlength
                0x000000000800102e       0x2e ./Core/Src/file_handling.o
                0x000000000800102e                cmdlength
 .text.get_path
                0x000000000800105c       0x68 ./Core/Src/file_handling.o
                0x000000000800105c                get_path
 .text.mount_sd
                0x00000000080010c4       0x44 ./Core/Src/file_handling.o
                0x00000000080010c4                mount_sd
 .text.scan_files
                0x0000000008001108      0x120 ./Core/Src/file_handling.o
                0x0000000008001108                scan_files
 .text.write_file
                0x0000000008001228      0x13c ./Core/Src/file_handling.o
                0x0000000008001228                write_file
 .text.read_file
                0x0000000008001364      0x110 ./Core/Src/file_handling.o
                0x0000000008001364                read_file
 .text.remove_file
                0x0000000008001474       0x8c ./Core/Src/file_handling.o
                0x0000000008001474                remove_file
 .text.create_dir
                0x0000000008001500       0x5c ./Core/Src/file_handling.o
                0x0000000008001500                create_dir
 .text.check_sd
                0x000000000800155c       0xc4 ./Core/Src/file_handling.o
                0x000000000800155c                check_sd
 .text.check_file
                0x0000000008001620      0x14c ./Core/Src/file_handling.o
                0x0000000008001620                check_file
 .text.update_file
                0x000000000800176c      0x13c ./Core/Src/file_handling.o
                0x000000000800176c                update_file
 .text.main     0x00000000080018a8      0x350 ./Core/Src/main.o
                0x00000000080018a8                main
 .text.SystemClock_Config
                0x0000000008001bf8       0xd4 ./Core/Src/main.o
                0x0000000008001bf8                SystemClock_Config
 .text.MX_SDIO_SD_Init
                0x0000000008001ccc       0x40 ./Core/Src/main.o
 .text.MX_USART1_UART_Init
                0x0000000008001d0c       0x54 ./Core/Src/main.o
 .text.MX_USART2_UART_Init
                0x0000000008001d60       0x54 ./Core/Src/main.o
 .text.MX_USB_OTG_FS_PCD_Init
                0x0000000008001db4       0x5c ./Core/Src/main.o
 .text.MX_GPIO_Init
                0x0000000008001e10       0xd8 ./Core/Src/main.o
 .text.Error_Handler
                0x0000000008001ee8        0xa ./Core/Src/main.o
                0x0000000008001ee8                Error_Handler
 *fill*         0x0000000008001ef2        0x2 
 .text.HAL_MspInit
                0x0000000008001ef4       0x50 ./Core/Src/stm32f4xx_hal_msp.o
                0x0000000008001ef4                HAL_MspInit
 .text.HAL_SD_MspInit
                0x0000000008001f44       0xd0 ./Core/Src/stm32f4xx_hal_msp.o
                0x0000000008001f44                HAL_SD_MspInit
 .text.HAL_UART_MspInit
                0x0000000008002014      0x158 ./Core/Src/stm32f4xx_hal_msp.o
                0x0000000008002014                HAL_UART_MspInit
 .text.HAL_PCD_MspInit
                0x000000000800216c       0xc4 ./Core/Src/stm32f4xx_hal_msp.o
                0x000000000800216c                HAL_PCD_MspInit
 .text.NMI_Handler
                0x0000000008002230        0x6 ./Core/Src/stm32f4xx_it.o
                0x0000000008002230                NMI_Handler
 .text.HardFault_Handler
                0x0000000008002236        0x6 ./Core/Src/stm32f4xx_it.o
                0x0000000008002236                HardFault_Handler
 .text.MemManage_Handler
                0x000000000800223c        0x6 ./Core/Src/stm32f4xx_it.o
                0x000000000800223c                MemManage_Handler
 .text.BusFault_Handler
                0x0000000008002242        0x6 ./Core/Src/stm32f4xx_it.o
                0x0000000008002242                BusFault_Handler
 .text.UsageFault_Handler
                0x0000000008002248        0x6 ./Core/Src/stm32f4xx_it.o
                0x0000000008002248                UsageFault_Handler
 .text.SVC_Handler
                0x000000000800224e        0xe ./Core/Src/stm32f4xx_it.o
                0x000000000800224e                SVC_Handler
 .text.DebugMon_Handler
                0x000000000800225c        0xe ./Core/Src/stm32f4xx_it.o
                0x000000000800225c                DebugMon_Handler
 .text.PendSV_Handler
                0x000000000800226a        0xe ./Core/Src/stm32f4xx_it.o
                0x000000000800226a                PendSV_Handler
 .text.SysTick_Handler
                0x0000000008002278        0xc ./Core/Src/stm32f4xx_it.o
                0x0000000008002278                SysTick_Handler
 .text.USART1_IRQHandler
                0x0000000008002284       0x18 ./Core/Src/stm32f4xx_it.o
                0x0000000008002284                USART1_IRQHandler
 .text.USART2_IRQHandler
                0x000000000800229c       0x14 ./Core/Src/stm32f4xx_it.o
                0x000000000800229c                USART2_IRQHandler
 .text.OTG_FS_IRQHandler
                0x00000000080022b0       0x14 ./Core/Src/stm32f4xx_it.o
                0x00000000080022b0                OTG_FS_IRQHandler
 .text._sbrk    0x00000000080022c4       0x6c ./Core/Src/sysmem.o
                0x00000000080022c4                _sbrk
 .text.SystemInit
                0x0000000008002330       0x24 ./Core/Src/system_stm32f4xx.o
                0x0000000008002330                SystemInit
 .text.Reset_Handler
                0x0000000008002354       0x50 ./Core/Startup/startup_stm32f407vetx.o
                0x0000000008002354                Reset_Handler
 .text.Default_Handler
                0x00000000080023a4        0x2 ./Core/Startup/startup_stm32f407vetx.o
                0x00000000080023a4                RTC_Alarm_IRQHandler
                0x00000000080023a4                HASH_RNG_IRQHandler
                0x00000000080023a4                EXTI2_IRQHandler
                0x00000000080023a4                TIM8_CC_IRQHandler
                0x00000000080023a4                TIM1_CC_IRQHandler
                0x00000000080023a4                DMA2_Stream5_IRQHandler
                0x00000000080023a4                DMA1_Stream5_IRQHandler
                0x00000000080023a4                PVD_IRQHandler
                0x00000000080023a4                SDIO_IRQHandler
                0x00000000080023a4                TAMP_STAMP_IRQHandler
                0x00000000080023a4                CAN2_RX1_IRQHandler
                0x00000000080023a4                EXTI3_IRQHandler
                0x00000000080023a4                TIM8_TRG_COM_TIM14_IRQHandler
                0x00000000080023a4                TIM1_UP_TIM10_IRQHandler
                0x00000000080023a4                TIM8_UP_TIM13_IRQHandler
                0x00000000080023a4                I2C3_ER_IRQHandler
                0x00000000080023a4                EXTI0_IRQHandler
                0x00000000080023a4                I2C2_EV_IRQHandler
                0x00000000080023a4                DMA1_Stream2_IRQHandler
                0x00000000080023a4                CAN1_RX0_IRQHandler
                0x00000000080023a4                FPU_IRQHandler
                0x00000000080023a4                OTG_HS_WKUP_IRQHandler
                0x00000000080023a4                CAN2_SCE_IRQHandler
                0x00000000080023a4                DMA2_Stream2_IRQHandler
                0x00000000080023a4                SPI1_IRQHandler
                0x00000000080023a4                TIM6_DAC_IRQHandler
                0x00000000080023a4                TIM1_BRK_TIM9_IRQHandler
                0x00000000080023a4                DCMI_IRQHandler
                0x00000000080023a4                CAN2_RX0_IRQHandler
                0x00000000080023a4                DMA2_Stream3_IRQHandler
                0x00000000080023a4                USART6_IRQHandler
                0x00000000080023a4                USART3_IRQHandler
                0x00000000080023a4                CAN1_RX1_IRQHandler
                0x00000000080023a4                UART5_IRQHandler
                0x00000000080023a4                DMA2_Stream0_IRQHandler
                0x00000000080023a4                TIM4_IRQHandler
                0x00000000080023a4                I2C1_EV_IRQHandler
                0x00000000080023a4                DMA1_Stream6_IRQHandler
                0x00000000080023a4                DMA1_Stream1_IRQHandler
                0x00000000080023a4                UART4_IRQHandler
                0x00000000080023a4                TIM3_IRQHandler
                0x00000000080023a4                RCC_IRQHandler
                0x00000000080023a4                TIM8_BRK_TIM12_IRQHandler
                0x00000000080023a4                Default_Handler
                0x00000000080023a4                EXTI15_10_IRQHandler
                0x00000000080023a4                ADC_IRQHandler
                0x00000000080023a4                DMA1_Stream7_IRQHandler
                0x00000000080023a4                TIM7_IRQHandler
                0x00000000080023a4                CAN2_TX_IRQHandler
                0x00000000080023a4                TIM5_IRQHandler
                0x00000000080023a4                DMA2_Stream7_IRQHandler
                0x00000000080023a4                I2C3_EV_IRQHandler
                0x00000000080023a4                EXTI9_5_IRQHandler
                0x00000000080023a4                RTC_WKUP_IRQHandler
                0x00000000080023a4                ETH_WKUP_IRQHandler
                0x00000000080023a4                SPI2_IRQHandler
                0x00000000080023a4                OTG_HS_EP1_IN_IRQHandler
                0x00000000080023a4                DMA1_Stream0_IRQHandler
                0x00000000080023a4                CAN1_TX_IRQHandler
                0x00000000080023a4                EXTI4_IRQHandler
                0x00000000080023a4                FSMC_IRQHandler
                0x00000000080023a4                ETH_IRQHandler
                0x00000000080023a4                OTG_HS_EP1_OUT_IRQHandler
                0x00000000080023a4                WWDG_IRQHandler
                0x00000000080023a4                TIM2_IRQHandler
                0x00000000080023a4                OTG_FS_WKUP_IRQHandler
                0x00000000080023a4                TIM1_TRG_COM_TIM11_IRQHandler
                0x00000000080023a4                OTG_HS_IRQHandler
                0x00000000080023a4                EXTI1_IRQHandler
                0x00000000080023a4                I2C2_ER_IRQHandler
                0x00000000080023a4                DMA2_Stream1_IRQHandler
                0x00000000080023a4                CAN1_SCE_IRQHandler
                0x00000000080023a4                FLASH_IRQHandler
                0x00000000080023a4                DMA2_Stream4_IRQHandler
                0x00000000080023a4                SPI3_IRQHandler
                0x00000000080023a4                DMA1_Stream4_IRQHandler
                0x00000000080023a4                I2C1_ER_IRQHandler
                0x00000000080023a4                DMA2_Stream6_IRQHandler
                0x00000000080023a4                DMA1_Stream3_IRQHandler
 *fill*         0x00000000080023a6        0x2 
 .text.HAL_Init
                0x00000000080023a8       0x44 ./Drivers/STM32F4xx_HAL_Driver/Src/stm32f4xx_hal.o
                0x00000000080023a8                HAL_Init
 .text.HAL_InitTick
                0x00000000080023ec       0x60 ./Drivers/STM32F4xx_HAL_Driver/Src/stm32f4xx_hal.o
                0x00000000080023ec                HAL_InitTick
 .text.HAL_IncTick
                0x000000000800244c       0x28 ./Drivers/STM32F4xx_HAL_Driver/Src/stm32f4xx_hal.o
                0x000000000800244c                HAL_IncTick
 .text.HAL_GetTick
                0x0000000008002474       0x18 ./Drivers/STM32F4xx_HAL_Driver/Src/stm32f4xx_hal.o
                0x0000000008002474                HAL_GetTick
 .text.HAL_Delay
                0x000000000800248c       0x48 ./Drivers/STM32F4xx_HAL_Driver/Src/stm32f4xx_hal.o
                0x000000000800248c                HAL_Delay
 .text.__NVIC_SetPriorityGrouping
                0x00000000080024d4       0x48 ./Drivers/STM32F4xx_HAL_Driver/Src/stm32f4xx_hal_cortex.o
 .text.__NVIC_GetPriorityGrouping
                0x000000000800251c       0x1c ./Drivers/STM32F4xx_HAL_Driver/Src/stm32f4xx_hal_cortex.o
 .text.__NVIC_EnableIRQ
                0x0000000008002538       0x3c ./Drivers/STM32F4xx_HAL_Driver/Src/stm32f4xx_hal_cortex.o
 .text.__NVIC_SetPriority
                0x0000000008002574       0x54 ./Drivers/STM32F4xx_HAL_Driver/Src/stm32f4xx_hal_cortex.o
 .text.NVIC_EncodePriority
                0x00000000080025c8       0x66 ./Drivers/STM32F4xx_HAL_Driver/Src/stm32f4xx_hal_cortex.o
 *fill*         0x000000000800262e        0x2 
 .text.SysTick_Config
                0x0000000008002630       0x44 ./Drivers/STM32F4xx_HAL_Driver/Src/stm32f4xx_hal_cortex.o
 .text.HAL_NVIC_SetPriorityGrouping
                0x0000000008002674       0x16 ./Drivers/STM32F4xx_HAL_Driver/Src/stm32f4xx_hal_cortex.o
                0x0000000008002674                HAL_NVIC_SetPriorityGrouping
 .text.HAL_NVIC_SetPriority
                0x000000000800268a       0x38 ./Drivers/STM32F4xx_HAL_Driver/Src/stm32f4xx_hal_cortex.o
                0x000000000800268a                HAL_NVIC_SetPriority
 .text.HAL_NVIC_EnableIRQ
                0x00000000080026c2       0x1c ./Drivers/STM32F4xx_HAL_Driver/Src/stm32f4xx_hal_cortex.o
                0x00000000080026c2                HAL_NVIC_EnableIRQ
 .text.HAL_SYSTICK_Config
                0x00000000080026de       0x18 ./Drivers/STM32F4xx_HAL_Driver/Src/stm32f4xx_hal_cortex.o
                0x00000000080026de                HAL_SYSTICK_Config
 .text.HAL_DMA_Abort
                0x00000000080026f6       0xe0 ./Drivers/STM32F4xx_HAL_Driver/Src/stm32f4xx_hal_dma.o
                0x00000000080026f6                HAL_DMA_Abort
 .text.HAL_DMA_Abort_IT
                0x00000000080027d6       0x44 ./Drivers/STM32F4xx_HAL_Driver/Src/stm32f4xx_hal_dma.o
                0x00000000080027d6                HAL_DMA_Abort_IT
 *fill*         0x000000000800281a        0x2 
 .text.HAL_GPIO_Init
                0x000000000800281c      0x338 ./Drivers/STM32F4xx_HAL_Driver/Src/stm32f4xx_hal_gpio.o
                0x000000000800281c                HAL_GPIO_Init
 .text.HAL_GPIO_WritePin
                0x0000000008002b54       0x32 ./Drivers/STM32F4xx_HAL_Driver/Src/stm32f4xx_hal_gpio.o
                0x0000000008002b54                HAL_GPIO_WritePin
 .text.HAL_GPIO_TogglePin
                0x0000000008002b86       0x34 ./Drivers/STM32F4xx_HAL_Driver/Src/stm32f4xx_hal_gpio.o
                0x0000000008002b86                HAL_GPIO_TogglePin
 .text.HAL_PCD_Init
                0x0000000008002bba      0x23a ./Drivers/STM32F4xx_HAL_Driver/Src/stm32f4xx_hal_pcd.o
                0x0000000008002bba                HAL_PCD_Init
 .text.HAL_PCD_IRQHandler
                0x0000000008002df4      0x93e ./Drivers/STM32F4xx_HAL_Driver/Src/stm32f4xx_hal_pcd.o
                0x0000000008002df4                HAL_PCD_IRQHandler
 .text.HAL_PCD_DataOutStageCallback
                0x0000000008003732       0x18 ./Drivers/STM32F4xx_HAL_Driver/Src/stm32f4xx_hal_pcd.o
                0x0000000008003732                HAL_PCD_DataOutStageCallback
 .text.HAL_PCD_DataInStageCallback
                0x000000000800374a       0x18 ./Drivers/STM32F4xx_HAL_Driver/Src/stm32f4xx_hal_pcd.o
                0x000000000800374a                HAL_PCD_DataInStageCallback
 .text.HAL_PCD_SetupStageCallback
                0x0000000008003762       0x14 ./Drivers/STM32F4xx_HAL_Driver/Src/stm32f4xx_hal_pcd.o
                0x0000000008003762                HAL_PCD_SetupStageCallback
 .text.HAL_PCD_SOFCallback
                0x0000000008003776       0x14 ./Drivers/STM32F4xx_HAL_Driver/Src/stm32f4xx_hal_pcd.o
                0x0000000008003776                HAL_PCD_SOFCallback
 .text.HAL_PCD_ResetCallback
                0x000000000800378a       0x14 ./Drivers/STM32F4xx_HAL_Driver/Src/stm32f4xx_hal_pcd.o
                0x000000000800378a                HAL_PCD_ResetCallback
 .text.HAL_PCD_SuspendCallback
                0x000000000800379e       0x14 ./Drivers/STM32F4xx_HAL_Driver/Src/stm32f4xx_hal_pcd.o
                0x000000000800379e                HAL_PCD_SuspendCallback
 .text.HAL_PCD_ResumeCallback
                0x00000000080037b2       0x14 ./Drivers/STM32F4xx_HAL_Driver/Src/stm32f4xx_hal_pcd.o
                0x00000000080037b2                HAL_PCD_ResumeCallback
 .text.HAL_PCD_ISOOUTIncompleteCallback
                0x00000000080037c6       0x18 ./Drivers/STM32F4xx_HAL_Driver/Src/stm32f4xx_hal_pcd.o
                0x00000000080037c6                HAL_PCD_ISOOUTIncompleteCallback
 .text.HAL_PCD_ISOINIncompleteCallback
                0x00000000080037de       0x18 ./Drivers/STM32F4xx_HAL_Driver/Src/stm32f4xx_hal_pcd.o
                0x00000000080037de                HAL_PCD_ISOINIncompleteCallback
 .text.HAL_PCD_ConnectCallback
                0x00000000080037f6       0x14 ./Drivers/STM32F4xx_HAL_Driver/Src/stm32f4xx_hal_pcd.o
                0x00000000080037f6                HAL_PCD_ConnectCallback
 .text.HAL_PCD_DisconnectCallback
                0x000000000800380a       0x14 ./Drivers/STM32F4xx_HAL_Driver/Src/stm32f4xx_hal_pcd.o
                0x000000000800380a                HAL_PCD_DisconnectCallback
 .text.HAL_PCD_EP_Abort
                0x000000000800381e       0x62 ./Drivers/STM32F4xx_HAL_Driver/Src/stm32f4xx_hal_pcd.o
                0x000000000800381e                HAL_PCD_EP_Abort
 .text.PCD_WriteEmptyTxFifo
                0x0000000008003880      0x11a ./Drivers/STM32F4xx_HAL_Driver/Src/stm32f4xx_hal_pcd.o
 *fill*         0x000000000800399a        0x2 
 .text.PCD_EP_OutXfrComplete_int
                0x000000000800399c      0x1d0 ./Drivers/STM32F4xx_HAL_Driver/Src/stm32f4xx_hal_pcd.o
 .text.PCD_EP_OutSetupPacket_int
                0x0000000008003b6c       0x8c ./Drivers/STM32F4xx_HAL_Driver/Src/stm32f4xx_hal_pcd.o
 .text.HAL_PCDEx_LPM_Callback
                0x0000000008003bf8       0x18 ./Drivers/STM32F4xx_HAL_Driver/Src/stm32f4xx_hal_pcd_ex.o
                0x0000000008003bf8                HAL_PCDEx_LPM_Callback
 .text.HAL_RCC_OscConfig
                0x0000000008003c10      0x4f0 ./Drivers/STM32F4xx_HAL_Driver/Src/stm32f4xx_hal_rcc.o
                0x0000000008003c10                HAL_RCC_OscConfig
 .text.HAL_RCC_ClockConfig
                0x0000000008004100      0x1cc ./Drivers/STM32F4xx_HAL_Driver/Src/stm32f4xx_hal_rcc.o
                0x0000000008004100                HAL_RCC_ClockConfig
 .text.HAL_RCC_GetSysClockFreq
                0x00000000080042cc      0x20c ./Drivers/STM32F4xx_HAL_Driver/Src/stm32f4xx_hal_rcc.o
                0x00000000080042cc                HAL_RCC_GetSysClockFreq
 .text.HAL_RCC_GetHCLKFreq
                0x00000000080044d8       0x18 ./Drivers/STM32F4xx_HAL_Driver/Src/stm32f4xx_hal_rcc.o
                0x00000000080044d8                HAL_RCC_GetHCLKFreq
 .text.HAL_RCC_GetPCLK1Freq
                0x00000000080044f0       0x28 ./Drivers/STM32F4xx_HAL_Driver/Src/stm32f4xx_hal_rcc.o
                0x00000000080044f0                HAL_RCC_GetPCLK1Freq
 .text.HAL_RCC_GetPCLK2Freq
                0x0000000008004518       0x28 ./Drivers/STM32F4xx_HAL_Driver/Src/stm32f4xx_hal_rcc.o
                0x0000000008004518                HAL_RCC_GetPCLK2Freq
 .text.HAL_SD_Init
                0x0000000008004540       0x60 ./Drivers/STM32F4xx_HAL_Driver/Src/stm32f4xx_hal_sd.o
                0x0000000008004540                HAL_SD_Init
 .text.HAL_SD_InitCard
                0x00000000080045a0      0x100 ./Drivers/STM32F4xx_HAL_Driver/Src/stm32f4xx_hal_sd.o
                0x00000000080045a0                HAL_SD_InitCard
 .text.HAL_SD_ReadBlocks
                0x00000000080046a0      0x3bc ./Drivers/STM32F4xx_HAL_Driver/Src/stm32f4xx_hal_sd.o
                0x00000000080046a0                HAL_SD_ReadBlocks
 .text.HAL_SD_WriteBlocks
                0x0000000008004a5c      0x30c ./Drivers/STM32F4xx_HAL_Driver/Src/stm32f4xx_hal_sd.o
                0x0000000008004a5c                HAL_SD_WriteBlocks
 .text.HAL_SD_GetCardCSD
                0x0000000008004d68      0x348 ./Drivers/STM32F4xx_HAL_Driver/Src/stm32f4xx_hal_sd.o
                0x0000000008004d68                HAL_SD_GetCardCSD
 .text.HAL_SD_GetCardInfo
                0x00000000080050b0       0x58 ./Drivers/STM32F4xx_HAL_Driver/Src/stm32f4xx_hal_sd.o
                0x00000000080050b0                HAL_SD_GetCardInfo
 .text.HAL_SD_ConfigWideBusOperation
                0x0000000008005108      0x134 ./Drivers/STM32F4xx_HAL_Driver/Src/stm32f4xx_hal_sd.o
                0x0000000008005108                HAL_SD_ConfigWideBusOperation
 .text.HAL_SD_GetCardState
                0x000000000800523c       0x40 ./Drivers/STM32F4xx_HAL_Driver/Src/stm32f4xx_hal_sd.o
                0x000000000800523c                HAL_SD_GetCardState
 .text.SD_InitCard
                0x000000000800527c      0x19c ./Drivers/STM32F4xx_HAL_Driver/Src/stm32f4xx_hal_sd.o
 .text.SD_PowerON
                0x0000000008005418      0x11c ./Drivers/STM32F4xx_HAL_Driver/Src/stm32f4xx_hal_sd.o
 .text.SD_SendStatus
                0x0000000008005534       0x50 ./Drivers/STM32F4xx_HAL_Driver/Src/stm32f4xx_hal_sd.o
 .text.SD_WideBus_Enable
                0x0000000008005584       0x96 ./Drivers/STM32F4xx_HAL_Driver/Src/stm32f4xx_hal_sd.o
 .text.SD_WideBus_Disable
                0x000000000800561a       0x96 ./Drivers/STM32F4xx_HAL_Driver/Src/stm32f4xx_hal_sd.o
 .text.SD_FindSCR
                0x00000000080056b0      0x1a6 ./Drivers/STM32F4xx_HAL_Driver/Src/stm32f4xx_hal_sd.o
 .text.HAL_UART_Init
                0x0000000008005856       0x9a ./Drivers/STM32F4xx_HAL_Driver/Src/stm32f4xx_hal_uart.o
                0x0000000008005856                HAL_UART_Init
 .text.HAL_UART_IRQHandler
                0x00000000080058f0      0x51c ./Drivers/STM32F4xx_HAL_Driver/Src/stm32f4xx_hal_uart.o
                0x00000000080058f0                HAL_UART_IRQHandler
 .text.HAL_UART_TxCpltCallback
                0x0000000008005e0c       0x14 ./Drivers/STM32F4xx_HAL_Driver/Src/stm32f4xx_hal_uart.o
                0x0000000008005e0c                HAL_UART_TxCpltCallback
 .text.HAL_UART_RxCpltCallback
                0x0000000008005e20       0x14 ./Drivers/STM32F4xx_HAL_Driver/Src/stm32f4xx_hal_uart.o
                0x0000000008005e20                HAL_UART_RxCpltCallback
 .text.HAL_UART_ErrorCallback
                0x0000000008005e34       0x14 ./Drivers/STM32F4xx_HAL_Driver/Src/stm32f4xx_hal_uart.o
                0x0000000008005e34                HAL_UART_ErrorCallback
 .text.HAL_UARTEx_RxEventCallback
                0x0000000008005e48       0x18 ./Drivers/STM32F4xx_HAL_Driver/Src/stm32f4xx_hal_uart.o
                0x0000000008005e48                HAL_UARTEx_RxEventCallback
 .text.UART_EndRxTransfer
                0x0000000008005e60       0xc6 ./Drivers/STM32F4xx_HAL_Driver/Src/stm32f4xx_hal_uart.o
 .text.UART_DMAAbortOnError
                0x0000000008005f26       0x28 ./Drivers/STM32F4xx_HAL_Driver/Src/stm32f4xx_hal_uart.o
 .text.UART_Transmit_IT
                0x0000000008005f4e       0xa0 ./Drivers/STM32F4xx_HAL_Driver/Src/stm32f4xx_hal_uart.o
 .text.UART_EndTransmit_IT
                0x0000000008005fee       0x30 ./Drivers/STM32F4xx_HAL_Driver/Src/stm32f4xx_hal_uart.o
 .text.UART_Receive_IT
                0x000000000800601e      0x176 ./Drivers/STM32F4xx_HAL_Driver/Src/stm32f4xx_hal_uart.o
 .text.UART_SetConfig
                0x0000000008006194      0x4e8 ./Drivers/STM32F4xx_HAL_Driver/Src/stm32f4xx_hal_uart.o
 .text.SDIO_Init
                0x000000000800667c       0x56 ./Drivers/STM32F4xx_HAL_Driver/Src/stm32f4xx_ll_sdmmc.o
                0x000000000800667c                SDIO_Init
 .text.SDIO_ReadFIFO
                0x00000000080066d2       0x1a ./Drivers/STM32F4xx_HAL_Driver/Src/stm32f4xx_ll_sdmmc.o
                0x00000000080066d2                SDIO_ReadFIFO
 .text.SDIO_WriteFIFO
                0x00000000080066ec       0x22 ./Drivers/STM32F4xx_HAL_Driver/Src/stm32f4xx_ll_sdmmc.o
                0x00000000080066ec                SDIO_WriteFIFO
 .text.SDIO_PowerState_ON
                0x000000000800670e       0x1c ./Drivers/STM32F4xx_HAL_Driver/Src/stm32f4xx_ll_sdmmc.o
                0x000000000800670e                SDIO_PowerState_ON
 .text.SDIO_GetPowerState
                0x000000000800672a       0x1c ./Drivers/STM32F4xx_HAL_Driver/Src/stm32f4xx_ll_sdmmc.o
                0x000000000800672a                SDIO_GetPowerState
 .text.SDIO_SendCommand
                0x0000000008006746       0x54 ./Drivers/STM32F4xx_HAL_Driver/Src/stm32f4xx_ll_sdmmc.o
                0x0000000008006746                SDIO_SendCommand
 .text.SDIO_GetCommandResponse
                0x000000000800679a       0x1a ./Drivers/STM32F4xx_HAL_Driver/Src/stm32f4xx_ll_sdmmc.o
                0x000000000800679a                SDIO_GetCommandResponse
 .text.SDIO_GetResponse
                0x00000000080067b4       0x26 ./Drivers/STM32F4xx_HAL_Driver/Src/stm32f4xx_ll_sdmmc.o
                0x00000000080067b4                SDIO_GetResponse
 .text.SDIO_ConfigData
                0x00000000080067da       0x58 ./Drivers/STM32F4xx_HAL_Driver/Src/stm32f4xx_ll_sdmmc.o
                0x00000000080067da                SDIO_ConfigData
 .text.SDMMC_CmdBlockLength
                0x0000000008006832       0x44 ./Drivers/STM32F4xx_HAL_Driver/Src/stm32f4xx_ll_sdmmc.o
                0x0000000008006832                SDMMC_CmdBlockLength
 .text.SDMMC_CmdReadSingleBlock
                0x0000000008006876       0x44 ./Drivers/STM32F4xx_HAL_Driver/Src/stm32f4xx_ll_sdmmc.o
                0x0000000008006876                SDMMC_CmdReadSingleBlock
 .text.SDMMC_CmdReadMultiBlock
                0x00000000080068ba       0x44 ./Drivers/STM32F4xx_HAL_Driver/Src/stm32f4xx_ll_sdmmc.o
                0x00000000080068ba                SDMMC_CmdReadMultiBlock
 .text.SDMMC_CmdWriteSingleBlock
                0x00000000080068fe       0x44 ./Drivers/STM32F4xx_HAL_Driver/Src/stm32f4xx_ll_sdmmc.o
                0x00000000080068fe                SDMMC_CmdWriteSingleBlock
 .text.SDMMC_CmdWriteMultiBlock
                0x0000000008006942       0x44 ./Drivers/STM32F4xx_HAL_Driver/Src/stm32f4xx_ll_sdmmc.o
                0x0000000008006942                SDMMC_CmdWriteMultiBlock
 *fill*         0x0000000008006986        0x2 
 .text.SDMMC_CmdStopTransfer
                0x0000000008006988       0x44 ./Drivers/STM32F4xx_HAL_Driver/Src/stm32f4xx_ll_sdmmc.o
                0x0000000008006988                SDMMC_CmdStopTransfer
 .text.SDMMC_CmdSelDesel
                0x00000000080069cc       0x46 ./Drivers/STM32F4xx_HAL_Driver/Src/stm32f4xx_ll_sdmmc.o
                0x00000000080069cc                SDMMC_CmdSelDesel
 .text.SDMMC_CmdGoIdleState
                0x0000000008006a12       0x3c ./Drivers/STM32F4xx_HAL_Driver/Src/stm32f4xx_ll_sdmmc.o
                0x0000000008006a12                SDMMC_CmdGoIdleState
 .text.SDMMC_CmdOperCond
                0x0000000008006a4e       0x3e ./Drivers/STM32F4xx_HAL_Driver/Src/stm32f4xx_ll_sdmmc.o
                0x0000000008006a4e                SDMMC_CmdOperCond
 .text.SDMMC_CmdAppCommand
                0x0000000008006a8c       0x44 ./Drivers/STM32F4xx_HAL_Driver/Src/stm32f4xx_ll_sdmmc.o
                0x0000000008006a8c                SDMMC_CmdAppCommand
 .text.SDMMC_CmdAppOperCommand
                0x0000000008006ad0       0x46 ./Drivers/STM32F4xx_HAL_Driver/Src/stm32f4xx_ll_sdmmc.o
                0x0000000008006ad0                SDMMC_CmdAppOperCommand
 .text.SDMMC_CmdBusWidth
                0x0000000008006b16       0x44 ./Drivers/STM32F4xx_HAL_Driver/Src/stm32f4xx_ll_sdmmc.o
                0x0000000008006b16                SDMMC_CmdBusWidth
 .text.SDMMC_CmdSendSCR
                0x0000000008006b5a       0x42 ./Drivers/STM32F4xx_HAL_Driver/Src/stm32f4xx_ll_sdmmc.o
                0x0000000008006b5a                SDMMC_CmdSendSCR
 .text.SDMMC_CmdSendCID
                0x0000000008006b9c       0x3c ./Drivers/STM32F4xx_HAL_Driver/Src/stm32f4xx_ll_sdmmc.o
                0x0000000008006b9c                SDMMC_CmdSendCID
 .text.SDMMC_CmdSendCSD
                0x0000000008006bd8       0x3e ./Drivers/STM32F4xx_HAL_Driver/Src/stm32f4xx_ll_sdmmc.o
                0x0000000008006bd8                SDMMC_CmdSendCSD
 .text.SDMMC_CmdSetRelAdd
                0x0000000008006c16       0x42 ./Drivers/STM32F4xx_HAL_Driver/Src/stm32f4xx_ll_sdmmc.o
                0x0000000008006c16                SDMMC_CmdSetRelAdd
 .text.SDMMC_CmdSendStatus
                0x0000000008006c58       0x44 ./Drivers/STM32F4xx_HAL_Driver/Src/stm32f4xx_ll_sdmmc.o
                0x0000000008006c58                SDMMC_CmdSendStatus
 .text.SDMMC_GetCmdResp1
                0x0000000008006c9c      0x1dc ./Drivers/STM32F4xx_HAL_Driver/Src/stm32f4xx_ll_sdmmc.o
                0x0000000008006c9c                SDMMC_GetCmdResp1
 .text.SDMMC_GetCmdResp2
                0x0000000008006e78       0x90 ./Drivers/STM32F4xx_HAL_Driver/Src/stm32f4xx_ll_sdmmc.o
                0x0000000008006e78                SDMMC_GetCmdResp2
 .text.SDMMC_GetCmdResp3
                0x0000000008006f08       0x7c ./Drivers/STM32F4xx_HAL_Driver/Src/stm32f4xx_ll_sdmmc.o
                0x0000000008006f08                SDMMC_GetCmdResp3
 .text.SDMMC_GetCmdResp6
                0x0000000008006f84       0xec ./Drivers/STM32F4xx_HAL_Driver/Src/stm32f4xx_ll_sdmmc.o
                0x0000000008006f84                SDMMC_GetCmdResp6
 .text.SDMMC_GetCmdResp7
                0x0000000008007070       0x9c ./Drivers/STM32F4xx_HAL_Driver/Src/stm32f4xx_ll_sdmmc.o
                0x0000000008007070                SDMMC_GetCmdResp7
 .text.SDMMC_GetCmdError
                0x000000000800710c       0x58 ./Drivers/STM32F4xx_HAL_Driver/Src/stm32f4xx_ll_sdmmc.o
 .text.USB_CoreInit
                0x0000000008007164       0xc2 ./Drivers/STM32F4xx_HAL_Driver/Src/stm32f4xx_ll_usb.o
                0x0000000008007164                USB_CoreInit
 *fill*         0x0000000008007226        0x2 
 .text.USB_SetTurnaroundTime
                0x0000000008007228      0x144 ./Drivers/STM32F4xx_HAL_Driver/Src/stm32f4xx_ll_usb.o
                0x0000000008007228                USB_SetTurnaroundTime
 .text.USB_DisableGlobalInt
                0x000000000800736c       0x22 ./Drivers/STM32F4xx_HAL_Driver/Src/stm32f4xx_ll_usb.o
                0x000000000800736c                USB_DisableGlobalInt
 .text.USB_SetCurrentMode
                0x000000000800738e       0x98 ./Drivers/STM32F4xx_HAL_Driver/Src/stm32f4xx_ll_usb.o
                0x000000000800738e                USB_SetCurrentMode
 *fill*         0x0000000008007426        0x2 
 .text.USB_DevInit
                0x0000000008007428      0x2c8 ./Drivers/STM32F4xx_HAL_Driver/Src/stm32f4xx_ll_usb.o
                0x0000000008007428                USB_DevInit
 .text.USB_FlushTxFifo
                0x00000000080076f0       0x68 ./Drivers/STM32F4xx_HAL_Driver/Src/stm32f4xx_ll_usb.o
                0x00000000080076f0                USB_FlushTxFifo
 .text.USB_FlushRxFifo
                0x0000000008007758       0x60 ./Drivers/STM32F4xx_HAL_Driver/Src/stm32f4xx_ll_usb.o
                0x0000000008007758                USB_FlushRxFifo
 .text.USB_SetDevSpeed
                0x00000000080077b8       0x32 ./Drivers/STM32F4xx_HAL_Driver/Src/stm32f4xx_ll_usb.o
                0x00000000080077b8                USB_SetDevSpeed
 .text.USB_GetDevSpeed
                0x00000000080077ea       0x4a ./Drivers/STM32F4xx_HAL_Driver/Src/stm32f4xx_ll_usb.o
                0x00000000080077ea                USB_GetDevSpeed
 .text.USB_EPStopXfer
                0x0000000008007834      0x154 ./Drivers/STM32F4xx_HAL_Driver/Src/stm32f4xx_ll_usb.o
                0x0000000008007834                USB_EPStopXfer
 .text.USB_WritePacket
                0x0000000008007988       0x7c ./Drivers/STM32F4xx_HAL_Driver/Src/stm32f4xx_ll_usb.o
                0x0000000008007988                USB_WritePacket
 .text.USB_ReadPacket
                0x0000000008007a04       0xb0 ./Drivers/STM32F4xx_HAL_Driver/Src/stm32f4xx_ll_usb.o
                0x0000000008007a04                USB_ReadPacket
 .text.USB_DevDisconnect
                0x0000000008007ab4       0x42 ./Drivers/STM32F4xx_HAL_Driver/Src/stm32f4xx_ll_usb.o
                0x0000000008007ab4                USB_DevDisconnect
 .text.USB_ReadInterrupts
                0x0000000008007af6       0x26 ./Drivers/STM32F4xx_HAL_Driver/Src/stm32f4xx_ll_usb.o
                0x0000000008007af6                USB_ReadInterrupts
 .text.USB_ReadDevAllOutEpInterrupt
                0x0000000008007b1c       0x34 ./Drivers/STM32F4xx_HAL_Driver/Src/stm32f4xx_ll_usb.o
                0x0000000008007b1c                USB_ReadDevAllOutEpInterrupt
 .text.USB_ReadDevAllInEpInterrupt
                0x0000000008007b50       0x34 ./Drivers/STM32F4xx_HAL_Driver/Src/stm32f4xx_ll_usb.o
                0x0000000008007b50                USB_ReadDevAllInEpInterrupt
 .text.USB_ReadDevOutEPInterrupt
                0x0000000008007b84       0x3c ./Drivers/STM32F4xx_HAL_Driver/Src/stm32f4xx_ll_usb.o
                0x0000000008007b84                USB_ReadDevOutEPInterrupt
 .text.USB_ReadDevInEPInterrupt
                0x0000000008007bc0       0x5c ./Drivers/STM32F4xx_HAL_Driver/Src/stm32f4xx_ll_usb.o
                0x0000000008007bc0                USB_ReadDevInEPInterrupt
 .text.USB_GetMode
                0x0000000008007c1c       0x1c ./Drivers/STM32F4xx_HAL_Driver/Src/stm32f4xx_ll_usb.o
                0x0000000008007c1c                USB_GetMode
 .text.USB_ActivateSetup
                0x0000000008007c38       0x46 ./Drivers/STM32F4xx_HAL_Driver/Src/stm32f4xx_ll_usb.o
                0x0000000008007c38                USB_ActivateSetup
 *fill*         0x0000000008007c7e        0x2 
 .text.USB_EP0_OutStart
                0x0000000008007c80       0xbc ./Drivers/STM32F4xx_HAL_Driver/Src/stm32f4xx_ll_usb.o
                0x0000000008007c80                USB_EP0_OutStart
 .text.USB_CoreReset
                0x0000000008007d3c       0x68 ./Drivers/STM32F4xx_HAL_Driver/Src/stm32f4xx_ll_usb.o
 .text.MX_FATFS_Init
                0x0000000008007da4       0x24 ./FATFS/App/fatfs.o
                0x0000000008007da4                MX_FATFS_Init
 .text.get_fattime
                0x0000000008007dc8       0x10 ./FATFS/App/fatfs.o
                0x0000000008007dc8                get_fattime
 .text.BSP_SD_Init
                0x0000000008007dd8       0x4c ./FATFS/Target/bsp_driver_sd.o
                0x0000000008007dd8                BSP_SD_Init
 .text.BSP_SD_ReadBlocks
                0x0000000008007e24       0x3c ./FATFS/Target/bsp_driver_sd.o
                0x0000000008007e24                BSP_SD_ReadBlocks
 .text.BSP_SD_WriteBlocks
                0x0000000008007e60       0x3c ./FATFS/Target/bsp_driver_sd.o
                0x0000000008007e60                BSP_SD_WriteBlocks
 .text.BSP_SD_GetCardState
                0x0000000008007e9c       0x20 ./FATFS/Target/bsp_driver_sd.o
                0x0000000008007e9c                BSP_SD_GetCardState
 .text.BSP_SD_GetCardInfo
                0x0000000008007ebc       0x1c ./FATFS/Target/bsp_driver_sd.o
                0x0000000008007ebc                BSP_SD_GetCardInfo
 .text.BSP_SD_IsDetected
                0x0000000008007ed8       0x1a ./FATFS/Target/bsp_driver_sd.o
                0x0000000008007ed8                BSP_SD_IsDetected
 *fill*         0x0000000008007ef2        0x2 
 .text.SD_CheckStatus
                0x0000000008007ef4       0x3c ./FATFS/Target/sd_diskio.o
 .text.SD_initialize
                0x0000000008007f30       0x3c ./FATFS/Target/sd_diskio.o
                0x0000000008007f30                SD_initialize
 .text.SD_status
                0x0000000008007f6c       0x1c ./FATFS/Target/sd_diskio.o
                0x0000000008007f6c                SD_status
 .text.SD_read  0x0000000008007f88       0x42 ./FATFS/Target/sd_diskio.o
                0x0000000008007f88                SD_read
 .text.SD_write
                0x0000000008007fca       0x42 ./FATFS/Target/sd_diskio.o
                0x0000000008007fca                SD_write
 .text.SD_ioctl
                0x000000000800800c       0xb0 ./FATFS/Target/sd_diskio.o
                0x000000000800800c                SD_ioctl
 .text.disk_status
                0x00000000080080bc       0x34 ./Middlewares/Third_Party/FatFs/src/diskio.o
                0x00000000080080bc                disk_status
 .text.disk_initialize
                0x00000000080080f0       0x4c ./Middlewares/Third_Party/FatFs/src/diskio.o
                0x00000000080080f0                disk_initialize
 .text.disk_read
                0x000000000800813c       0x40 ./Middlewares/Third_Party/FatFs/src/diskio.o
                0x000000000800813c                disk_read
 .text.disk_write
                0x000000000800817c       0x40 ./Middlewares/Third_Party/FatFs/src/diskio.o
                0x000000000800817c                disk_write
 .text.disk_ioctl
                0x00000000080081bc       0x3c ./Middlewares/Third_Party/FatFs/src/diskio.o
                0x00000000080081bc                disk_ioctl
 .text.ld_word  0x00000000080081f8       0x30 ./Middlewares/Third_Party/FatFs/src/ff.o
 .text.ld_dword
                0x0000000008008228       0x46 ./Middlewares/Third_Party/FatFs/src/ff.o
 .text.st_word  0x000000000800826e       0x36 ./Middlewares/Third_Party/FatFs/src/ff.o
 .text.st_dword
                0x00000000080082a4       0x58 ./Middlewares/Third_Party/FatFs/src/ff.o
 .text.mem_cpy  0x00000000080082fc       0x42 ./Middlewares/Third_Party/FatFs/src/ff.o
 .text.mem_set  0x000000000800833e       0x36 ./Middlewares/Third_Party/FatFs/src/ff.o
 .text.mem_cmp  0x0000000008008374       0x4e ./Middlewares/Third_Party/FatFs/src/ff.o
 .text.chk_chr  0x00000000080083c2       0x36 ./Middlewares/Third_Party/FatFs/src/ff.o
 .text.chk_lock
                0x00000000080083f8       0xb8 ./Middlewares/Third_Party/FatFs/src/ff.o
 .text.enq_lock
                0x00000000080084b0       0x44 ./Middlewares/Third_Party/FatFs/src/ff.o
 .text.inc_lock
                0x00000000080084f4      0x11c ./Middlewares/Third_Party/FatFs/src/ff.o
 .text.dec_lock
                0x0000000008008610       0x78 ./Middlewares/Third_Party/FatFs/src/ff.o
 .text.clear_lock
                0x0000000008008688       0x48 ./Middlewares/Third_Party/FatFs/src/ff.o
 .text.sync_window
                0x00000000080086d0       0x88 ./Middlewares/Third_Party/FatFs/src/ff.o
 .text.move_window
                0x0000000008008758       0x5a ./Middlewares/Third_Party/FatFs/src/ff.o
 *fill*         0x00000000080087b2        0x2 
 .text.sync_fs  0x00000000080087b4       0xe0 ./Middlewares/Third_Party/FatFs/src/ff.o
 .text.clust2sect
                0x0000000008008894       0x3e ./Middlewares/Third_Party/FatFs/src/ff.o
 .text.get_fat  0x00000000080088d2      0x1a8 ./Middlewares/Third_Party/FatFs/src/ff.o
 .text.put_fat  0x0000000008008a7a      0x238 ./Middlewares/Third_Party/FatFs/src/ff.o
 .text.remove_chain
                0x0000000008008cb2       0xca ./Middlewares/Third_Party/FatFs/src/ff.o
 .text.create_chain
                0x0000000008008d7c      0x130 ./Middlewares/Third_Party/FatFs/src/ff.o
 .text.clmt_clust
                0x0000000008008eac       0x70 ./Middlewares/Third_Party/FatFs/src/ff.o
 .text.dir_sdi  0x0000000008008f1c      0x112 ./Middlewares/Third_Party/FatFs/src/ff.o
 .text.dir_next
                0x000000000800902e      0x1ac ./Middlewares/Third_Party/FatFs/src/ff.o
 .text.dir_alloc
                0x00000000080091da       0x8e ./Middlewares/Third_Party/FatFs/src/ff.o
 .text.ld_clust
                0x0000000008009268       0x3e ./Middlewares/Third_Party/FatFs/src/ff.o
 .text.st_clust
                0x00000000080092a6       0x40 ./Middlewares/Third_Party/FatFs/src/ff.o
 .text.dir_read
                0x00000000080092e6       0xba ./Middlewares/Third_Party/FatFs/src/ff.o
 .text.dir_find
                0x00000000080093a0       0xaa ./Middlewares/Third_Party/FatFs/src/ff.o
 .text.dir_register
                0x000000000800944a       0x64 ./Middlewares/Third_Party/FatFs/src/ff.o
 .text.dir_remove
                0x00000000080094ae       0x3c ./Middlewares/Third_Party/FatFs/src/ff.o
 .text.get_fileinfo
                0x00000000080094ea       0xbe ./Middlewares/Third_Party/FatFs/src/ff.o
 .text.create_name
                0x00000000080095a8      0x128 ./Middlewares/Third_Party/FatFs/src/ff.o
 .text.follow_path
                0x00000000080096d0       0xec ./Middlewares/Third_Party/FatFs/src/ff.o
 .text.get_ldnumber
                0x00000000080097bc       0x88 ./Middlewares/Third_Party/FatFs/src/ff.o
 .text.check_fs
                0x0000000008009844       0xac ./Middlewares/Third_Party/FatFs/src/ff.o
 .text.find_volume
                0x00000000080098f0      0x500 ./Middlewares/Third_Party/FatFs/src/ff.o
 .text.validate
                0x0000000008009df0       0x6a ./Middlewares/Third_Party/FatFs/src/ff.o
 *fill*         0x0000000008009e5a        0x2 
 .text.f_mount  0x0000000008009e5c       0x8c ./Middlewares/Third_Party/FatFs/src/ff.o
                0x0000000008009e5c                f_mount
 .text.f_open   0x0000000008009ee8      0x398 ./Middlewares/Third_Party/FatFs/src/ff.o
                0x0000000008009ee8                f_open
 .text.f_read   0x000000000800a280      0x2be ./Middlewares/Third_Party/FatFs/src/ff.o
                0x000000000800a280                f_read
 .text.f_write  0x000000000800a53e      0x328 ./Middlewares/Third_Party/FatFs/src/ff.o
                0x000000000800a53e                f_write
 .text.f_sync   0x000000000800a866       0xfc ./Middlewares/Third_Party/FatFs/src/ff.o
                0x000000000800a866                f_sync
 .text.f_close  0x000000000800a962       0x54 ./Middlewares/Third_Party/FatFs/src/ff.o
                0x000000000800a962                f_close
 .text.f_opendir
                0x000000000800a9b6       0xe6 ./Middlewares/Third_Party/FatFs/src/ff.o
                0x000000000800a9b6                f_opendir
 .text.f_closedir
                0x000000000800aa9c       0x4c ./Middlewares/Third_Party/FatFs/src/ff.o
                0x000000000800aa9c                f_closedir
 .text.f_readdir
                0x000000000800aae8       0x7a ./Middlewares/Third_Party/FatFs/src/ff.o
                0x000000000800aae8                f_readdir
 .text.f_stat   0x000000000800ab62       0x72 ./Middlewares/Third_Party/FatFs/src/ff.o
                0x000000000800ab62                f_stat
 .text.f_getfree
                0x000000000800abd4      0x16a ./Middlewares/Third_Party/FatFs/src/ff.o
                0x000000000800abd4                f_getfree
 .text.f_unlink
                0x000000000800ad3e      0x156 ./Middlewares/Third_Party/FatFs/src/ff.o
                0x000000000800ad3e                f_unlink
 .text.f_mkdir  0x000000000800ae94      0x21a ./Middlewares/Third_Party/FatFs/src/ff.o
                0x000000000800ae94                f_mkdir
 *fill*         0x000000000800b0ae        0x2 
 .text.FATFS_LinkDriverEx
                0x000000000800b0b0       0x98 ./Middlewares/Third_Party/FatFs/src/ff_gen_drv.o
                0x000000000800b0b0                FATFS_LinkDriverEx
 .text.FATFS_LinkDriver
                0x000000000800b148       0x1e ./Middlewares/Third_Party/FatFs/src/ff_gen_drv.o
                0x000000000800b148                FATFS_LinkDriver
 *fill*         0x000000000800b166        0x2 
 .text.__errno  0x000000000800b168        0xc c:/st/stm32cubeide_1.9.0/stm32cubeide/plugins/com.st.stm32cube.ide.mcu.externaltools.gnu-tools-for-stm32.10.3-2021.10.win32_1.0.0.202111181127/tools/bin/../lib/gcc/arm-none-eabi/10.3.1/../../../../arm-none-eabi/lib/thumb/v7e-m+fp/hard\libc_nano.a(lib_a-errno.o)
                0x000000000800b168                __errno
 .text.__libc_init_array
                0x000000000800b174       0x48 c:/st/stm32cubeide_1.9.0/stm32cubeide/plugins/com.st.stm32cube.ide.mcu.externaltools.gnu-tools-for-stm32.10.3-2021.10.win32_1.0.0.202111181127/tools/bin/../lib/gcc/arm-none-eabi/10.3.1/../../../../arm-none-eabi/lib/thumb/v7e-m+fp/hard\libc_nano.a(lib_a-init.o)
                0x000000000800b174                __libc_init_array
 .text.memset   0x000000000800b1bc       0x10 c:/st/stm32cubeide_1.9.0/stm32cubeide/plugins/com.st.stm32cube.ide.mcu.externaltools.gnu-tools-for-stm32.10.3-2021.10.win32_1.0.0.202111181127/tools/bin/../lib/gcc/arm-none-eabi/10.3.1/../../../../arm-none-eabi/lib/thumb/v7e-m+fp/hard\libc_nano.a(lib_a-memset.o)
                0x000000000800b1bc                memset
 .text.sprintf  0x000000000800b1cc       0x40 c:/st/stm32cubeide_1.9.0/stm32cubeide/plugins/com.st.stm32cube.ide.mcu.externaltools.gnu-tools-for-stm32.10.3-2021.10.win32_1.0.0.202111181127/tools/bin/../lib/gcc/arm-none-eabi/10.3.1/../../../../arm-none-eabi/lib/thumb/v7e-m+fp/hard\libc_nano.a(lib_a-sprintf.o)
                0x000000000800b1cc                siprintf
                0x000000000800b1cc                sprintf
 .text.strncmp  0x000000000800b20c       0x28 c:/st/stm32cubeide_1.9.0/stm32cubeide/plugins/com.st.stm32cube.ide.mcu.externaltools.gnu-tools-for-stm32.10.3-2021.10.win32_1.0.0.202111181127/tools/bin/../lib/gcc/arm-none-eabi/10.3.1/../../../../arm-none-eabi/lib/thumb/v7e-m+fp/hard\libc_nano.a(lib_a-strncmp.o)
                0x000000000800b20c                strncmp
 .text.__ssputs_r
                0x000000000800b234       0xb6 c:/st/stm32cubeide_1.9.0/stm32cubeide/plugins/com.st.stm32cube.ide.mcu.externaltools.gnu-tools-for-stm32.10.3-2021.10.win32_1.0.0.202111181127/tools/bin/../lib/gcc/arm-none-eabi/10.3.1/../../../../arm-none-eabi/lib/thumb/v7e-m+fp/hard\libc_nano.a(lib_a-nano-svfprintf.o)
                0x000000000800b234                __ssputs_r
 *fill*         0x000000000800b2ea        0x2 
 .text._svfprintf_r
                0x000000000800b2ec      0x200 c:/st/stm32cubeide_1.9.0/stm32cubeide/plugins/com.st.stm32cube.ide.mcu.externaltools.gnu-tools-for-stm32.10.3-2021.10.win32_1.0.0.202111181127/tools/bin/../lib/gcc/arm-none-eabi/10.3.1/../../../../arm-none-eabi/lib/thumb/v7e-m+fp/hard\libc_nano.a(lib_a-nano-svfprintf.o)
                0x000000000800b2ec                _svfiprintf_r
                0x000000000800b2ec                _svfprintf_r
 .text._printf_common
                0x000000000800b4ec       0xda c:/st/stm32cubeide_1.9.0/stm32cubeide/plugins/com.st.stm32cube.ide.mcu.externaltools.gnu-tools-for-stm32.10.3-2021.10.win32_1.0.0.202111181127/tools/bin/../lib/gcc/arm-none-eabi/10.3.1/../../../../arm-none-eabi/lib/thumb/v7e-m+fp/hard\libc_nano.a(lib_a-nano-vfprintf_i.o)
                0x000000000800b4ec                _printf_common
 *fill*         0x000000000800b5c6        0x2 
 .text._printf_i
                0x000000000800b5c8      0x24c c:/st/stm32cubeide_1.9.0/stm32cubeide/plugins/com.st.stm32cube.ide.mcu.externaltools.gnu-tools-for-stm32.10.3-2021.10.win32_1.0.0.202111181127/tools/bin/../lib/gcc/arm-none-eabi/10.3.1/../../../../arm-none-eabi/lib/thumb/v7e-m+fp/hard\libc_nano.a(lib_a-nano-vfprintf_i.o)
                0x000000000800b5c8                _printf_i
 .text.memcpy   0x000000000800b814       0x1c c:/st/stm32cubeide_1.9.0/stm32cubeide/plugins/com.st.stm32cube.ide.mcu.externaltools.gnu-tools-for-stm32.10.3-2021.10.win32_1.0.0.202111181127/tools/bin/../lib/gcc/arm-none-eabi/10.3.1/../../../../arm-none-eabi/lib/thumb/v7e-m+fp/hard\libc_nano.a(lib_a-memcpy-stub.o)
                0x000000000800b814                memcpy
 .text.memmove  0x000000000800b830       0x34 c:/st/stm32cubeide_1.9.0/stm32cubeide/plugins/com.st.stm32cube.ide.mcu.externaltools.gnu-tools-for-stm32.10.3-2021.10.win32_1.0.0.202111181127/tools/bin/../lib/gcc/arm-none-eabi/10.3.1/../../../../arm-none-eabi/lib/thumb/v7e-m+fp/hard\libc_nano.a(lib_a-memmove.o)
                0x000000000800b830                memmove
 .text._free_r  0x000000000800b864       0x98 c:/st/stm32cubeide_1.9.0/stm32cubeide/plugins/com.st.stm32cube.ide.mcu.externaltools.gnu-tools-for-stm32.10.3-2021.10.win32_1.0.0.202111181127/tools/bin/../lib/gcc/arm-none-eabi/10.3.1/../../../../arm-none-eabi/lib/thumb/v7e-m+fp/hard\libc_nano.a(lib_a-nano-freer.o)
                0x000000000800b864                _free_r
 .text.sbrk_aligned
                0x000000000800b8fc       0x40 c:/st/stm32cubeide_1.9.0/stm32cubeide/plugins/com.st.stm32cube.ide.mcu.externaltools.gnu-tools-for-stm32.10.3-2021.10.win32_1.0.0.202111181127/tools/bin/../lib/gcc/arm-none-eabi/10.3.1/../../../../arm-none-eabi/lib/thumb/v7e-m+fp/hard\libc_nano.a(lib_a-nano-mallocr.o)
 .text._malloc_r
                0x000000000800b93c       0xe8 c:/st/stm32cubeide_1.9.0/stm32cubeide/plugins/com.st.stm32cube.ide.mcu.externaltools.gnu-tools-for-stm32.10.3-2021.10.win32_1.0.0.202111181127/tools/bin/../lib/gcc/arm-none-eabi/10.3.1/../../../../arm-none-eabi/lib/thumb/v7e-m+fp/hard\libc_nano.a(lib_a-nano-mallocr.o)
                0x000000000800b93c                _malloc_r
 .text._realloc_r
                0x000000000800ba24       0x5e c:/st/stm32cubeide_1.9.0/stm32cubeide/plugins/com.st.stm32cube.ide.mcu.externaltools.gnu-tools-for-stm32.10.3-2021.10.win32_1.0.0.202111181127/tools/bin/../lib/gcc/arm-none-eabi/10.3.1/../../../../arm-none-eabi/lib/thumb/v7e-m+fp/hard\libc_nano.a(lib_a-nano-reallocr.o)
                0x000000000800ba24                _realloc_r
 *fill*         0x000000000800ba82        0x2 
 .text._sbrk_r  0x000000000800ba84       0x20 c:/st/stm32cubeide_1.9.0/stm32cubeide/plugins/com.st.stm32cube.ide.mcu.externaltools.gnu-tools-for-stm32.10.3-2021.10.win32_1.0.0.202111181127/tools/bin/../lib/gcc/arm-none-eabi/10.3.1/../../../../arm-none-eabi/lib/thumb/v7e-m+fp/hard\libc_nano.a(lib_a-sbrkr.o)
                0x000000000800ba84                _sbrk_r
 .text.__malloc_lock
                0x000000000800baa4        0xc c:/st/stm32cubeide_1.9.0/stm32cubeide/plugins/com.st.stm32cube.ide.mcu.externaltools.gnu-tools-for-stm32.10.3-2021.10.win32_1.0.0.202111181127/tools/bin/../lib/gcc/arm-none-eabi/10.3.1/../../../../arm-none-eabi/lib/thumb/v7e-m+fp/hard\libc_nano.a(lib_a-mlock.o)
                0x000000000800baa4                __malloc_lock
 .text.__malloc_unlock
                0x000000000800bab0        0xc c:/st/stm32cubeide_1.9.0/stm32cubeide/plugins/com.st.stm32cube.ide.mcu.externaltools.gnu-tools-for-stm32.10.3-2021.10.win32_1.0.0.202111181127/tools/bin/../lib/gcc/arm-none-eabi/10.3.1/../../../../arm-none-eabi/lib/thumb/v7e-m+fp/hard\libc_nano.a(lib_a-mlock.o)
                0x000000000800bab0                __malloc_unlock
 .text._malloc_usable_size_r
                0x000000000800babc       0x10 c:/st/stm32cubeide_1.9.0/stm32cubeide/plugins/com.st.stm32cube.ide.mcu.externaltools.gnu-tools-for-stm32.10.3-2021.10.win32_1.0.0.202111181127/tools/bin/../lib/gcc/arm-none-eabi/10.3.1/../../../../arm-none-eabi/lib/thumb/v7e-m+fp/hard\libc_nano.a(lib_a-nano-msizer.o)
                0x000000000800babc                _malloc_usable_size_r
 .text.__retarget_lock_acquire_recursive
                0x000000000800bacc        0x2 c:/st/stm32cubeide_1.9.0/stm32cubeide/plugins/com.st.stm32cube.ide.mcu.externaltools.gnu-tools-for-stm32.10.3-2021.10.win32_1.0.0.202111181127/tools/bin/../lib/gcc/arm-none-eabi/10.3.1/../../../../arm-none-eabi/lib/thumb/v7e-m+fp/hard\libc_nano.a(lib_a-lock.o)
                0x000000000800bacc                __retarget_lock_acquire_recursive
 .text.__retarget_lock_release_recursive
                0x000000000800bace        0x2 c:/st/stm32cubeide_1.9.0/stm32cubeide/plugins/com.st.stm32cube.ide.mcu.externaltools.gnu-tools-for-stm32.10.3-2021.10.win32_1.0.0.202111181127/tools/bin/../lib/gcc/arm-none-eabi/10.3.1/../../../../arm-none-eabi/lib/thumb/v7e-m+fp/hard\libc_nano.a(lib_a-lock.o)
                0x000000000800bace                __retarget_lock_release_recursive
 *(.glue_7)
 .glue_7        0x000000000800bad0        0x0 linker stubs
 *(.glue_7t)
 .glue_7t       0x000000000800bad0        0x0 linker stubs
 *(.eh_frame)
 .eh_frame      0x000000000800bad0        0x0 c:/st/stm32cubeide_1.9.0/stm32cubeide/plugins/com.st.stm32cube.ide.mcu.externaltools.gnu-tools-for-stm32.10.3-2021.10.win32_1.0.0.202111181127/tools/bin/../lib/gcc/arm-none-eabi/10.3.1/thumb/v7e-m+fp/hard/crtbegin.o
 *(.init)
 .init          0x000000000800bad0        0x4 c:/st/stm32cubeide_1.9.0/stm32cubeide/plugins/com.st.stm32cube.ide.mcu.externaltools.gnu-tools-for-stm32.10.3-2021.10.win32_1.0.0.202111181127/tools/bin/../lib/gcc/arm-none-eabi/10.3.1/thumb/v7e-m+fp/hard/crti.o
                0x000000000800bad0                _init
 .init          0x000000000800bad4        0x8 c:/st/stm32cubeide_1.9.0/stm32cubeide/plugins/com.st.stm32cube.ide.mcu.externaltools.gnu-tools-for-stm32.10.3-2021.10.win32_1.0.0.202111181127/tools/bin/../lib/gcc/arm-none-eabi/10.3.1/thumb/v7e-m+fp/hard/crtn.o
 *(.fini)
 .fini          0x000000000800badc        0x4 c:/st/stm32cubeide_1.9.0/stm32cubeide/plugins/com.st.stm32cube.ide.mcu.externaltools.gnu-tools-for-stm32.10.3-2021.10.win32_1.0.0.202111181127/tools/bin/../lib/gcc/arm-none-eabi/10.3.1/thumb/v7e-m+fp/hard/crti.o
                0x000000000800badc                _fini
 .fini          0x000000000800bae0        0x8 c:/st/stm32cubeide_1.9.0/stm32cubeide/plugins/com.st.stm32cube.ide.mcu.externaltools.gnu-tools-for-stm32.10.3-2021.10.win32_1.0.0.202111181127/tools/bin/../lib/gcc/arm-none-eabi/10.3.1/thumb/v7e-m+fp/hard/crtn.o
                0x000000000800bae8                . = ALIGN (0x4)
                0x000000000800bae8                _etext = .

.vfp11_veneer   0x000000000800bae8        0x0
 .vfp11_veneer  0x000000000800bae8        0x0 linker stubs

.v4_bx          0x000000000800bae8        0x0
 .v4_bx         0x000000000800bae8        0x0 linker stubs

.iplt           0x000000000800bae8        0x0
 .iplt          0x000000000800bae8        0x0 c:/st/stm32cubeide_1.9.0/stm32cubeide/plugins/com.st.stm32cube.ide.mcu.externaltools.gnu-tools-for-stm32.10.3-2021.10.win32_1.0.0.202111181127/tools/bin/../lib/gcc/arm-none-eabi/10.3.1/thumb/v7e-m+fp/hard/crtbegin.o

.rodata         0x000000000800bae8      0x54c
                0x000000000800bae8                . = ALIGN (0x4)
 *(.rodata)
 .rodata        0x000000000800bae8      0x3e2 ./Core/Src/file_handling.o
 *fill*         0x000000000800beca        0x2 
 .rodata        0x000000000800becc       0x44 ./Core/Src/main.o
 .rodata        0x000000000800bf10       0x44 ./Middlewares/Third_Party/FatFs/src/ff.o
 *(.rodata*)
 .rodata.AHBPrescTable
                0x000000000800bf54       0x10 ./Core/Src/system_stm32f4xx.o
                0x000000000800bf54                AHBPrescTable
 .rodata.APBPrescTable
                0x000000000800bf64        0x8 ./Core/Src/system_stm32f4xx.o
                0x000000000800bf64                APBPrescTable
 .rodata.SD_Driver
                0x000000000800bf6c       0x14 ./FATFS/Target/sd_diskio.o
                0x000000000800bf6c                SD_Driver
 .rodata.ExCvt  0x000000000800bf80       0x80 ./Middlewares/Third_Party/FatFs/src/ff.o
 .rodata._svfprintf_r.str1.1
                0x000000000800c000       0x11 c:/st/stm32cubeide_1.9.0/stm32cubeide/plugins/com.st.stm32cube.ide.mcu.externaltools.gnu-tools-for-stm32.10.3-2021.10.win32_1.0.0.202111181127/tools/bin/../lib/gcc/arm-none-eabi/10.3.1/../../../../arm-none-eabi/lib/thumb/v7e-m+fp/hard\libc_nano.a(lib_a-nano-svfprintf.o)
 .rodata._printf_i.str1.1
                0x000000000800c011       0x22 c:/st/stm32cubeide_1.9.0/stm32cubeide/plugins/com.st.stm32cube.ide.mcu.externaltools.gnu-tools-for-stm32.10.3-2021.10.win32_1.0.0.202111181127/tools/bin/../lib/gcc/arm-none-eabi/10.3.1/../../../../arm-none-eabi/lib/thumb/v7e-m+fp/hard\libc_nano.a(lib_a-nano-vfprintf_i.o)
                0x000000000800c034                . = ALIGN (0x4)
 *fill*         0x000000000800c033        0x1 

.ARM.extab      0x000000000800c034        0x0
                0x000000000800c034                . = ALIGN (0x4)
 *(.ARM.extab* .gnu.linkonce.armextab.*)
                0x000000000800c034                . = ALIGN (0x4)

.ARM            0x000000000800c034        0x8
                0x000000000800c034                . = ALIGN (0x4)
                0x000000000800c034                __exidx_start = .
 *(.ARM.exidx*)
 .ARM.exidx     0x000000000800c034        0x8 c:/st/stm32cubeide_1.9.0/stm32cubeide/plugins/com.st.stm32cube.ide.mcu.externaltools.gnu-tools-for-stm32.10.3-2021.10.win32_1.0.0.202111181127/tools/bin/../lib/gcc/arm-none-eabi/10.3.1/thumb/v7e-m+fp/hard\libgcc.a(_udivmoddi4.o)
                0x000000000800c03c                __exidx_end = .
                0x000000000800c03c                . = ALIGN (0x4)

.rel.dyn        0x000000000800c03c        0x0
 .rel.iplt      0x000000000800c03c        0x0 c:/st/stm32cubeide_1.9.0/stm32cubeide/plugins/com.st.stm32cube.ide.mcu.externaltools.gnu-tools-for-stm32.10.3-2021.10.win32_1.0.0.202111181127/tools/bin/../lib/gcc/arm-none-eabi/10.3.1/thumb/v7e-m+fp/hard/crtbegin.o

.preinit_array  0x000000000800c03c        0x0
                0x000000000800c03c                . = ALIGN (0x4)
                0x000000000800c03c                PROVIDE (__preinit_array_start = .)
 *(.preinit_array*)
                0x000000000800c03c                PROVIDE (__preinit_array_end = .)
                0x000000000800c03c                . = ALIGN (0x4)

.init_array     0x000000000800c03c        0x4
                0x000000000800c03c                . = ALIGN (0x4)
                0x000000000800c03c                PROVIDE (__init_array_start = .)
 *(SORT_BY_NAME(.init_array.*))
 *(.init_array*)
 .init_array    0x000000000800c03c        0x4 c:/st/stm32cubeide_1.9.0/stm32cubeide/plugins/com.st.stm32cube.ide.mcu.externaltools.gnu-tools-for-stm32.10.3-2021.10.win32_1.0.0.202111181127/tools/bin/../lib/gcc/arm-none-eabi/10.3.1/thumb/v7e-m+fp/hard/crtbegin.o
                0x000000000800c040                PROVIDE (__init_array_end = .)
                0x000000000800c040                . = ALIGN (0x4)

.fini_array     0x000000000800c040        0x4
                0x000000000800c040                . = ALIGN (0x4)
                [!provide]                        PROVIDE (__fini_array_start = .)
 *(SORT_BY_NAME(.fini_array.*))
 *(.fini_array*)
 .fini_array    0x000000000800c040        0x4 c:/st/stm32cubeide_1.9.0/stm32cubeide/plugins/com.st.stm32cube.ide.mcu.externaltools.gnu-tools-for-stm32.10.3-2021.10.win32_1.0.0.202111181127/tools/bin/../lib/gcc/arm-none-eabi/10.3.1/thumb/v7e-m+fp/hard/crtbegin.o
                [!provide]                        PROVIDE (__fini_array_end = .)
                0x000000000800c044                . = ALIGN (0x4)
                0x000000000800c044                _sidata = LOADADDR (.data)

.data           0x0000000020000000       0x70 load address 0x000000000800c044
                0x0000000020000000                . = ALIGN (0x4)
                0x0000000020000000                _sdata = .
 *(.data)
 *(.data*)
 .data.SystemCoreClock
                0x0000000020000000        0x4 ./Core/Src/system_stm32f4xx.o
                0x0000000020000000                SystemCoreClock
 .data.uwTickPrio
                0x0000000020000004        0x4 ./Drivers/STM32F4xx_HAL_Driver/Src/stm32f4xx_hal.o
                0x0000000020000004                uwTickPrio
 .data.uwTickFreq
                0x0000000020000008        0x1 ./Drivers/STM32F4xx_HAL_Driver/Src/stm32f4xx_hal.o
                0x0000000020000008                uwTickFreq
 .data.Stat     0x0000000020000009        0x1 ./FATFS/Target/sd_diskio.o
 *fill*         0x000000002000000a        0x2 
 .data._impure_ptr
                0x000000002000000c        0x4 c:/st/stm32cubeide_1.9.0/stm32cubeide/plugins/com.st.stm32cube.ide.mcu.externaltools.gnu-tools-for-stm32.10.3-2021.10.win32_1.0.0.202111181127/tools/bin/../lib/gcc/arm-none-eabi/10.3.1/../../../../arm-none-eabi/lib/thumb/v7e-m+fp/hard\libc_nano.a(lib_a-impure.o)
                0x000000002000000c                _impure_ptr
 .data.impure_data
                0x0000000020000010       0x60 c:/st/stm32cubeide_1.9.0/stm32cubeide/plugins/com.st.stm32cube.ide.mcu.externaltools.gnu-tools-for-stm32.10.3-2021.10.win32_1.0.0.202111181127/tools/bin/../lib/gcc/arm-none-eabi/10.3.1/../../../../arm-none-eabi/lib/thumb/v7e-m+fp/hard\libc_nano.a(lib_a-impure.o)
 *(.RamFunc)
 *(.RamFunc*)
                0x0000000020000070                . = ALIGN (0x4)
                0x0000000020000070                _edata = .
                0x000000000800c0b4                _siccmram = LOADADDR (.ccmram)

.igot.plt       0x0000000020000070        0x0 load address 0x000000000800c0b4
 .igot.plt      0x0000000020000070        0x0 c:/st/stm32cubeide_1.9.0/stm32cubeide/plugins/com.st.stm32cube.ide.mcu.externaltools.gnu-tools-for-stm32.10.3-2021.10.win32_1.0.0.202111181127/tools/bin/../lib/gcc/arm-none-eabi/10.3.1/thumb/v7e-m+fp/hard/crtbegin.o

.ccmram         0x0000000010000000        0x0 load address 0x000000000800c0b4
                0x0000000010000000                . = ALIGN (0x4)
                0x0000000010000000                _sccmram = .
 *(.ccmram)
 *(.ccmram*)
                0x0000000010000000                . = ALIGN (0x4)
                0x0000000010000000                _eccmram = .
                0x0000000010000000                . = ALIGN (0x4)

.bss            0x0000000020000070     0x285c
                0x0000000020000070                _sbss = .
                0x0000000020000070                __bss_start__ = _sbss
 *(.bss)
 .bss           0x0000000020000070       0x1c c:/st/stm32cubeide_1.9.0/stm32cubeide/plugins/com.st.stm32cube.ide.mcu.externaltools.gnu-tools-for-stm32.10.3-2021.10.win32_1.0.0.202111181127/tools/bin/../lib/gcc/arm-none-eabi/10.3.1/thumb/v7e-m+fp/hard/crtbegin.o
 *(.bss*)
 .bss.rx_buffer
                0x000000002000008c       0x48 ./Core/Src/UartRingbuffer.o
                0x000000002000008c                rx_buffer
 .bss.tx_buffer
                0x00000000200000d4       0x48 ./Core/Src/UartRingbuffer.o
                0x00000000200000d4                tx_buffer
 .bss._rx_buffer
                0x000000002000011c        0x4 ./Core/Src/UartRingbuffer.o
                0x000000002000011c                _rx_buffer
 .bss._tx_buffer
                0x0000000020000120        0x4 ./Core/Src/UartRingbuffer.o
                0x0000000020000120                _tx_buffer
 .bss.fs        0x0000000020000124     0x1034 ./Core/Src/file_handling.o
                0x0000000020000124                fs
 .bss.fil       0x0000000020001158     0x1030 ./Core/Src/file_handling.o
                0x0000000020001158                fil
 .bss.fno       0x0000000020002188       0x18 ./Core/Src/file_handling.o
                0x0000000020002188                fno
 .bss.fresult   0x00000000200021a0        0x1 ./Core/Src/file_handling.o
                0x00000000200021a0                fresult
 *fill*         0x00000000200021a1        0x3 
 .bss.br        0x00000000200021a4        0x4 ./Core/Src/file_handling.o
                0x00000000200021a4                br
 .bss.bw        0x00000000200021a8        0x4 ./Core/Src/file_handling.o
                0x00000000200021a8                bw
 .bss.pfs       0x00000000200021ac        0x4 ./Core/Src/file_handling.o
                0x00000000200021ac                pfs
 .bss.fre_clust
                0x00000000200021b0        0x4 ./Core/Src/file_handling.o
                0x00000000200021b0                fre_clust
 .bss.total     0x00000000200021b4        0x4 ./Core/Src/file_handling.o
                0x00000000200021b4                total
 .bss.free_space
                0x00000000200021b8        0x4 ./Core/Src/file_handling.o
                0x00000000200021b8                free_space
 .bss.buffer    0x00000000200021bc       0x80 ./Core/Src/file_handling.o
                0x00000000200021bc                buffer
 .bss.path      0x000000002000223c       0x20 ./Core/Src/file_handling.o
                0x000000002000223c                path
 .bss.hsd       0x000000002000225c       0x84 ./Core/Src/main.o
                0x000000002000225c                hsd
 .bss.huart1    0x00000000200022e0       0x44 ./Core/Src/main.o
                0x00000000200022e0                huart1
 .bss.huart2    0x0000000020002324       0x44 ./Core/Src/main.o
                0x0000000020002324                huart2
 .bss.hpcd_USB_OTG_FS
                0x0000000020002368      0x50c ./Core/Src/main.o
                0x0000000020002368                hpcd_USB_OTG_FS
 .bss.cmd       0x0000000020002874        0x1 ./Core/Src/main.o
                0x0000000020002874                cmd
 *fill*         0x0000000020002875        0x3 
 .bss.__sbrk_heap_end
                0x0000000020002878        0x4 ./Core/Src/sysmem.o
 .bss.uwTick    0x000000002000287c        0x4 ./Drivers/STM32F4xx_HAL_Driver/Src/stm32f4xx_hal.o
                0x000000002000287c                uwTick
 .bss.retSD     0x0000000020002880        0x1 ./FATFS/App/fatfs.o
                0x0000000020002880                retSD
 *fill*         0x0000000020002881        0x3 
 .bss.SDPath    0x0000000020002884        0x4 ./FATFS/App/fatfs.o
                0x0000000020002884                SDPath
 .bss.FatFs     0x0000000020002888        0x4 ./Middlewares/Third_Party/FatFs/src/ff.o
 .bss.Fsid      0x000000002000288c        0x2 ./Middlewares/Third_Party/FatFs/src/ff.o
 *fill*         0x000000002000288e        0x2 
 .bss.Files     0x0000000020002890       0x20 ./Middlewares/Third_Party/FatFs/src/ff.o
 .bss.disk      0x00000000200028b0        0xc ./Middlewares/Third_Party/FatFs/src/ff_gen_drv.o
                0x00000000200028b0                disk
 .bss.__malloc_free_list
                0x00000000200028bc        0x4 c:/st/stm32cubeide_1.9.0/stm32cubeide/plugins/com.st.stm32cube.ide.mcu.externaltools.gnu-tools-for-stm32.10.3-2021.10.win32_1.0.0.202111181127/tools/bin/../lib/gcc/arm-none-eabi/10.3.1/../../../../arm-none-eabi/lib/thumb/v7e-m+fp/hard\libc_nano.a(lib_a-nano-mallocr.o)
                0x00000000200028bc                __malloc_free_list
 .bss.__malloc_sbrk_start
                0x00000000200028c0        0x4 c:/st/stm32cubeide_1.9.0/stm32cubeide/plugins/com.st.stm32cube.ide.mcu.externaltools.gnu-tools-for-stm32.10.3-2021.10.win32_1.0.0.202111181127/tools/bin/../lib/gcc/arm-none-eabi/10.3.1/../../../../arm-none-eabi/lib/thumb/v7e-m+fp/hard\libc_nano.a(lib_a-nano-mallocr.o)
                0x00000000200028c0                __malloc_sbrk_start
 .bss.errno     0x00000000200028c4        0x4 c:/st/stm32cubeide_1.9.0/stm32cubeide/plugins/com.st.stm32cube.ide.mcu.externaltools.gnu-tools-for-stm32.10.3-2021.10.win32_1.0.0.202111181127/tools/bin/../lib/gcc/arm-none-eabi/10.3.1/../../../../arm-none-eabi/lib/thumb/v7e-m+fp/hard\libc_nano.a(lib_a-reent.o)
                0x00000000200028c4                errno
 .bss.__lock___malloc_recursive_mutex
                0x00000000200028c8        0x1 c:/st/stm32cubeide_1.9.0/stm32cubeide/plugins/com.st.stm32cube.ide.mcu.externaltools.gnu-tools-for-stm32.10.3-2021.10.win32_1.0.0.202111181127/tools/bin/../lib/gcc/arm-none-eabi/10.3.1/../../../../arm-none-eabi/lib/thumb/v7e-m+fp/hard\libc_nano.a(lib_a-lock.o)
                0x00000000200028c8                __lock___malloc_recursive_mutex
 *(COMMON)
                0x00000000200028cc                . = ALIGN (0x4)
 *fill*         0x00000000200028c9        0x3 
                0x00000000200028cc                _ebss = .
                0x00000000200028cc                __bss_end__ = _ebss

._user_heap_stack
                0x00000000200028cc      0x604
                0x00000000200028d0                . = ALIGN (0x8)
 *fill*         0x00000000200028cc        0x4 
                [!provide]                        PROVIDE (end = .)
                0x00000000200028d0                PROVIDE (_end = .)
                0x0000000020002ad0                . = (. + _Min_Heap_Size)
 *fill*         0x00000000200028d0      0x200 
                0x0000000020002ed0                . = (. + _Min_Stack_Size)
 *fill*         0x0000000020002ad0      0x400 
                0x0000000020002ed0                . = ALIGN (0x8)

/DISCARD/
 libc.a(*)
 libm.a(*)
 libgcc.a(*)

.ARM.attributes
                0x0000000000000000       0x30
 *(.ARM.attributes)
 .ARM.attributes
                0x0000000000000000       0x1e c:/st/stm32cubeide_1.9.0/stm32cubeide/plugins/com.st.stm32cube.ide.mcu.externaltools.gnu-tools-for-stm32.10.3-2021.10.win32_1.0.0.202111181127/tools/bin/../lib/gcc/arm-none-eabi/10.3.1/thumb/v7e-m+fp/hard/crti.o
 .ARM.attributes
                0x000000000000001e       0x34 c:/st/stm32cubeide_1.9.0/stm32cubeide/plugins/com.st.stm32cube.ide.mcu.externaltools.gnu-tools-for-stm32.10.3-2021.10.win32_1.0.0.202111181127/tools/bin/../lib/gcc/arm-none-eabi/10.3.1/thumb/v7e-m+fp/hard/crtbegin.o
 .ARM.attributes
                0x0000000000000052       0x34 ./Core/Src/UartRingbuffer.o
 .ARM.attributes
                0x0000000000000086       0x34 ./Core/Src/file_handling.o
 .ARM.attributes
                0x00000000000000ba       0x34 ./Core/Src/main.o
 .ARM.attributes
                0x00000000000000ee       0x34 ./Core/Src/stm32f4xx_hal_msp.o
 .ARM.attributes
                0x0000000000000122       0x34 ./Core/Src/stm32f4xx_it.o
 .ARM.attributes
                0x0000000000000156       0x34 ./Core/Src/sysmem.o
 .ARM.attributes
                0x000000000000018a       0x34 ./Core/Src/system_stm32f4xx.o
 .ARM.attributes
                0x00000000000001be       0x21 ./Core/Startup/startup_stm32f407vetx.o
 .ARM.attributes
                0x00000000000001df       0x34 ./Drivers/STM32F4xx_HAL_Driver/Src/stm32f4xx_hal.o
 .ARM.attributes
                0x0000000000000213       0x34 ./Drivers/STM32F4xx_HAL_Driver/Src/stm32f4xx_hal_cortex.o
 .ARM.attributes
                0x0000000000000247       0x34 ./Drivers/STM32F4xx_HAL_Driver/Src/stm32f4xx_hal_dma.o
 .ARM.attributes
                0x000000000000027b       0x34 ./Drivers/STM32F4xx_HAL_Driver/Src/stm32f4xx_hal_gpio.o
 .ARM.attributes
                0x00000000000002af       0x34 ./Drivers/STM32F4xx_HAL_Driver/Src/stm32f4xx_hal_pcd.o
 .ARM.attributes
                0x00000000000002e3       0x34 ./Drivers/STM32F4xx_HAL_Driver/Src/stm32f4xx_hal_pcd_ex.o
 .ARM.attributes
                0x0000000000000317       0x34 ./Drivers/STM32F4xx_HAL_Driver/Src/stm32f4xx_hal_rcc.o
 .ARM.attributes
                0x000000000000034b       0x34 ./Drivers/STM32F4xx_HAL_Driver/Src/stm32f4xx_hal_sd.o
 .ARM.attributes
                0x000000000000037f       0x34 ./Drivers/STM32F4xx_HAL_Driver/Src/stm32f4xx_hal_uart.o
 .ARM.attributes
                0x00000000000003b3       0x34 ./Drivers/STM32F4xx_HAL_Driver/Src/stm32f4xx_ll_sdmmc.o
 .ARM.attributes
                0x00000000000003e7       0x34 ./Drivers/STM32F4xx_HAL_Driver/Src/stm32f4xx_ll_usb.o
 .ARM.attributes
                0x000000000000041b       0x34 ./FATFS/App/fatfs.o
 .ARM.attributes
                0x000000000000044f       0x34 ./FATFS/Target/bsp_driver_sd.o
 .ARM.attributes
                0x0000000000000483       0x34 ./FATFS/Target/sd_diskio.o
 .ARM.attributes
                0x00000000000004b7       0x34 ./Middlewares/Third_Party/FatFs/src/diskio.o
 .ARM.attributes
                0x00000000000004eb       0x34 ./Middlewares/Third_Party/FatFs/src/ff.o
 .ARM.attributes
                0x000000000000051f       0x34 ./Middlewares/Third_Party/FatFs/src/ff_gen_drv.o
 .ARM.attributes
                0x0000000000000553       0x34 c:/st/stm32cubeide_1.9.0/stm32cubeide/plugins/com.st.stm32cube.ide.mcu.externaltools.gnu-tools-for-stm32.10.3-2021.10.win32_1.0.0.202111181127/tools/bin/../lib/gcc/arm-none-eabi/10.3.1/../../../../arm-none-eabi/lib/thumb/v7e-m+fp/hard\libc_nano.a(lib_a-errno.o)
 .ARM.attributes
                0x0000000000000587       0x34 c:/st/stm32cubeide_1.9.0/stm32cubeide/plugins/com.st.stm32cube.ide.mcu.externaltools.gnu-tools-for-stm32.10.3-2021.10.win32_1.0.0.202111181127/tools/bin/../lib/gcc/arm-none-eabi/10.3.1/../../../../arm-none-eabi/lib/thumb/v7e-m+fp/hard\libc_nano.a(lib_a-impure.o)
 .ARM.attributes
                0x00000000000005bb       0x34 c:/st/stm32cubeide_1.9.0/stm32cubeide/plugins/com.st.stm32cube.ide.mcu.externaltools.gnu-tools-for-stm32.10.3-2021.10.win32_1.0.0.202111181127/tools/bin/../lib/gcc/arm-none-eabi/10.3.1/../../../../arm-none-eabi/lib/thumb/v7e-m+fp/hard\libc_nano.a(lib_a-init.o)
 .ARM.attributes
                0x00000000000005ef       0x34 c:/st/stm32cubeide_1.9.0/stm32cubeide/plugins/com.st.stm32cube.ide.mcu.externaltools.gnu-tools-for-stm32.10.3-2021.10.win32_1.0.0.202111181127/tools/bin/../lib/gcc/arm-none-eabi/10.3.1/../../../../arm-none-eabi/lib/thumb/v7e-m+fp/hard\libc_nano.a(lib_a-memset.o)
 .ARM.attributes
                0x0000000000000623       0x34 c:/st/stm32cubeide_1.9.0/stm32cubeide/plugins/com.st.stm32cube.ide.mcu.externaltools.gnu-tools-for-stm32.10.3-2021.10.win32_1.0.0.202111181127/tools/bin/../lib/gcc/arm-none-eabi/10.3.1/../../../../arm-none-eabi/lib/thumb/v7e-m+fp/hard\libc_nano.a(lib_a-sprintf.o)
 .ARM.attributes
                0x0000000000000657       0x1c c:/st/stm32cubeide_1.9.0/stm32cubeide/plugins/com.st.stm32cube.ide.mcu.externaltools.gnu-tools-for-stm32.10.3-2021.10.win32_1.0.0.202111181127/tools/bin/../lib/gcc/arm-none-eabi/10.3.1/../../../../arm-none-eabi/lib/thumb/v7e-m+fp/hard\libc_nano.a(lib_a-strcmp.o)
 .ARM.attributes
                0x0000000000000673       0x17 c:/st/stm32cubeide_1.9.0/stm32cubeide/plugins/com.st.stm32cube.ide.mcu.externaltools.gnu-tools-for-stm32.10.3-2021.10.win32_1.0.0.202111181127/tools/bin/../lib/gcc/arm-none-eabi/10.3.1/../../../../arm-none-eabi/lib/thumb/v7e-m+fp/hard\libc_nano.a(lib_a-strlen.o)
 .ARM.attributes
                0x000000000000068a       0x34 c:/st/stm32cubeide_1.9.0/stm32cubeide/plugins/com.st.stm32cube.ide.mcu.externaltools.gnu-tools-for-stm32.10.3-2021.10.win32_1.0.0.202111181127/tools/bin/../lib/gcc/arm-none-eabi/10.3.1/../../../../arm-none-eabi/lib/thumb/v7e-m+fp/hard\libc_nano.a(lib_a-strncmp.o)
 .ARM.attributes
                0x00000000000006be       0x34 c:/st/stm32cubeide_1.9.0/stm32cubeide/plugins/com.st.stm32cube.ide.mcu.externaltools.gnu-tools-for-stm32.10.3-2021.10.win32_1.0.0.202111181127/tools/bin/../lib/gcc/arm-none-eabi/10.3.1/../../../../arm-none-eabi/lib/thumb/v7e-m+fp/hard\libc_nano.a(lib_a-nano-svfprintf.o)
 .ARM.attributes
                0x00000000000006f2       0x34 c:/st/stm32cubeide_1.9.0/stm32cubeide/plugins/com.st.stm32cube.ide.mcu.externaltools.gnu-tools-for-stm32.10.3-2021.10.win32_1.0.0.202111181127/tools/bin/../lib/gcc/arm-none-eabi/10.3.1/../../../../arm-none-eabi/lib/thumb/v7e-m+fp/hard\libc_nano.a(lib_a-nano-vfprintf_i.o)
 .ARM.attributes
                0x0000000000000726       0x1c c:/st/stm32cubeide_1.9.0/stm32cubeide/plugins/com.st.stm32cube.ide.mcu.externaltools.gnu-tools-for-stm32.10.3-2021.10.win32_1.0.0.202111181127/tools/bin/../lib/gcc/arm-none-eabi/10.3.1/../../../../arm-none-eabi/lib/thumb/v7e-m+fp/hard\libc_nano.a(lib_a-memchr.o)
 .ARM.attributes
                0x0000000000000742       0x34 c:/st/stm32cubeide_1.9.0/stm32cubeide/plugins/com.st.stm32cube.ide.mcu.externaltools.gnu-tools-for-stm32.10.3-2021.10.win32_1.0.0.202111181127/tools/bin/../lib/gcc/arm-none-eabi/10.3.1/../../../../arm-none-eabi/lib/thumb/v7e-m+fp/hard\libc_nano.a(lib_a-memcpy-stub.o)
 .ARM.attributes
                0x0000000000000776       0x34 c:/st/stm32cubeide_1.9.0/stm32cubeide/plugins/com.st.stm32cube.ide.mcu.externaltools.gnu-tools-for-stm32.10.3-2021.10.win32_1.0.0.202111181127/tools/bin/../lib/gcc/arm-none-eabi/10.3.1/../../../../arm-none-eabi/lib/thumb/v7e-m+fp/hard\libc_nano.a(lib_a-memmove.o)
 .ARM.attributes
                0x00000000000007aa       0x34 c:/st/stm32cubeide_1.9.0/stm32cubeide/plugins/com.st.stm32cube.ide.mcu.externaltools.gnu-tools-for-stm32.10.3-2021.10.win32_1.0.0.202111181127/tools/bin/../lib/gcc/arm-none-eabi/10.3.1/../../../../arm-none-eabi/lib/thumb/v7e-m+fp/hard\libc_nano.a(lib_a-nano-freer.o)
 .ARM.attributes
                0x00000000000007de       0x34 c:/st/stm32cubeide_1.9.0/stm32cubeide/plugins/com.st.stm32cube.ide.mcu.externaltools.gnu-tools-for-stm32.10.3-2021.10.win32_1.0.0.202111181127/tools/bin/../lib/gcc/arm-none-eabi/10.3.1/../../../../arm-none-eabi/lib/thumb/v7e-m+fp/hard\libc_nano.a(lib_a-nano-mallocr.o)
 .ARM.attributes
                0x0000000000000812       0x34 c:/st/stm32cubeide_1.9.0/stm32cubeide/plugins/com.st.stm32cube.ide.mcu.externaltools.gnu-tools-for-stm32.10.3-2021.10.win32_1.0.0.202111181127/tools/bin/../lib/gcc/arm-none-eabi/10.3.1/../../../../arm-none-eabi/lib/thumb/v7e-m+fp/hard\libc_nano.a(lib_a-nano-reallocr.o)
 .ARM.attributes
                0x0000000000000846       0x34 c:/st/stm32cubeide_1.9.0/stm32cubeide/plugins/com.st.stm32cube.ide.mcu.externaltools.gnu-tools-for-stm32.10.3-2021.10.win32_1.0.0.202111181127/tools/bin/../lib/gcc/arm-none-eabi/10.3.1/../../../../arm-none-eabi/lib/thumb/v7e-m+fp/hard\libc_nano.a(lib_a-sbrkr.o)
 .ARM.attributes
                0x000000000000087a       0x34 c:/st/stm32cubeide_1.9.0/stm32cubeide/plugins/com.st.stm32cube.ide.mcu.externaltools.gnu-tools-for-stm32.10.3-2021.10.win32_1.0.0.202111181127/tools/bin/../lib/gcc/arm-none-eabi/10.3.1/../../../../arm-none-eabi/lib/thumb/v7e-m+fp/hard\libc_nano.a(lib_a-mlock.o)
 .ARM.attributes
                0x00000000000008ae       0x34 c:/st/stm32cubeide_1.9.0/stm32cubeide/plugins/com.st.stm32cube.ide.mcu.externaltools.gnu-tools-for-stm32.10.3-2021.10.win32_1.0.0.202111181127/tools/bin/../lib/gcc/arm-none-eabi/10.3.1/../../../../arm-none-eabi/lib/thumb/v7e-m+fp/hard\libc_nano.a(lib_a-nano-msizer.o)
 .ARM.attributes
                0x00000000000008e2       0x34 c:/st/stm32cubeide_1.9.0/stm32cubeide/plugins/com.st.stm32cube.ide.mcu.externaltools.gnu-tools-for-stm32.10.3-2021.10.win32_1.0.0.202111181127/tools/bin/../lib/gcc/arm-none-eabi/10.3.1/../../../../arm-none-eabi/lib/thumb/v7e-m+fp/hard\libc_nano.a(lib_a-reent.o)
 .ARM.attributes
                0x0000000000000916       0x34 c:/st/stm32cubeide_1.9.0/stm32cubeide/plugins/com.st.stm32cube.ide.mcu.externaltools.gnu-tools-for-stm32.10.3-2021.10.win32_1.0.0.202111181127/tools/bin/../lib/gcc/arm-none-eabi/10.3.1/../../../../arm-none-eabi/lib/thumb/v7e-m+fp/hard\libc_nano.a(lib_a-lock.o)
 .ARM.attributes
                0x000000000000094a       0x1e c:/st/stm32cubeide_1.9.0/stm32cubeide/plugins/com.st.stm32cube.ide.mcu.externaltools.gnu-tools-for-stm32.10.3-2021.10.win32_1.0.0.202111181127/tools/bin/../lib/gcc/arm-none-eabi/10.3.1/thumb/v7e-m+fp/hard\libgcc.a(_arm_muldf3.o)
 .ARM.attributes
                0x0000000000000968       0x1e c:/st/stm32cubeide_1.9.0/stm32cubeide/plugins/com.st.stm32cube.ide.mcu.externaltools.gnu-tools-for-stm32.10.3-2021.10.win32_1.0.0.202111181127/tools/bin/../lib/gcc/arm-none-eabi/10.3.1/thumb/v7e-m+fp/hard\libgcc.a(_arm_addsubdf3.o)
 .ARM.attributes
                0x0000000000000986       0x1e c:/st/stm32cubeide_1.9.0/stm32cubeide/plugins/com.st.stm32cube.ide.mcu.externaltools.gnu-tools-for-stm32.10.3-2021.10.win32_1.0.0.202111181127/tools/bin/../lib/gcc/arm-none-eabi/10.3.1/thumb/v7e-m+fp/hard\libgcc.a(_arm_fixunsdfsi.o)
 .ARM.attributes
                0x00000000000009a4       0x1e c:/st/stm32cubeide_1.9.0/stm32cubeide/plugins/com.st.stm32cube.ide.mcu.externaltools.gnu-tools-for-stm32.10.3-2021.10.win32_1.0.0.202111181127/tools/bin/../lib/gcc/arm-none-eabi/10.3.1/thumb/v7e-m+fp/hard\libgcc.a(_aeabi_uldivmod.o)
 .ARM.attributes
                0x00000000000009c2       0x34 c:/st/stm32cubeide_1.9.0/stm32cubeide/plugins/com.st.stm32cube.ide.mcu.externaltools.gnu-tools-for-stm32.10.3-2021.10.win32_1.0.0.202111181127/tools/bin/../lib/gcc/arm-none-eabi/10.3.1/thumb/v7e-m+fp/hard\libgcc.a(_udivmoddi4.o)
 .ARM.attributes
                0x00000000000009f6       0x1e c:/st/stm32cubeide_1.9.0/stm32cubeide/plugins/com.st.stm32cube.ide.mcu.externaltools.gnu-tools-for-stm32.10.3-2021.10.win32_1.0.0.202111181127/tools/bin/../lib/gcc/arm-none-eabi/10.3.1/thumb/v7e-m+fp/hard\libgcc.a(_dvmd_tls.o)
 .ARM.attributes
                0x0000000000000a14       0x1e c:/st/stm32cubeide_1.9.0/stm32cubeide/plugins/com.st.stm32cube.ide.mcu.externaltools.gnu-tools-for-stm32.10.3-2021.10.win32_1.0.0.202111181127/tools/bin/../lib/gcc/arm-none-eabi/10.3.1/thumb/v7e-m+fp/hard/crtn.o
OUTPUT(SD_syetem.elf elf32-littlearm)
LOAD linker stubs
LOAD c:/st/stm32cubeide_1.9.0/stm32cubeide/plugins/com.st.stm32cube.ide.mcu.externaltools.gnu-tools-for-stm32.10.3-2021.10.win32_1.0.0.202111181127/tools/bin/../lib/gcc/arm-none-eabi/10.3.1/../../../../arm-none-eabi/lib/thumb/v7e-m+fp/hard\libc.a
LOAD c:/st/stm32cubeide_1.9.0/stm32cubeide/plugins/com.st.stm32cube.ide.mcu.externaltools.gnu-tools-for-stm32.10.3-2021.10.win32_1.0.0.202111181127/tools/bin/../lib/gcc/arm-none-eabi/10.3.1/../../../../arm-none-eabi/lib/thumb/v7e-m+fp/hard\libm.a
LOAD c:/st/stm32cubeide_1.9.0/stm32cubeide/plugins/com.st.stm32cube.ide.mcu.externaltools.gnu-tools-for-stm32.10.3-2021.10.win32_1.0.0.202111181127/tools/bin/../lib/gcc/arm-none-eabi/10.3.1/thumb/v7e-m+fp/hard\libgcc.a

.debug_info     0x0000000000000000    0x15edf
 .debug_info    0x0000000000000000      0x9f3 ./Core/Src/UartRingbuffer.o
 .debug_info    0x00000000000009f3      0xaa8 ./Core/Src/file_handling.o