Archive member included to satisfy reference by file (symbol)

c:/st/stm32cubeide_1.9.0/stm32cubeide/plugins/com.st.stm32cube.ide.mcu.externaltools.gnu-tools-for-stm32.10.3-2021.10.win32_1.0.0.202111181127/tools/bin/../lib/gcc/arm-none-eabi/10.3.1/../../../../arm-none-eabi/lib/thumb/v7e-m+fp/hard\libc_nano.a(lib_a-errno.o)
                              ./Core/Src/syscalls.o (__errno)
c:/st/stm32cubeide_1.9.0/stm32cubeide/plugins/com.st.stm32cube.ide.mcu.externaltools.gnu-tools-for-stm32.10.3-2021.10.win32_1.0.0.202111181127/tools/bin/../lib/gcc/arm-none-eabi/10.3.1/../../../../arm-none-eabi/lib/thumb/v7e-m+fp/hard\libc_nano.a(lib_a-exit.o)
                              c:/st/stm32cubeide_1.9.0/stm32cubeide/plugins/com.st.stm32cube.ide.mcu.externaltools.gnu-tools-for-stm32.10.3-2021.10.win32_1.0.0.202111181127/tools/bin/../lib/gcc/arm-none-eabi/10.3.1/../../../../arm-none-eabi/lib/thumb/v7e-m+fp/hard/crt0.o (exit)
c:/st/stm32cubeide_1.9.0/stm32cubeide/plugins/com.st.stm32cube.ide.mcu.externaltools.gnu-tools-for-stm32.10.3-2021.10.win32_1.0.0.202111181127/tools/bin/../lib/gcc/arm-none-eabi/10.3.1/../../../../arm-none-eabi/lib/thumb/v7e-m+fp/hard\libc_nano.a(lib_a-impure.o)
                              c:/st/stm32cubeide_1.9.0/stm32cubeide/plugins/com.st.stm32cube.ide.mcu.externaltools.gnu-tools-for-stm32.10.3-2021.10.win32_1.0.0.202111181127/tools/bin/../lib/gcc/arm-none-eabi/10.3.1/../../../../arm-none-eabi/lib/thumb/v7e-m+fp/hard\libc_nano.a(lib_a-exit.o) (_global_impure_ptr)
c:/st/stm32cubeide_1.9.0/stm32cubeide/plugins/com.st.stm32cube.ide.mcu.externaltools.gnu-tools-for-stm32.10.3-2021.10.win32_1.0.0.202111181127/tools/bin/../lib/gcc/arm-none-eabi/10.3.1/../../../../arm-none-eabi/lib/thumb/v7e-m+fp/hard\libc_nano.a(lib_a-init.o)
                              c:/st/stm32cubeide_1.9.0/stm32cubeide/plugins/com.st.stm32cube.ide.mcu.externaltools.gnu-tools-for-stm32.10.3-2021.10.win32_1.0.0.202111181127/tools/bin/../lib/gcc/arm-none-eabi/10.3.1/../../../../arm-none-eabi/lib/thumb/v7e-m+fp/hard/crt0.o (__libc_init_array)
c:/st/stm32cubeide_1.9.0/stm32cubeide/plugins/com.st.stm32cube.ide.mcu.externaltools.gnu-tools-for-stm32.10.3-2021.10.win32_1.0.0.202111181127/tools/bin/../lib/gcc/arm-none-eabi/10.3.1/../../../../arm-none-eabi/lib/thumb/v7e-m+fp/hard\libc_nano.a(lib_a-memset.o)
                              c:/st/stm32cubeide_1.9.0/stm32cubeide/plugins/com.st.stm32cube.ide.mcu.externaltools.gnu-tools-for-stm32.10.3-2021.10.win32_1.0.0.202111181127/tools/bin/../lib/gcc/arm-none-eabi/10.3.1/../../../../arm-none-eabi/lib/thumb/v7e-m+fp/hard/crt0.o (memset)
c:/st/stm32cubeide_1.9.0/stm32cubeide/plugins/com.st.stm32cube.ide.mcu.externaltools.gnu-tools-for-stm32.10.3-2021.10.win32_1.0.0.202111181127/tools/bin/../lib/gcc/arm-none-eabi/10.3.1/../../../../arm-none-eabi/lib/thumb/v7e-m+fp/hard\libc_nano.a(lib_a-sprintf.o)
                              ./Core/Src/file_handling.o (sprintf)
c:/st/stm32cubeide_1.9.0/stm32cubeide/plugins/com.st.stm32cube.ide.mcu.externaltools.gnu-tools-for-stm32.10.3-2021.10.win32_1.0.0.202111181127/tools/bin/../lib/gcc/arm-none-eabi/10.3.1/../../../../arm-none-eabi/lib/thumb/v7e-m+fp/hard\libc_nano.a(lib_a-strcmp.o)
                              ./Core/Src/file_handling.o (strcmp)
c:/st/stm32cubeide_1.9.0/stm32cubeide/plugins/com.st.stm32cube.ide.mcu.externaltools.gnu-tools-for-stm32.10.3-2021.10.win32_1.0.0.202111181127/tools/bin/../lib/gcc/arm-none-eabi/10.3.1/../../../../arm-none-eabi/lib/thumb/v7e-m+fp/hard\libc_nano.a(lib_a-strlen.o)
                              ./Core/Src/UartRingbuffer.o (strlen)
c:/st/stm32cubeide_1.9.0/stm32cubeide/plugins/com.st.stm32cube.ide.mcu.externaltools.gnu-tools-for-stm32.10.3-2021.10.win32_1.0.0.202111181127/tools/bin/../lib/gcc/arm-none-eabi/10.3.1/../../../../arm-none-eabi/lib/thumb/v7e-m+fp/hard\libc_nano.a(lib_a-nano-svfprintf.o)
                              c:/st/stm32cubeide_1.9.0/stm32cubeide/plugins/com.st.stm32cube.ide.mcu.externaltools.gnu-tools-for-stm32.10.3-2021.10.win32_1.0.0.202111181127/tools/bin/../lib/gcc/arm-none-eabi/10.3.1/../../../../arm-none-eabi/lib/thumb/v7e-m+fp/hard\libc_nano.a(lib_a-sprintf.o) (_svfprintf_r)
c:/st/stm32cubeide_1.9.0/stm32cubeide/plugins/com.st.stm32cube.ide.mcu.externaltools.gnu-tools-for-stm32.10.3-2021.10.win32_1.0.0.202111181127/tools/bin/../lib/gcc/arm-none-eabi/10.3.1/../../../../arm-none-eabi/lib/thumb/v7e-m+fp/hard\libc_nano.a(lib_a-nano-vfprintf_i.o)
                              c:/st/stm32cubeide_1.9.0/stm32cubeide/plugins/com.st.stm32cube.ide.mcu.externaltools.gnu-tools-for-stm32.10.3-2021.10.win32_1.0.0.202111181127/tools/bin/../lib/gcc/arm-none-eabi/10.3.1/../../../../arm-none-eabi/lib/thumb/v7e-m+fp/hard\libc_nano.a(lib_a-nano-svfprintf.o) (_printf_i)
[...]
Memory Configuration

Name             Origin             Length             Attributes
CCMRAM           0x0000000010000000 0x0000000000010000 xrw
RAM              0x0000000020000000 0x0000000000020000 xrw
FLASH            0x0000000008000000 0x0000000000080000 xr
*default*        0x0000000000000000 0xffffffffffffffff

Linker script and memory map

LOAD c:/st/stm32cubeide_1.9.0/stm32cubeide/plugins/com.st.stm32cube.ide.mcu.externaltools.gnu-tools-for-stm32.10.3-2021.10.win32_1.0.0.202111181127/tools/bin/../lib/gcc/arm-none-eabi/10.3.1/thumb/v7e-m+fp/hard/crti.o
LOAD c:/st/stm32cubeide_1.9.0/stm32cubeide/plugins/com.st.stm32cube.ide.mcu.externaltools.gnu-tools-for-stm32.10.3-2021.10.win32_1.0.0.202111181127/tools/bin/../lib/gcc/arm-none-eabi/10.3.1/thumb/v7e-m+fp/hard/crtbegin.o
LOAD c:/st/stm32cubeide_1.9.0/stm32cubeide/plugins/com.st.stm32cube.ide.mcu.externaltools.gnu-tools-for-stm32.10.3-2021.10.win32_1.0.0.202111181127/tools/bin/../lib/gcc/arm-none-eabi/10.3.1/../../../../arm-none-eabi/lib/thumb/v7e-m+fp/hard/crt0.o
LOAD ./Core/Src/UartRingbuffer.o
LOAD ./Core/Src/file_handling.o
LOAD ./Core/Src/main.o
LOAD ./Core/Src/stm32f4xx_hal_msp.o
LOAD ./Core/Src/stm32f4xx_it.o
LOAD ./Core/Src/syscalls.o
LOAD ./Core/Src/sysmem.o
LOAD ./Core/Src/system_stm32f4xx.o
LOAD ./Core/Startup/startup_stm32f407vetx.o
LOAD ./Drivers/STM32F4xx_HAL_Driver/Src/stm32f4xx_hal.o
LOAD ./Drivers/STM32F4xx_HAL_Driver/Src/stm32f4xx_hal_cortex.o
LOAD ./Drivers/STM32F4xx_HAL_Driver/Src/stm32f4xx_hal_dma.o
LOAD ./Drivers/STM32F4xx_HAL_Driver/Src/stm32f4xx_hal_dma_ex.o
LOAD ./Drivers/STM32F4xx_HAL_Driver/Src/stm32f4xx_hal_exti.o
LOAD ./Drivers/STM32F4xx_HAL_Driver/Src/stm32f4xx_hal_flash.o
LOAD ./Drivers/STM32F4xx_HAL_Driver/Src/stm32f4xx_hal_flash_ex.o
LOAD ./Drivers/STM32F4xx_HAL_Driver/Src/stm32f4xx_hal_flash_ramfunc.o
LOAD ./Drivers/STM32F4xx_HAL_Driver/Src/stm32f4xx_hal_gpio.o
LOAD ./Drivers/STM32F4xx_HAL_Driver/Src/stm32f4xx_hal_pcd.o
LOAD ./Drivers/STM32F4xx_HAL_Driver/Src/stm32f4xx_hal_pcd_ex.o
LOAD ./Drivers/STM32F4xx_HAL_Driver/Src/stm32f4xx_hal_pwr.o
LOAD ./Drivers/STM32F4xx_HAL_Driver/Src/stm32f4xx_hal_pwr_ex.o
LOAD ./Drivers/STM32F4xx_HAL_Driver/Src/stm32f4xx_hal_rcc.o
LOAD ./Drivers/STM32F4xx_HAL_Driver/Src/stm32f4xx_hal_rcc_ex.o
LOAD ./Drivers/STM32F4xx_HAL_Driver/Src/stm32f4xx_hal_sd.o
LOAD ./Drivers/STM32F4xx_HAL_Driver/Src/stm32f4xx_hal_tim.o
LOAD ./Drivers/STM32F4xx_HAL_Driver/Src/stm32f4xx_hal_tim_ex.o
LOAD ./Drivers/STM32F4xx_HAL_Driver/Src/stm32f4xx_hal_uart.o
LOAD ./Drivers/STM32F4xx_HAL_Driver/Src/stm32f4xx_ll_sdmmc.o
LOAD ./Drivers/STM32F4xx_HAL_Driver/Src/stm32f4xx_ll_usb.o
LOAD ./FATFS/App/fatfs.o
LOAD ./FATFS/Target/bsp_driver_sd.o
LOAD ./FATFS/Target/sd_diskio.o
LOAD ./Middlewares/Third_Party/FatFs/src/diskio.o
LOAD ./Middlewares/Third_Party/FatFs/src/ff.o
LOAD ./Middlewares/Third_Party/FatFs/src/ff_gen_drv.o
LOAD ./Middlewares/Third_Party/FatFs/src/option/syscall.o
START GROUP
LOAD c:/st/stm32cubeide_1.9.0/stm32cubeide/plugins/com.st.stm32cube.ide.mcu.externaltools.gnu-tools-for-stm32.10.3-2021.10.win32_1.0.0.202111181127/tools/bin/../lib/gcc/arm-none-eabi/10.3.1/../../../../arm-none-eabi/lib/thumb/v7e-m+fp/hard\libc_nano.a
LOAD c:/st/stm32cubeide_1.9.0/stm32cubeide/plugins/com.st.stm32cube.ide.mcu.externaltools.gnu-tools-for-stm32.10.3-2021.10.win32_1.0.0.202111181127/tools/bin/../lib/gcc/arm-none-eabi/10.3.1/../../../../arm-none-eabi/lib/thumb/v7e-m+fp/hard\libm.a
END GROUP
START GROUP
LOAD c:/st/stm32cubeide_1.9.0/stm32cubeide/plugins/com.st.stm32cube.ide.mcu.externaltools.gnu-tools-for-stm32.10.3-2021.10.win32_1.0.0.202111181127/tools/bin/../lib/gcc/arm-none-eabi/10.3.1/thumb/v7e-m+fp/hard\libgcc.a
LOAD c:/st/stm32cubeide_1.9.0/stm32cubeide/plugins/com.st.stm32cube.ide.mcu.externaltools.gnu-tools-for-stm32.10.3-2021.10.win32_1.0.0.202111181127/tools/bin/../lib/gcc/arm-none-eabi/10.3.1/../../../../arm-none-eabi/lib/thumb/v7e-m+fp/hard\libc_nano.a
END GROUP
START GROUP
LOAD c:/st/stm32cubeide_1.9.0/stm32cubeide/plugins/com.st.stm32cube.ide.mcu.externaltools.gnu-tools-for-stm32.10.3-2021.10.win32_1.0.0.202111181127/tools/bin/../lib/gcc/arm-none-eabi/10.3.1/thumb/v7e-m+fp/hard\libgcc.a
LOAD c:/st/stm32cubeide_1.9.0/stm32cubeide/plugins/com.st.stm32cube.ide.mcu.externaltools.gnu-tools-for-stm32.10.3-2021.10.win32_1.0.0.202111181127/tools/bin/../lib/gcc/arm-none-eabi/10.3.1/../../../../arm-none-eabi/lib/thumb/v7e-m+fp/hard\libc_nano.a
LOAD c:/st/stm32cubeide_1.9.0/stm32cubeide/plugins/com.st.stm32cube.ide.mcu.externaltools.gnu-tools-for-stm32.10.3-2021.10.win32_1.0.0.202111181127/tools/bin/../lib/gcc/arm-none-eabi/10.3.1/../../../../arm-none-eabi/lib/thumb/v7e-m+fp/hard\libnosys.a
END GROUP
START GROUP
LOAD c:/st/stm32cubeide_1.9.0/stm32cubeide/plugins/com.st.stm32cube.ide.mcu.externaltools.gnu-tools-for-stm32.10.3-2021.10.win32_1.0.0.202111181127/tools/bin/../lib/gcc/arm-none-eabi/10.3.1/thumb/v7e-m+fp/hard\libgcc.a
LOAD c:/st/stm32cubeide_1.9.0/stm32cubeide/plugins/com.st.stm32cube.ide.mcu.externaltools.gnu-tools-for-stm32.10.3-2021.10.win32_1.0.0.202111181127/tools/bin/../lib/gcc/arm-none-eabi/10.3.1/../../../../arm-none-eabi/lib/thumb/v7e-m+fp/hard\libc_nano.a
LOAD c:/st/stm32cubeide_1.9.0/stm32cubeide/plugins/com.st.stm32cube.ide.mcu.externaltools.gnu-tools-for-stm32.10.3-2021.10.win32_1.0.0.202111181127/tools/bin/../lib/gcc/arm-none-eabi/10.3.1/../../../../arm-none-eabi/lib/thumb/v7e-m+fp/hard\libnosys.a
END GROUP
LOAD c:/st/stm32cubeide_1.9.0/stm32cubeide/plugins/com.st.stm32cube.ide.mcu.externaltools.gnu-tools-for-stm32.10.3-2021.10.win32_1.0.0.202111181127/tools/bin/../lib/gcc/arm-none-eabi/10.3.1/thumb/v7e-m+fp/hard/crtend.o
LOAD c:/st/stm32cubeide_1.9.0/stm32cubeide/plugins/com.st.stm32cube.ide.mcu.externaltools.gnu-tools-for-stm32.10.3-2021.10.win32_1.0.0.202111181127/tools/bin/../lib/gcc/arm-none-eabi/10.3.1/thumb/v7e-m+fp/hard/crtn.o
                0x0000000020020000                _estack = (ORIGIN (RAM) + LENGTH (RAM))
                0x0000000000000200                _Min_Heap_Size = 0x200
                0x0000000000000400                _Min_Stack_Size = 0x400

.isr_vector     0x0000000008000000      0x188
                0x0000000008000000                . = ALIGN (0x4)
 *(.isr_vector)
 .isr_vector    0x0000000008000000      0x188 ./Core/Startup/startup_stm32f407vetx.o
                0x0000000008000000                g_pfnVectors
                0x0000000008000188                . = ALIGN (0x4)

.text           0x0000000008000188     0x7418
                0x0000000008000188                . = ALIGN (0x4)
 *(.text)
 .text          0x0000000008000188       0x40 c:/st/stm32cubeide_1.9.0/stm32cubeide/plugins/com.st.stm32cube.ide.mcu.externaltools.gnu-tools-for-stm32.10.3-2021.10.win32_1.0.0.202111181127/tools/bin/../lib/gcc/arm-none-eabi/10.3.1/thumb/v7e-m+fp/hard/crtbegin.o
 .text          0x00000000080001c8       0x30 c:/st/stm32cubeide_1.9.0/stm32cubeide/plugins/com.st.stm32cube.ide.mcu.externaltools.gnu-tools-for-stm32.10.3-2021.10.win32_1.0.0.202111181127/tools/bin/../lib/gcc/arm-none-eabi/10.3.1/thumb/v7e-m+fp/hard\libgcc.a(_aeabi_uldivmod.o)
                0x00000000080001c8                __aeabi_uldivmod
 .text          0x00000000080001f8      0x2d0 c:/st/stm32cubeide_1.9.0/stm32cubeide/plugins/com.st.stm32cube.ide.mcu.externaltools.gnu-tools-for-stm32.10.3-2021.10.win32_1.0.0.202111181127/tools/bin/../lib/gcc/arm-none-eabi/10.3.1/thumb/v7e-m+fp/hard\libgcc.a(_udivmoddi4.o)
                0x00000000080001f8                __udivmoddi4
 .text          0x00000000080004c8        0x4 c:/st/stm32cubeide_1.9.0/stm32cubeide/plugins/com.st.stm32cube.ide.mcu.externaltools.gnu-tools-for-stm32.10.3-2021.10.win32_1.0.0.202111181127/tools/bin/../lib/gcc/arm-none-eabi/10.3.1/thumb/v7e-m+fp/hard\libgcc.a(_dvmd_tls.o)
                0x00000000080004c8                __aeabi_idiv0
                0x00000000080004c8                __aeabi_ldiv0
 *(.text*)
 .text.Ringbuf_init
                0x00000000080004cc       0x50 ./Core/Src/UartRingbuffer.o
                0x00000000080004cc                Ringbuf_init
 .text.store_char
                0x000000000800051c       0x3e ./Core/Src/UartRingbuffer.o
                0x000000000800051c                store_char
 *fill*         0x000000000800055a        0x2 
 .text.Uart_write
                0x000000000800055c       0x68 ./Core/Src/UartRingbuffer.o
                0x000000000800055c                Uart_write
 .text.Uart_sendstring
                0x00000000080005c4       0x2a ./Core/Src/UartRingbuffer.o
                0x00000000080005c4                Uart_sendstring
 *fill*         0x00000000080005ee        0x2 
 .text.Uart_isr
                0x00000000080005f0       0xb4 ./Core/Src/UartRingbuffer.o
                0x00000000080005f0                Uart_isr
 .text.clear_buffer
                0x00000000080006a4       0x34 ./Core/Src/file_handling.o
                0x00000000080006a4                clear_buffer
 .text.send_uart
                0x00000000080006d8       0x1a ./Core/Src/file_handling.o
                0x00000000080006d8                send_uart
 *fill*         0x00000000080006f2        0x2 
 .text.mount_sd
                0x00000000080006f4       0x44 ./Core/Src/file_handling.o
                0x00000000080006f4                mount_sd
 .text.main     0x0000000008000738       0x2e ./Core/Src/main.o
                0x0000000008000738                main
 *fill*         0x0000000008000766        0x2 
 .text.SystemClock_Config
                0x0000000008000768       0xd4 ./Core/Src/main.o
                0x0000000008000768                SystemClock_Config
 .text.MX_SDIO_SD_Init
                0x000000000800083c       0x40 ./Core/Src/main.o
 .text.MX_USART1_UART_Init
                0x000000000800087c       0x54 ./Core/Src/main.o
 .text.MX_USART2_UART_Init
                0x00000000080008d0       0x54 ./Core/Src/main.o
 .text.MX_USB_OTG_FS_PCD_Init
                0x0000000008000924       0x5c ./Core/Src/main.o
 .text.MX_GPIO_Init
                0x0000000008000980       0xd8 ./Core/Src/main.o
 .text.Error_Handler
                0x0000000008000a58        0xa ./Core/Src/main.o
                0x0000000008000a58                Error_Handler
 *fill*         0x0000000008000a62        0x2 
 .text.HAL_MspInit
                0x0000000008000a64       0x50 ./Core/Src/stm32f4xx_hal_msp.o
                0x0000000008000a64                HAL_MspInit
 .text.HAL_SD_MspInit
                0x0000000008000ab4       0xd0 ./Core/Src/stm32f4xx_hal_msp.o
                0x0000000008000ab4                HAL_SD_MspInit
 .text.HAL_UART_MspInit
                0x0000000008000b84      0x158 ./Core/Src/stm32f4xx_hal_msp.o
                0x0000000008000b84                HAL_UART_MspInit
 .text.HAL_PCD_MspInit
                0x0000000008000cdc       0xc4 ./Core/Src/stm32f4xx_hal_msp.o
                0x0000000008000cdc                HAL_PCD_MspInit
 .text.NMI_Handler
                0x0000000008000da0        0x6 ./Core/Src/stm32f4xx_it.o
                0x0000000008000da0                NMI_Handler
 .text.HardFault_Handler
                0x0000000008000da6        0x6 ./Core/Src/stm32f4xx_it.o
                0x0000000008000da6                HardFault_Handler
 .text.MemManage_Handler
                0x0000000008000dac        0x6 ./Core/Src/stm32f4xx_it.o
                0x0000000008000dac                MemManage_Handler
 .text.BusFault_Handler
                0x0000000008000db2        0x6 ./Core/Src/stm32f4xx_it.o
                0x0000000008000db2                BusFault_Handler
 .text.UsageFault_Handler
                0x0000000008000db8        0x6 ./Core/Src/stm32f4xx_it.o
                0x0000000008000db8                UsageFault_Handler
 .text.SVC_Handler
                0x0000000008000dbe        0xe ./Core/Src/stm32f4xx_it.o
                0x0000000008000dbe                SVC_Handler
 .text.DebugMon_Handler
                0x0000000008000dcc        0xe ./Core/Src/stm32f4xx_it.o
                0x0000000008000dcc                DebugMon_Handler
 .text.PendSV_Handler
                0x0000000008000dda        0xe ./Core/Src/stm32f4xx_it.o
                0x0000000008000dda                PendSV_Handler
 .text.SysTick_Handler
                0x0000000008000de8        0xc ./Core/Src/stm32f4xx_it.o
                0x0000000008000de8                SysTick_Handler
 .text.USART1_IRQHandler
                0x0000000008000df4       0x18 ./Core/Src/stm32f4xx_it.o
                0x0000000008000df4                USART1_IRQHandler
 .text.USART2_IRQHandler
                0x0000000008000e0c       0x14 ./Core/Src/stm32f4xx_it.o
                0x0000000008000e0c                USART2_IRQHandler
 .text.OTG_FS_IRQHandler
                0x0000000008000e20       0x14 ./Core/Src/stm32f4xx_it.o
                0x0000000008000e20                OTG_FS_IRQHandler
 .text.SystemInit
                0x0000000008000e34       0x24 ./Core/Src/system_stm32f4xx.o
                0x0000000008000e34                SystemInit
 .text.Reset_Handler
                0x0000000008000e58       0x50 ./Core/Startup/startup_stm32f407vetx.o
                0x0000000008000e58                Reset_Handler
 .text.Default_Handler
                0x0000000008000ea8        0x2 ./Core/Startup/startup_stm32f407vetx.o
                0x0000000008000ea8                RTC_Alarm_IRQHandler
                0x0000000008000ea8                HASH_RNG_IRQHandler
                0x0000000008000ea8                EXTI2_IRQHandler
                0x0000000008000ea8                TIM8_CC_IRQHandler
                0x0000000008000ea8                TIM1_CC_IRQHandler
                0x0000000008000ea8                DMA2_Stream5_IRQHandler
                0x0000000008000ea8                DMA1_Stream5_IRQHandler
                0x0000000008000ea8                PVD_IRQHandler
                0x0000000008000ea8                SDIO_IRQHandler
                0x0000000008000ea8                TAMP_STAMP_IRQHandler
                0x0000000008000ea8                CAN2_RX1_IRQHandler
                0x0000000008000ea8                EXTI3_IRQHandler
                0x0000000008000ea8                TIM8_TRG_COM_TIM14_IRQHandler
                0x0000000008000ea8                TIM1_UP_TIM10_IRQHandler
                0x0000000008000ea8                TIM8_UP_TIM13_IRQHandler
                0x0000000008000ea8                I2C3_ER_IRQHandler
                0x0000000008000ea8                EXTI0_IRQHandler
                0x0000000008000ea8                I2C2_EV_IRQHandler
                0x0000000008000ea8                DMA1_Stream2_IRQHandler
                0x0000000008000ea8                CAN1_RX0_IRQHandler
                0x0000000008000ea8                FPU_IRQHandler
                0x0000000008000ea8                OTG_HS_WKUP_IRQHandler
                0x0000000008000ea8                CAN2_SCE_IRQHandler
                0x0000000008000ea8                DMA2_Stream2_IRQHandler
                0x0000000008000ea8                SPI1_IRQHandler
                0x0000000008000ea8                TIM6_DAC_IRQHandler
                0x0000000008000ea8                TIM1_BRK_TIM9_IRQHandler
                0x0000000008000ea8                DCMI_IRQHandler
                0x0000000008000ea8                CAN2_RX0_IRQHandler
                0x0000000008000ea8                DMA2_Stream3_IRQHandler
                0x0000000008000ea8                USART6_IRQHandler
                0x0000000008000ea8                USART3_IRQHandler
                0x0000000008000ea8                CAN1_RX1_IRQHandler
                0x0000000008000ea8                UART5_IRQHandler
                0x0000000008000ea8                DMA2_Stream0_IRQHandler
                0x0000000008000ea8                TIM4_IRQHandler
                0x0000000008000ea8                I2C1_EV_IRQHandler
                0x0000000008000ea8                DMA1_Stream6_IRQHandler
                0x0000000008000ea8                DMA1_Stream1_IRQHandler
                0x0000000008000ea8                UART4_IRQHandler
                0x0000000008000ea8                TIM3_IRQHandler
                0x0000000008000ea8                RCC_IRQHandler
                0x0000000008000ea8                TIM8_BRK_TIM12_IRQHandler
                0x0000000008000ea8                Default_Handler
                0x0000000008000ea8                EXTI15_10_IRQHandler
                0x0000000008000ea8                ADC_IRQHandler
                0x0000000008000ea8                DMA1_Stream7_IRQHandler
                0x0000000008000ea8                TIM7_IRQHandler
                0x0000000008000ea8                CAN2_TX_IRQHandler
                0x0000000008000ea8                TIM5_IRQHandler
                0x0000000008000ea8                DMA2_Stream7_IRQHandler
                0x0000000008000ea8                I2C3_EV_IRQHandler
                0x0000000008000ea8                EXTI9_5_IRQHandler
                0x0000000008000ea8                RTC_WKUP_IRQHandler
                0x0000000008000ea8                ETH_WKUP_IRQHandler
                0x0000000008000ea8                SPI2_IRQHandler
                0x0000000008000ea8                OTG_HS_EP1_IN_IRQHandler
                0x0000000008000ea8                DMA1_Stream0_IRQHandler
                0x0000000008000ea8                CAN1_TX_IRQHandler
                0x0000000008000ea8                EXTI4_IRQHandler
                0x0000000008000ea8                FSMC_IRQHandler
                0x0000000008000ea8                ETH_IRQHandler
                0x0000000008000ea8                OTG_HS_EP1_OUT_IRQHandler
                0x0000000008000ea8                WWDG_IRQHandler
                0x0000000008000ea8                TIM2_IRQHandler
                0x0000000008000ea8                OTG_FS_WKUP_IRQHandler
                0x0000000008000ea8                TIM1_TRG_COM_TIM11_IRQHandler
                0x0000000008000ea8                OTG_HS_IRQHandler
                0x0000000008000ea8                EXTI1_IRQHandler
                0x0000000008000ea8                I2C2_ER_IRQHandler
                0x0000000008000ea8                DMA2_Stream1_IRQHandler
                0x0000000008000ea8                CAN1_SCE_IRQHandler
                0x0000000008000ea8                FLASH_IRQHandler
                0x0000000008000ea8                DMA2_Stream4_IRQHandler
                0x0000000008000ea8                SPI3_IRQHandler
                0x0000000008000ea8                DMA1_Stream4_IRQHandler
                0x0000000008000ea8                I2C1_ER_IRQHandler
                0x0000000008000ea8                DMA2_Stream6_IRQHandler
                0x0000000008000ea8                DMA1_Stream3_IRQHandler
 *fill*         0x0000000008000eaa        0x2 
 .text.HAL_Init
                0x0000000008000eac       0x44 ./Drivers/STM32F4xx_HAL_Driver/Src/stm32f4xx_hal.o
                0x0000000008000eac                HAL_Init
 .text.HAL_InitTick
                0x0000000008000ef0       0x60 ./Drivers/STM32F4xx_HAL_Driver/Src/stm32f4xx_hal.o
                0x0000000008000ef0                HAL_InitTick
 .text.HAL_IncTick
                0x0000000008000f50       0x28 ./Drivers/STM32F4xx_HAL_Driver/Src/stm32f4xx_hal.o
                0x0000000008000f50                HAL_IncTick
 .text.HAL_GetTick
                0x0000000008000f78       0x18 ./Drivers/STM32F4xx_HAL_Driver/Src/stm32f4xx_hal.o
                0x0000000008000f78                HAL_GetTick
 .text.HAL_Delay
                0x0000000008000f90       0x48 ./Drivers/STM32F4xx_HAL_Driver/Src/stm32f4xx_hal.o
                0x0000000008000f90                HAL_Delay
 .text.__NVIC_SetPriorityGrouping
                0x0000000008000fd8       0x48 ./Drivers/STM32F4xx_HAL_Driver/Src/stm32f4xx_hal_cortex.o
 .text.__NVIC_GetPriorityGrouping
                0x0000000008001020       0x1c ./Drivers/STM32F4xx_HAL_Driver/Src/stm32f4xx_hal_cortex.o
 .text.__NVIC_EnableIRQ
                0x000000000800103c       0x3c ./Drivers/STM32F4xx_HAL_Driver/Src/stm32f4xx_hal_cortex.o
 .text.__NVIC_SetPriority
                0x0000000008001078       0x54 ./Drivers/STM32F4xx_HAL_Driver/Src/stm32f4xx_hal_cortex.o
 .text.NVIC_EncodePriority
                0x00000000080010cc       0x66 ./Drivers/STM32F4xx_HAL_Driver/Src/stm32f4xx_hal_cortex.o
 *fill*         0x0000000008001132        0x2 
 .text.SysTick_Config
                0x0000000008001134       0x44 ./Drivers/STM32F4xx_HAL_Driver/Src/stm32f4xx_hal_cortex.o
 .text.HAL_NVIC_SetPriorityGrouping
                0x0000000008001178       0x16 ./Drivers/STM32F4xx_HAL_Driver/Src/stm32f4xx_hal_cortex.o
                0x0000000008001178                HAL_NVIC_SetPriorityGrouping
 .text.HAL_NVIC_SetPriority
                0x000000000800118e       0x38 ./Drivers/STM32F4xx_HAL_Driver/Src/stm32f4xx_hal_cortex.o
                0x000000000800118e                HAL_NVIC_SetPriority
 .text.HAL_NVIC_EnableIRQ
                0x00000000080011c6       0x1c ./Drivers/STM32F4xx_HAL_Driver/Src/stm32f4xx_hal_cortex.o
                0x00000000080011c6                HAL_NVIC_EnableIRQ
 .text.HAL_SYSTICK_Config
                0x00000000080011e2       0x18 ./Drivers/STM32F4xx_HAL_Driver/Src/stm32f4xx_hal_cortex.o
                0x00000000080011e2                HAL_SYSTICK_Config
 .text.HAL_DMA_Abort
                0x00000000080011fa       0xe0 ./Drivers/STM32F4xx_HAL_Driver/Src/stm32f4xx_hal_dma.o
                0x00000000080011fa                HAL_DMA_Abort
 .text.HAL_DMA_Abort_IT
                0x00000000080012da       0x44 ./Drivers/STM32F4xx_HAL_Driver/Src/stm32f4xx_hal_dma.o
                0x00000000080012da                HAL_DMA_Abort_IT
 *fill*         0x000000000800131e        0x2 
 .text.HAL_GPIO_Init
                0x0000000008001320      0x338 ./Drivers/STM32F4xx_HAL_Driver/Src/stm32f4xx_hal_gpio.o
                0x0000000008001320                HAL_GPIO_Init
 .text.HAL_GPIO_WritePin
                0x0000000008001658       0x32 ./Drivers/STM32F4xx_HAL_Driver/Src/stm32f4xx_hal_gpio.o
                0x0000000008001658                HAL_GPIO_WritePin
 .text.HAL_PCD_Init
                0x000000000800168a      0x23a ./Drivers/STM32F4xx_HAL_Driver/Src/stm32f4xx_hal_pcd.o
                0x000000000800168a                HAL_PCD_Init
 .text.HAL_PCD_IRQHandler
                0x00000000080018c4      0x93e ./Drivers/STM32F4xx_HAL_Driver/Src/stm32f4xx_hal_pcd.o
                0x00000000080018c4                HAL_PCD_IRQHandler
 .text.HAL_PCD_DataOutStageCallback
                0x0000000008002202       0x18 ./Drivers/STM32F4xx_HAL_Driver/Src/stm32f4xx_hal_pcd.o
                0x0000000008002202                HAL_PCD_DataOutStageCallback
 .text.HAL_PCD_DataInStageCallback
                0x000000000800221a       0x18 ./Drivers/STM32F4xx_HAL_Driver/Src/stm32f4xx_hal_pcd.o
                0x000000000800221a                HAL_PCD_DataInStageCallback
 .text.HAL_PCD_SetupStageCallback
                0x0000000008002232       0x14 ./Drivers/STM32F4xx_HAL_Driver/Src/stm32f4xx_hal_pcd.o
                0x0000000008002232                HAL_PCD_SetupStageCallback
 .text.HAL_PCD_SOFCallback
                0x0000000008002246       0x14 ./Drivers/STM32F4xx_HAL_Driver/Src/stm32f4xx_hal_pcd.o
                0x0000000008002246                HAL_PCD_SOFCallback
 .text.HAL_PCD_ResetCallback
                0x000000000800225a       0x14 ./Drivers/STM32F4xx_HAL_Driver/Src/stm32f4xx_hal_pcd.o
                0x000000000800225a                HAL_PCD_ResetCallback
 .text.HAL_PCD_SuspendCallback
                0x000000000800226e       0x14 ./Drivers/STM32F4xx_HAL_Driver/Src/stm32f4xx_hal_pcd.o
                0x000000000800226e                HAL_PCD_SuspendCallback
 .text.HAL_PCD_ResumeCallback
                0x0000000008002282       0x14 ./Drivers/STM32F4xx_HAL_Driver/Src/stm32f4xx_hal_pcd.o
                0x0000000008002282                HAL_PCD_ResumeCallback
 .text.HAL_PCD_ISOOUTIncompleteCallback
                0x0000000008002296       0x18 ./Drivers/STM32F4xx_HAL_Driver/Src/stm32f4xx_hal_pcd.o
                0x0000000008002296                HAL_PCD_ISOOUTIncompleteCallback
 .text.HAL_PCD_ISOINIncompleteCallback
                0x00000000080022ae       0x18 ./Drivers/STM32F4xx_HAL_Driver/Src/stm32f4xx_hal_pcd.o
                0x00000000080022ae                HAL_PCD_ISOINIncompleteCallback
 .text.HAL_PCD_ConnectCallback
                0x00000000080022c6       0x14 ./Drivers/STM32F4xx_HAL_Driver/Src/stm32f4xx_hal_pcd.o
                0x00000000080022c6                HAL_PCD_ConnectCallback
 .text.HAL_PCD_DisconnectCallback
                0x00000000080022da       0x14 ./Drivers/STM32F4xx_HAL_Driver/Src/stm32f4xx_hal_pcd.o
                0x00000000080022da                HAL_PCD_DisconnectCallback
 .text.HAL_PCD_EP_Abort
                0x00000000080022ee       0x62 ./Drivers/STM32F4xx_HAL_Driver/Src/stm32f4xx_hal_pcd.o
                0x00000000080022ee                HAL_PCD_EP_Abort
 .text.PCD_WriteEmptyTxFifo
                0x0000000008002350      0x11a ./Drivers/STM32F4xx_HAL_Driver/Src/stm32f4xx_hal_pcd.o
 *fill*         0x000000000800246a        0x2 
 .text.PCD_EP_OutXfrComplete_int
                0x000000000800246c      0x1d0 ./Drivers/STM32F4xx_HAL_Driver/Src/stm32f4xx_hal_pcd.o
 .text.PCD_EP_OutSetupPacket_int
                0x000000000800263c       0x8c ./Drivers/STM32F4xx_HAL_Driver/Src/stm32f4xx_hal_pcd.o
 .text.HAL_PCDEx_LPM_Callback
                0x00000000080026c8       0x18 ./Drivers/STM32F4xx_HAL_Driver/Src/stm32f4xx_hal_pcd_ex.o
                0x00000000080026c8                HAL_PCDEx_LPM_Callback
 .text.HAL_RCC_OscConfig
                0x00000000080026e0      0x4f0 ./Drivers/STM32F4xx_HAL_Driver/Src/stm32f4xx_hal_rcc.o
                0x00000000080026e0                HAL_RCC_OscConfig
 .text.HAL_RCC_ClockConfig
                0x0000000008002bd0      0x1cc ./Drivers/STM32F4xx_HAL_Driver/Src/stm32f4xx_hal_rcc.o
                0x0000000008002bd0                HAL_RCC_ClockConfig
 .text.HAL_RCC_GetSysClockFreq
                0x0000000008002d9c      0x20c ./Drivers/STM32F4xx_HAL_Driver/Src/stm32f4xx_hal_rcc.o
                0x0000000008002d9c                HAL_RCC_GetSysClockFreq
 .text.HAL_RCC_GetHCLKFreq
                0x0000000008002fa8       0x18 ./Drivers/STM32F4xx_HAL_Driver/Src/stm32f4xx_hal_rcc.o
                0x0000000008002fa8                HAL_RCC_GetHCLKFreq
 .text.HAL_RCC_GetPCLK1Freq
                0x0000000008002fc0       0x28 ./Drivers/STM32F4xx_HAL_Driver/Src/stm32f4xx_hal_rcc.o
                0x0000000008002fc0                HAL_RCC_GetPCLK1Freq
 .text.HAL_RCC_GetPCLK2Freq
                0x0000000008002fe8       0x28 ./Drivers/STM32F4xx_HAL_Driver/Src/stm32f4xx_hal_rcc.o
                0x0000000008002fe8                HAL_RCC_GetPCLK2Freq
 .text.HAL_SD_Init
                0x0000000008003010       0x60 ./Drivers/STM32F4xx_HAL_Driver/Src/stm32f4xx_hal_sd.o
                0x0000000008003010                HAL_SD_Init
 .text.HAL_SD_InitCard
                0x0000000008003070      0x100 ./Drivers/STM32F4xx_HAL_Driver/Src/stm32f4xx_hal_sd.o
                0x0000000008003070                HAL_SD_InitCard
 .text.HAL_SD_ReadBlocks
                0x0000000008003170      0x3bc ./Drivers/STM32F4xx_HAL_Driver/Src/stm32f4xx_hal_sd.o
                0x0000000008003170                HAL_SD_ReadBlocks
 .text.HAL_SD_WriteBlocks
                0x000000000800352c      0x30c ./Drivers/STM32F4xx_HAL_Driver/Src/stm32f4xx_hal_sd.o
                0x000000000800352c                HAL_SD_WriteBlocks
 .text.HAL_SD_GetCardCSD
                0x0000000008003838      0x348 ./Drivers/STM32F4xx_HAL_Driver/Src/stm32f4xx_hal_sd.o
                0x0000000008003838                HAL_SD_GetCardCSD
 .text.HAL_SD_GetCardInfo
                0x0000000008003b80       0x58 ./Drivers/STM32F4xx_HAL_Driver/Src/stm32f4xx_hal_sd.o
                0x0000000008003b80                HAL_SD_GetCardInfo
 .text.HAL_SD_ConfigWideBusOperation
                0x0000000008003bd8      0x134 ./Drivers/STM32F4xx_HAL_Driver/Src/stm32f4xx_hal_sd.o
                0x0000000008003bd8                HAL_SD_ConfigWideBusOperation
 .text.HAL_SD_GetCardState
                0x0000000008003d0c       0x40 ./Drivers/STM32F4xx_HAL_Driver/Src/stm32f4xx_hal_sd.o
                0x0000000008003d0c                HAL_SD_GetCardState
 .text.SD_InitCard
                0x0000000008003d4c      0x19c ./Drivers/STM32F4xx_HAL_Driver/Src/stm32f4xx_hal_sd.o
 .text.SD_PowerON
                0x0000000008003ee8      0x11c ./Drivers/STM32F4xx_HAL_Driver/Src/stm32f4xx_hal_sd.o
 .text.SD_SendStatus
                0x0000000008004004       0x50 ./Drivers/STM32F4xx_HAL_Driver/Src/stm32f4xx_hal_sd.o
 .text.SD_WideBus_Enable
                0x0000000008004054       0x96 ./Drivers/STM32F4xx_HAL_Driver/Src/stm32f4xx_hal_sd.o
 .text.SD_WideBus_Disable
                0x00000000080040ea       0x96 ./Drivers/STM32F4xx_HAL_Driver/Src/stm32f4xx_hal_sd.o
 .text.SD_FindSCR
                0x0000000008004180      0x1a6 ./Drivers/STM32F4xx_HAL_Driver/Src/stm32f4xx_hal_sd.o
 .text.HAL_UART_Init
                0x0000000008004326       0x9a ./Drivers/STM32F4xx_HAL_Driver/Src/stm32f4xx_hal_uart.o
                0x0000000008004326                HAL_UART_Init
 .text.HAL_UART_IRQHandler
                0x00000000080043c0      0x51c ./Drivers/STM32F4xx_HAL_Driver/Src/stm32f4xx_hal_uart.o
                0x00000000080043c0                HAL_UART_IRQHandler
 .text.HAL_UART_TxCpltCallback
                0x00000000080048dc       0x14 ./Drivers/STM32F4xx_HAL_Driver/Src/stm32f4xx_hal_uart.o
                0x00000000080048dc                HAL_UART_TxCpltCallback
 .text.HAL_UART_RxCpltCallback
                0x00000000080048f0       0x14 ./Drivers/STM32F4xx_HAL_Driver/Src/stm32f4xx_hal_uart.o
                0x00000000080048f0                HAL_UART_RxCpltCallback
 .text.HAL_UART_ErrorCallback
                0x0000000008004904       0x14 ./Drivers/STM32F4xx_HAL_Driver/Src/stm32f4xx_hal_uart.o
                0x0000000008004904                HAL_UART_ErrorCallback
 .text.HAL_UARTEx_RxEventCallback
                0x0000000008004918       0x18 ./Drivers/STM32F4xx_HAL_Driver/Src/stm32f4xx_hal_uart.o
                0x0000000008004918                HAL_UARTEx_RxEventCallback
 .text.UART_EndRxTransfer
                0x0000000008004930       0xc6 ./Drivers/STM32F4xx_HAL_Driver/Src/stm32f4xx_hal_uart.o
 .text.UART_DMAAbortOnError
                0x00000000080049f6       0x28 ./Drivers/STM32F4xx_HAL_Driver/Src/stm32f4xx_hal_uart.o
 .text.UART_Transmit_IT
                0x0000000008004a1e       0xa0 ./Drivers/STM32F4xx_HAL_Driver/Src/stm32f4xx_hal_uart.o
 .text.UART_EndTransmit_IT
                0x0000000008004abe       0x30 ./Drivers/STM32F4xx_HAL_Driver/Src/stm32f4xx_hal_uart.o
 .text.UART_Receive_IT
                0x0000000008004aee      0x176 ./Drivers/STM32F4xx_HAL_Driver/Src/stm32f4xx_hal_uart.o
 .text.UART_SetConfig
                0x0000000008004c64      0x4e8 ./Drivers/STM32F4xx_HAL_Driver/Src/stm32f4xx_hal_uart.o
 .text.SDIO_Init
                0x000000000800514c       0x56 ./Drivers/STM32F4xx_HAL_Driver/Src/stm32f4xx_ll_sdmmc.o
                0x000000000800514c                SDIO_Init
 .text.SDIO_ReadFIFO
                0x00000000080051a2       0x1a ./Drivers/STM32F4xx_HAL_Driver/Src/stm32f4xx_ll_sdmmc.o
                0x00000000080051a2                SDIO_ReadFIFO
 .text.SDIO_WriteFIFO
                0x00000000080051bc       0x22 ./Drivers/STM32F4xx_HAL_Driver/Src/stm32f4xx_ll_sdmmc.o
                0x00000000080051bc                SDIO_WriteFIFO
 .text.SDIO_PowerState_ON
                0x00000000080051de       0x1c ./Drivers/STM32F4xx_HAL_Driver/Src/stm32f4xx_ll_sdmmc.o
                0x00000000080051de                SDIO_PowerState_ON
 .text.SDIO_GetPowerState
                0x00000000080051fa       0x1c ./Drivers/STM32F4xx_HAL_Driver/Src/stm32f4xx_ll_sdmmc.o
                0x00000000080051fa                SDIO_GetPowerState
 .text.SDIO_SendCommand
                0x0000000008005216       0x54 ./Drivers/STM32F4xx_HAL_Driver/Src/stm32f4xx_ll_sdmmc.o
                0x0000000008005216                SDIO_SendCommand
 .text.SDIO_GetCommandResponse
                0x000000000800526a       0x1a ./Drivers/STM32F4xx_HAL_Driver/Src/stm32f4xx_ll_sdmmc.o
                0x000000000800526a                SDIO_GetCommandResponse
 .text.SDIO_GetResponse
                0x0000000008005284       0x26 ./Drivers/STM32F4xx_HAL_Driver/Src/stm32f4xx_ll_sdmmc.o
                0x0000000008005284                SDIO_GetResponse
 .text.SDIO_ConfigData
                0x00000000080052aa       0x58 ./Drivers/STM32F4xx_HAL_Driver/Src/stm32f4xx_ll_sdmmc.o
                0x00000000080052aa                SDIO_ConfigData
 .text.SDMMC_CmdBlockLength
                0x0000000008005302       0x44 ./Drivers/STM32F4xx_HAL_Driver/Src/stm32f4xx_ll_sdmmc.o
                0x0000000008005302                SDMMC_CmdBlockLength
 .text.SDMMC_CmdReadSingleBlock
                0x0000000008005346       0x44 ./Drivers/STM32F4xx_HAL_Driver/Src/stm32f4xx_ll_sdmmc.o
                0x0000000008005346                SDMMC_CmdReadSingleBlock
 .text.SDMMC_CmdReadMultiBlock
                0x000000000800538a       0x44 ./Drivers/STM32F4xx_HAL_Driver/Src/stm32f4xx_ll_sdmmc.o
                0x000000000800538a                SDMMC_CmdReadMultiBlock
 .text.SDMMC_CmdWriteSingleBlock
                0x00000000080053ce       0x44 ./Drivers/STM32F4xx_HAL_Driver/Src/stm32f4xx_ll_sdmmc.o
                0x00000000080053ce                SDMMC_CmdWriteSingleBlock
 .text.SDMMC_CmdWriteMultiBlock
                0x0000000008005412       0x44 ./Drivers/STM32F4xx_HAL_Driver/Src/stm32f4xx_ll_sdmmc.o
                0x0000000008005412                SDMMC_CmdWriteMultiBlock
 *fill*         0x0000000008005456        0x2 
 .text.SDMMC_CmdStopTransfer
                0x0000000008005458       0x44 ./Drivers/STM32F4xx_HAL_Driver/Src/stm32f4xx_ll_sdmmc.o
                0x0000000008005458                SDMMC_CmdStopTransfer
 .text.SDMMC_CmdSelDesel
                0x000000000800549c       0x46 ./Drivers/STM32F4xx_HAL_Driver/Src/stm32f4xx_ll_sdmmc.o
                0x000000000800549c                SDMMC_CmdSelDesel
 .text.SDMMC_CmdGoIdleState
                0x00000000080054e2       0x3c ./Drivers/STM32F4xx_HAL_Driver/Src/stm32f4xx_ll_sdmmc.o
                0x00000000080054e2                SDMMC_CmdGoIdleState
 .text.SDMMC_CmdOperCond
                0x000000000800551e       0x3e ./Drivers/STM32F4xx_HAL_Driver/Src/stm32f4xx_ll_sdmmc.o
                0x000000000800551e                SDMMC_CmdOperCond
 .text.SDMMC_CmdAppCommand
                0x000000000800555c       0x44 ./Drivers/STM32F4xx_HAL_Driver/Src/stm32f4xx_ll_sdmmc.o
                0x000000000800555c                SDMMC_CmdAppCommand
 .text.SDMMC_CmdAppOperCommand
                0x00000000080055a0       0x46 ./Drivers/STM32F4xx_HAL_Driver/Src/stm32f4xx_ll_sdmmc.o
                0x00000000080055a0                SDMMC_CmdAppOperCommand
 .text.SDMMC_CmdBusWidth
                0x00000000080055e6       0x44 ./Drivers/STM32F4xx_HAL_Driver/Src/stm32f4xx_ll_sdmmc.o
                0x00000000080055e6                SDMMC_CmdBusWidth
 .text.SDMMC_CmdSendSCR
                0x000000000800562a       0x42 ./Drivers/STM32F4xx_HAL_Driver/Src/stm32f4xx_ll_sdmmc.o
                0x000000000800562a                SDMMC_CmdSendSCR
 .text.SDMMC_CmdSendCID
                0x000000000800566c       0x3c ./Drivers/STM32F4xx_HAL_Driver/Src/stm32f4xx_ll_sdmmc.o
                0x000000000800566c                SDMMC_CmdSendCID
 .text.SDMMC_CmdSendCSD
                0x00000000080056a8       0x3e ./Drivers/STM32F4xx_HAL_Driver/Src/stm32f4xx_ll_sdmmc.o
                0x00000000080056a8                SDMMC_CmdSendCSD
 .text.SDMMC_CmdSetRelAdd
                0x00000000080056e6       0x42 ./Drivers/STM32F4xx_HAL_Driver/Src/stm32f4xx_ll_sdmmc.o
                0x00000000080056e6                SDMMC_CmdSetRelAdd
 .text.SDMMC_CmdSendStatus
                0x0000000008005728       0x44 ./Drivers/STM32F4xx_HAL_Driver/Src/stm32f4xx_ll_sdmmc.o
                0x0000000008005728                SDMMC_CmdSendStatus
 .text.SDMMC_GetCmdResp1
                0x000000000800576c      0x1dc ./Drivers/STM32F4xx_HAL_Driver/Src/stm32f4xx_ll_sdmmc.o
                0x000000000800576c                SDMMC_GetCmdResp1
 .text.SDMMC_GetCmdResp2
                0x0000000008005948       0x90 ./Drivers/STM32F4xx_HAL_Driver/Src/stm32f4xx_ll_sdmmc.o
                0x0000000008005948                SDMMC_GetCmdResp2
 .text.SDMMC_GetCmdResp3
                0x00000000080059d8       0x7c ./Drivers/STM32F4xx_HAL_Driver/Src/stm32f4xx_ll_sdmmc.o
                0x00000000080059d8                SDMMC_GetCmdResp3
 .text.SDMMC_GetCmdResp6
                0x0000000008005a54       0xec ./Drivers/STM32F4xx_HAL_Driver/Src/stm32f4xx_ll_sdmmc.o
                0x0000000008005a54                SDMMC_GetCmdResp6
 .text.SDMMC_GetCmdResp7
                0x0000000008005b40       0x9c ./Drivers/STM32F4xx_HAL_Driver/Src/stm32f4xx_ll_sdmmc.o
                0x0000000008005b40                SDMMC_GetCmdResp7
 .text.SDMMC_GetCmdError
                0x0000000008005bdc       0x58 ./Drivers/STM32F4xx_HAL_Driver/Src/stm32f4xx_ll_sdmmc.o
 .text.USB_CoreInit
                0x0000000008005c34       0xc2 ./Drivers/STM32F4xx_HAL_Driver/Src/stm32f4xx_ll_usb.o
                0x0000000008005c34                USB_CoreInit
 *fill*         0x0000000008005cf6        0x2 
 .text.USB_SetTurnaroundTime
                0x0000000008005cf8      0x144 ./Drivers/STM32F4xx_HAL_Driver/Src/stm32f4xx_ll_usb.o
                0x0000000008005cf8                USB_SetTurnaroundTime
 .text.USB_DisableGlobalInt
                0x0000000008005e3c       0x22 ./Drivers/STM32F4xx_HAL_Driver/Src/stm32f4xx_ll_usb.o
                0x0000000008005e3c                USB_DisableGlobalInt
 .text.USB_SetCurrentMode
                0x0000000008005e5e       0x98 ./Drivers/STM32F4xx_HAL_Driver/Src/stm32f4xx_ll_usb.o
                0x0000000008005e5e                USB_SetCurrentMode
 *fill*         0x0000000008005ef6        0x2 
 .text.USB_DevInit
                0x0000000008005ef8      0x2c8 ./Drivers/STM32F4xx_HAL_Driver/Src/stm32f4xx_ll_usb.o
                0x0000000008005ef8                USB_DevInit
 .text.USB_FlushTxFifo
                0x00000000080061c0       0x68 ./Drivers/STM32F4xx_HAL_Driver/Src/stm32f4xx_ll_usb.o
                0x00000000080061c0                USB_FlushTxFifo
 .text.USB_FlushRxFifo
                0x0000000008006228       0x60 ./Drivers/STM32F4xx_HAL_Driver/Src/stm32f4xx_ll_usb.o
                0x0000000008006228                USB_FlushRxFifo
 .text.USB_SetDevSpeed
                0x0000000008006288       0x32 ./Drivers/STM32F4xx_HAL_Driver/Src/stm32f4xx_ll_usb.o
                0x0000000008006288                USB_SetDevSpeed
 .text.USB_GetDevSpeed
                0x00000000080062ba       0x4a ./Drivers/STM32F4xx_HAL_Driver/Src/stm32f4xx_ll_usb.o
                0x00000000080062ba                USB_GetDevSpeed
 .text.USB_EPStopXfer
                0x0000000008006304      0x154 ./Drivers/STM32F4xx_HAL_Driver/Src/stm32f4xx_ll_usb.o
                0x0000000008006304                USB_EPStopXfer
 .text.USB_WritePacket
                0x0000000008006458       0x7c ./Drivers/STM32F4xx_HAL_Driver/Src/stm32f4xx_ll_usb.o
                0x0000000008006458                USB_WritePacket
 .text.USB_ReadPacket
                0x00000000080064d4       0xb0 ./Drivers/STM32F4xx_HAL_Driver/Src/stm32f4xx_ll_usb.o
                0x00000000080064d4                USB_ReadPacket
 .text.USB_DevDisconnect
                0x0000000008006584       0x42 ./Drivers/STM32F4xx_HAL_Driver/Src/stm32f4xx_ll_usb.o
                0x0000000008006584                USB_DevDisconnect
 .text.USB_ReadInterrupts
                0x00000000080065c6       0x26 ./Drivers/STM32F4xx_HAL_Driver/Src/stm32f4xx_ll_usb.o
                0x00000000080065c6                USB_ReadInterrupts
 .text.USB_ReadDevAllOutEpInterrupt
                0x00000000080065ec       0x34 ./Drivers/STM32F4xx_HAL_Driver/Src/stm32f4xx_ll_usb.o
                0x00000000080065ec                USB_ReadDevAllOutEpInterrupt
 .text.USB_ReadDevAllInEpInterrupt
                0x0000000008006620       0x34 ./Drivers/STM32F4xx_HAL_Driver/Src/stm32f4xx_ll_usb.o
                0x0000000008006620                USB_ReadDevAllInEpInterrupt
 .text.USB_ReadDevOutEPInterrupt
                0x0000000008006654       0x3c ./Drivers/STM32F4xx_HAL_Driver/Src/stm32f4xx_ll_usb.o
                0x0000000008006654                USB_ReadDevOutEPInterrupt
 .text.USB_ReadDevInEPInterrupt
                0x0000000008006690       0x5c ./Drivers/STM32F4xx_HAL_Driver/Src/stm32f4xx_ll_usb.o
                0x0000000008006690                USB_ReadDevInEPInterrupt
 .text.USB_GetMode
                0x00000000080066ec       0x1c ./Drivers/STM32F4xx_HAL_Driver/Src/stm32f4xx_ll_usb.o
                0x00000000080066ec                USB_GetMode
 .text.USB_ActivateSetup
                0x0000000008006708       0x46 ./Drivers/STM32F4xx_HAL_Driver/Src/stm32f4xx_ll_usb.o
                0x0000000008006708                USB_ActivateSetup
 *fill*         0x000000000800674e        0x2 
 .text.USB_EP0_OutStart
                0x0000000008006750       0xbc ./Drivers/STM32F4xx_HAL_Driver/Src/stm32f4xx_ll_usb.o
                0x0000000008006750                USB_EP0_OutStart
 .text.USB_CoreReset
                0x000000000800680c       0x68 ./Drivers/STM32F4xx_HAL_Driver/Src/stm32f4xx_ll_usb.o
 .text.MX_FATFS_Init
                0x0000000008006874       0x24 ./FATFS/App/fatfs.o
                0x0000000008006874                MX_FATFS_Init
 .text.BSP_SD_Init
                0x0000000008006898       0x4c ./FATFS/Target/bsp_driver_sd.o
                0x0000000008006898                BSP_SD_Init
 .text.BSP_SD_ReadBlocks
                0x00000000080068e4       0x3c ./FATFS/Target/bsp_driver_sd.o
                0x00000000080068e4                BSP_SD_ReadBlocks
 .text.BSP_SD_WriteBlocks
                0x0000000008006920       0x3c ./FATFS/Target/bsp_driver_sd.o
                0x0000000008006920                BSP_SD_WriteBlocks
 .text.BSP_SD_GetCardState
                0x000000000800695c       0x20 ./FATFS/Target/bsp_driver_sd.o
                0x000000000800695c                BSP_SD_GetCardState
 .text.BSP_SD_GetCardInfo
                0x000000000800697c       0x1c ./FATFS/Target/bsp_driver_sd.o
                0x000000000800697c                BSP_SD_GetCardInfo
 .text.BSP_SD_IsDetected
                0x0000000008006998       0x1a ./FATFS/Target/bsp_driver_sd.o
                0x0000000008006998                BSP_SD_IsDetected
 *fill*         0x00000000080069b2        0x2 
 .text.SD_CheckStatus
                0x00000000080069b4       0x3c ./FATFS/Target/sd_diskio.o
 .text.SD_initialize
                0x00000000080069f0       0x3c ./FATFS/Target/sd_diskio.o
                0x00000000080069f0                SD_initialize
 .text.SD_status
                0x0000000008006a2c       0x1c ./FATFS/Target/sd_diskio.o
                0x0000000008006a2c                SD_status
 .text.SD_read  0x0000000008006a48       0x42 ./FATFS/Target/sd_diskio.o
                0x0000000008006a48                SD_read
 .text.SD_write
                0x0000000008006a8a       0x42 ./FATFS/Target/sd_diskio.o
                0x0000000008006a8a                SD_write
 .text.SD_ioctl
                0x0000000008006acc       0xb0 ./FATFS/Target/sd_diskio.o
                0x0000000008006acc                SD_ioctl
 .text.disk_status
                0x0000000008006b7c       0x34 ./Middlewares/Third_Party/FatFs/src/diskio.o
                0x0000000008006b7c                disk_status
 .text.disk_initialize
                0x0000000008006bb0       0x4c ./Middlewares/Third_Party/FatFs/src/diskio.o
                0x0000000008006bb0                disk_initialize
 .text.disk_read
                0x0000000008006bfc       0x40 ./Middlewares/Third_Party/FatFs/src/diskio.o
                0x0000000008006bfc                disk_read
 .text.disk_write
                0x0000000008006c3c       0x40 ./Middlewares/Third_Party/FatFs/src/diskio.o
                0x0000000008006c3c                disk_write
 .text.ld_word  0x0000000008006c7c       0x30 ./Middlewares/Third_Party/FatFs/src/ff.o
 .text.ld_dword
                0x0000000008006cac       0x46 ./Middlewares/Third_Party/FatFs/src/ff.o
 *fill*         0x0000000008006cf2        0x2 
 .text.clear_lock
                0x0000000008006cf4       0x48 ./Middlewares/Third_Party/FatFs/src/ff.o
 .text.sync_window
                0x0000000008006d3c       0x88 ./Middlewares/Third_Party/FatFs/src/ff.o
 .text.move_window
                0x0000000008006dc4       0x5a ./Middlewares/Third_Party/FatFs/src/ff.o
 .text.get_ldnumber
                0x0000000008006e1e       0x88 ./Middlewares/Third_Party/FatFs/src/ff.o
 *fill*         0x0000000008006ea6        0x2 
 .text.check_fs
                0x0000000008006ea8       0xac ./Middlewares/Third_Party/FatFs/src/ff.o
 .text.find_volume
                0x0000000008006f54      0x498 ./Middlewares/Third_Party/FatFs/src/ff.o
 .text.f_mount  0x00000000080073ec       0x8c ./Middlewares/Third_Party/FatFs/src/ff.o
                0x00000000080073ec                f_mount
 .text.FATFS_LinkDriverEx
                0x0000000008007478       0x98 ./Middlewares/Third_Party/FatFs/src/ff_gen_drv.o
                0x0000000008007478                FATFS_LinkDriverEx
 .text.FATFS_LinkDriver
                0x0000000008007510       0x1e ./Middlewares/Third_Party/FatFs/src/ff_gen_drv.o
                0x0000000008007510                FATFS_LinkDriver
 *fill*         0x000000000800752e        0x2 
 .text.__libc_init_array
                0x0000000008007530       0x48 c:/st/stm32cubeide_1.9.0/stm32cubeide/plugins/com.st.stm32cube.ide.mcu.externaltools.gnu-tools-for-stm32.10.3-2021.10.win32_1.0.0.202111181127/tools/bin/../lib/gcc/arm-none-eabi/10.3.1/../../../../arm-none-eabi/lib/thumb/v7e-m+fp/hard\libc_nano.a(lib_a-init.o)
                0x0000000008007530                __libc_init_array
 .text.memset   0x0000000008007578       0x10 c:/st/stm32cubeide_1.9.0/stm32cubeide/plugins/com.st.stm32cube.ide.mcu.externaltools.gnu-tools-for-stm32.10.3-2021.10.win32_1.0.0.202111181127/tools/bin/../lib/gcc/arm-none-eabi/10.3.1/../../../../arm-none-eabi/lib/thumb/v7e-m+fp/hard\libc_nano.a(lib_a-memset.o)
                0x0000000008007578                memset
 *(.glue_7)
 .glue_7        0x0000000008007588        0x0 linker stubs
 *(.glue_7t)
 .glue_7t       0x0000000008007588        0x0 linker stubs
 *(.eh_frame)
 .eh_frame      0x0000000008007588        0x0 c:/st/stm32cubeide_1.9.0/stm32cubeide/plugins/com.st.stm32cube.ide.mcu.externaltools.gnu-tools-for-stm32.10.3-2021.10.win32_1.0.0.202111181127/tools/bin/../lib/gcc/arm-none-eabi/10.3.1/thumb/v7e-m+fp/hard/crtbegin.o
 *(.init)
 .init          0x0000000008007588        0x4 c:/st/stm32cubeide_1.9.0/stm32cubeide/plugins/com.st.stm32cube.ide.mcu.externaltools.gnu-tools-for-stm32.10.3-2021.10.win32_1.0.0.202111181127/tools/bin/../lib/gcc/arm-none-eabi/10.3.1/thumb/v7e-m+fp/hard/crti.o
                0x0000000008007588                _init
 .init          0x000000000800758c        0x8 c:/st/stm32cubeide_1.9.0/stm32cubeide/plugins/com.st.stm32cube.ide.mcu.externaltools.gnu-tools-for-stm32.10.3-2021.10.win32_1.0.0.202111181127/tools/bin/../lib/gcc/arm-none-eabi/10.3.1/thumb/v7e-m+fp/hard/crtn.o
 *(.fini)
 .fini          0x0000000008007594        0x4 c:/st/stm32cubeide_1.9.0/stm32cubeide/plugins/com.st.stm32cube.ide.mcu.externaltools.gnu-tools-for-stm32.10.3-2021.10.win32_1.0.0.202111181127/tools/bin/../lib/gcc/arm-none-eabi/10.3.1/thumb/v7e-m+fp/hard/crti.o
                0x0000000008007594                _fini
 .fini          0x0000000008007598        0x8 c:/st/stm32cubeide_1.9.0/stm32cubeide/plugins/com.st.stm32cube.ide.mcu.externaltools.gnu-tools-for-stm32.10.3-2021.10.win32_1.0.0.202111181127/tools/bin/../lib/gcc/arm-none-eabi/10.3.1/thumb/v7e-m+fp/hard/crtn.o
                0x00000000080075a0                . = ALIGN (0x4)
                0x00000000080075a0                _etext = .

.vfp11_veneer   0x00000000080075a0        0x0
 .vfp11_veneer  0x00000000080075a0        0x0 linker stubs

.v4_bx          0x00000000080075a0        0x0
 .v4_bx         0x00000000080075a0        0x0 linker stubs

.iplt           0x00000000080075a0        0x0
 .iplt          0x00000000080075a0        0x0 c:/st/stm32cubeide_1.9.0/stm32cubeide/plugins/com.st.stm32cube.ide.mcu.externaltools.gnu-tools-for-stm32.10.3-2021.10.win32_1.0.0.202111181127/tools/bin/../lib/gcc/arm-none-eabi/10.3.1/thumb/v7e-m+fp/hard/crtbegin.o

.rodata         0x00000000080075a0      0x410
                0x00000000080075a0                . = ALIGN (0x4)
 *(.rodata)
 .rodata        0x00000000080075a0      0x3e2 ./Core/Src/file_handling.o
 *(.rodata*)
 *fill*         0x0000000008007982        0x2 
 .rodata.AHBPrescTable
                0x0000000008007984       0x10 ./Core/Src/system_stm32f4xx.o
                0x0000000008007984                AHBPrescTable
 .rodata.APBPrescTable
                0x0000000008007994        0x8 ./Core/Src/system_stm32f4xx.o
                0x0000000008007994                APBPrescTable
 .rodata.SD_Driver
                0x000000000800799c       0x14 ./FATFS/Target/sd_diskio.o
                0x000000000800799c                SD_Driver
                0x00000000080079b0                . = ALIGN (0x4)

.ARM.extab      0x00000000080079b0        0x0
                0x00000000080079b0                . = ALIGN (0x4)
 *(.ARM.extab* .gnu.linkonce.armextab.*)
                0x00000000080079b0                . = ALIGN (0x4)

.ARM            0x00000000080079b0        0x8
                0x00000000080079b0                . = ALIGN (0x4)
                0x00000000080079b0                __exidx_start = .
 *(.ARM.exidx*)
 .ARM.exidx     0x00000000080079b0        0x8 c:/st/stm32cubeide_1.9.0/stm32cubeide/plugins/com.st.stm32cube.ide.mcu.externaltools.gnu-tools-for-stm32.10.3-2021.10.win32_1.0.0.202111181127/tools/bin/../lib/gcc/arm-none-eabi/10.3.1/thumb/v7e-m+fp/hard\libgcc.a(_udivmoddi4.o)
                0x00000000080079b8                __exidx_end = .
                0x00000000080079b8                . = ALIGN (0x4)

.rel.dyn        0x00000000080079b8        0x0
 .rel.iplt      0x00000000080079b8        0x0 c:/st/stm32cubeide_1.9.0/stm32cubeide/plugins/com.st.stm32cube.ide.mcu.externaltools.gnu-tools-for-stm32.10.3-2021.10.win32_1.0.0.202111181127/tools/bin/../lib/gcc/arm-none-eabi/10.3.1/thumb/v7e-m+fp/hard/crtbegin.o

.preinit_array  0x00000000080079b8        0x0
                0x00000000080079b8                . = ALIGN (0x4)
                0x00000000080079b8                PROVIDE (__preinit_array_start = .)
 *(.preinit_array*)
                0x00000000080079b8                PROVIDE (__preinit_array_end = .)
                0x00000000080079b8                . = ALIGN (0x4)

.init_array     0x00000000080079b8        0x4
                0x00000000080079b8                . = ALIGN (0x4)
                0x00000000080079b8                PROVIDE (__init_array_start = .)
 *(SORT_BY_NAME(.init_array.*))
 *(.init_array*)
 .init_array    0x00000000080079b8        0x4 c:/st/stm32cubeide_1.9.0/stm32cubeide/plugins/com.st.stm32cube.ide.mcu.externaltools.gnu-tools-for-stm32.10.3-2021.10.win32_1.0.0.202111181127/tools/bin/../lib/gcc/arm-none-eabi/10.3.1/thumb/v7e-m+fp/hard/crtbegin.o
                0x00000000080079bc                PROVIDE (__init_array_end = .)
                0x00000000080079bc                . = ALIGN (0x4)

.fini_array     0x00000000080079bc        0x4
                0x00000000080079bc                . = ALIGN (0x4)
                [!provide]                        PROVIDE (__fini_array_start = .)
 *(SORT_BY_NAME(.fini_array.*))
 *(.fini_array*)
 .fini_array    0x00000000080079bc        0x4 c:/st/stm32cubeide_1.9.0/stm32cubeide/plugins/com.st.stm32cube.ide.mcu.externaltools.gnu-tools-for-stm32.10.3-2021.10.win32_1.0.0.202111181127/tools/bin/../lib/gcc/arm-none-eabi/10.3.1/thumb/v7e-m+fp/hard/crtbegin.o
                [!provide]                        PROVIDE (__fini_array_end = .)
                0x00000000080079c0                . = ALIGN (0x4)
                0x00000000080079c0                _sidata = LOADADDR (.data)

.data           0x0000000020000000        0xc load address 0x00000000080079c0
                0x0000000020000000                . = ALIGN (0x4)
                0x0000000020000000                _sdata = .
 *(.data)
 *(.data*)
 .data.SystemCoreClock
                0x0000000020000000        0x4 ./Core/Src/system_stm32f4xx.o
                0x0000000020000000                SystemCoreClock
 .data.uwTickPrio
                0x0000000020000004        0x4 ./Drivers/STM32F4xx_HAL_Driver/Src/stm32f4xx_hal.o
                0x0000000020000004                uwTickPrio
 .data.uwTickFreq
                0x0000000020000008        0x1 ./Drivers/STM32F4xx_HAL_Driver/Src/stm32f4xx_hal.o
                0x0000000020000008                uwTickFreq
 .data.Stat     0x0000000020000009        0x1 ./FATFS/Target/sd_diskio.o
 *(.RamFunc)
 *(.RamFunc*)
                0x000000002000000c                . = ALIGN (0x4)
 *fill*         0x000000002000000a        0x2 
                0x000000002000000c                _edata = .
                0x00000000080079cc                _siccmram = LOADADDR (.ccmram)

.igot.plt       0x000000002000000c        0x0 load address 0x00000000080079cc
 .igot.plt      0x000000002000000c        0x0 c:/st/stm32cubeide_1.9.0/stm32cubeide/plugins/com.st.stm32cube.ide.mcu.externaltools.gnu-tools-for-stm32.10.3-2021.10.win32_1.0.0.202111181127/tools/bin/../lib/gcc/arm-none-eabi/10.3.1/thumb/v7e-m+fp/hard/crtbegin.o

.ccmram         0x0000000010000000        0x0 load address 0x00000000080079cc
                0x0000000010000000                . = ALIGN (0x4)
                0x0000000010000000                _sccmram = .
 *(.ccmram)
 *(.ccmram*)
                0x0000000010000000                . = ALIGN (0x4)
                0x0000000010000000                _eccmram = .
                0x0000000010000000                . = ALIGN (0x4)

.bss            0x000000002000000c      0x9c0
                0x000000002000000c                _sbss = .
                0x000000002000000c                __bss_start__ = _sbss
 *(.bss)
 .bss           0x000000002000000c       0x1c c:/st/stm32cubeide_1.9.0/stm32cubeide/plugins/com.st.stm32cube.ide.mcu.externaltools.gnu-tools-for-stm32.10.3-2021.10.win32_1.0.0.202111181127/tools/bin/../lib/gcc/arm-none-eabi/10.3.1/thumb/v7e-m+fp/hard/crtbegin.o
 *(.bss*)
 .bss.rx_buffer
                0x0000000020000028       0x48 ./Core/Src/UartRingbuffer.o
                0x0000000020000028                rx_buffer
 .bss.tx_buffer
                0x0000000020000070       0x48 ./Core/Src/UartRingbuffer.o
                0x0000000020000070                tx_buffer
 .bss._rx_buffer
                0x00000000200000b8        0x4 ./Core/Src/UartRingbuffer.o
                0x00000000200000b8                _rx_buffer
 .bss._tx_buffer
                0x00000000200000bc        0x4 ./Core/Src/UartRingbuffer.o
                0x00000000200000bc                _tx_buffer
 .bss.fs        0x00000000200000c0      0x230 ./Core/Src/file_handling.o
                0x00000000200000c0                fs
 .bss.fresult   0x00000000200002f0        0x1 ./Core/Src/file_handling.o
                0x00000000200002f0                fresult
 *fill*         0x00000000200002f1        0x3 
 .bss.buffer    0x00000000200002f4       0x80 ./Core/Src/file_handling.o
                0x00000000200002f4                buffer
 .bss.hsd       0x0000000020000374       0x84 ./Core/Src/main.o
                0x0000000020000374                hsd
 .bss.huart1    0x00000000200003f8       0x44 ./Core/Src/main.o
                0x00000000200003f8                huart1
 .bss.huart2    0x000000002000043c       0x44 ./Core/Src/main.o
                0x000000002000043c                huart2
 .bss.hpcd_USB_OTG_FS
                0x0000000020000480      0x50c ./Core/Src/main.o
                0x0000000020000480                hpcd_USB_OTG_FS
 .bss.uwTick    0x000000002000098c        0x4 ./Drivers/STM32F4xx_HAL_Driver/Src/stm32f4xx_hal.o
                0x000000002000098c                uwTick
 .bss.retSD     0x0000000020000990        0x1 ./FATFS/App/fatfs.o
                0x0000000020000990                retSD
 *fill*         0x0000000020000991        0x3 
 .bss.SDPath    0x0000000020000994        0x4 ./FATFS/App/fatfs.o
                0x0000000020000994                SDPath
 .bss.FatFs     0x0000000020000998        0x4 ./Middlewares/Third_Party/FatFs/src/ff.o
 .bss.Fsid      0x000000002000099c        0x2 ./Middlewares/Third_Party/FatFs/src/ff.o
 *fill*         0x000000002000099e        0x2 
 .bss.Files     0x00000000200009a0       0x20 ./Middlewares/Third_Party/FatFs/src/ff.o
 .bss.disk      0x00000000200009c0        0xc ./Middlewares/Third_Party/FatFs/src/ff_gen_drv.o
                0x00000000200009c0                disk
 *(COMMON)
                0x00000000200009cc                . = ALIGN (0x4)
                0x00000000200009cc                _ebss = .
                0x00000000200009cc                __bss_end__ = _ebss

._user_heap_stack
                0x00000000200009cc      0x604
                0x00000000200009d0                . = ALIGN (0x8)
 *fill*         0x00000000200009cc        0x4 
                [!provide]                        PROVIDE (end = .)
                0x00000000200009d0                PROVIDE (_end = .)
                0x0000000020000bd0                . = (. + _Min_Heap_Size)
 *fill*         0x00000000200009d0      0x200 
                0x0000000020000fd0                . = (. + _Min_Stack_Size)
 *fill*         0x0000000020000bd0      0x400 
                0x0000000020000fd0                . = ALIGN (0x8)

/DISCARD/
 libc.a(*)
 libm.a(*)
 libgcc.a(*)

.ARM.attributes
                0x0000000000000000       0x30
 *(.ARM.attributes)
 .ARM.attributes
                0x0000000000000000       0x1e c:/st/stm32cubeide_1.9.0/stm32cubeide/plugins/com.st.stm32cube.ide.mcu.externaltools.gnu-tools-for-stm32.10.3-2021.10.win32_1.0.0.202111181127/tools/bin/../lib/gcc/arm-none-eabi/10.3.1/thumb/v7e-m+fp/hard/crti.o
 .ARM.attributes
                0x000000000000001e       0x34 c:/st/stm32cubeide_1.9.0/stm32cubeide/plugins/com.st.stm32cube.ide.mcu.externaltools.gnu-tools-for-stm32.10.3-2021.10.win32_1.0.0.202111181127/tools/bin/../lib/gcc/arm-none-eabi/10.3.1/thumb/v7e-m+fp/hard/crtbegin.o
 .ARM.attributes
                0x0000000000000052       0x34 ./Core/Src/UartRingbuffer.o
 .ARM.attributes
                0x0000000000000086       0x34 ./Core/Src/file_handling.o
 .ARM.attributes
                0x00000000000000ba       0x34 ./Core/Src/main.o
 .ARM.attributes
                0x00000000000000ee       0x34 ./Core/Src/stm32f4xx_hal_msp.o
 .ARM.attributes
                0x0000000000000122       0x34 ./Core/Src/stm32f4xx_it.o
 .ARM.attributes
                0x0000000000000156       0x34 ./Core/Src/system_stm32f4xx.o
 .ARM.attributes
                0x000000000000018a       0x21 ./Core/Startup/startup_stm32f407vetx.o
 .ARM.attributes
                0x00000000000001ab       0x34 ./Drivers/STM32F4xx_HAL_Driver/Src/stm32f4xx_hal.o
 .ARM.attributes
                0x00000000000001df       0x34 ./Drivers/STM32F4xx_HAL_Driver/Src/stm32f4xx_hal_cortex.o
 .ARM.attributes
                0x0000000000000213       0x34 ./Drivers/STM32F4xx_HAL_Driver/Src/stm32f4xx_hal_dma.o
 .ARM.attributes
                0x0000000000000247       0x34 ./Drivers/STM32F4xx_HAL_Driver/Src/stm32f4xx_hal_gpio.o
 .ARM.attributes
                0x000000000000027b       0x34 ./Drivers/STM32F4xx_HAL_Driver/Src/stm32f4xx_hal_pcd.o
 .ARM.attributes
                0x00000000000002af       0x34 ./Drivers/STM32F4xx_HAL_Driver/Src/stm32f4xx_hal_pcd_ex.o
 .ARM.attributes
                0x00000000000002e3       0x34 ./Drivers/STM32F4xx_HAL_Driver/Src/stm32f4xx_hal_rcc.o
 .ARM.attributes
                0x0000000000000317       0x34 ./Drivers/STM32F4xx_HAL_Driver/Src/stm32f4xx_hal_sd.o
 .ARM.attributes
                0x000000000000034b       0x34 ./Drivers/STM32F4xx_HAL_Driver/Src/stm32f4xx_hal_uart.o
 .ARM.attributes
                0x000000000000037f       0x34 ./Drivers/STM32F4xx_HAL_Driver/Src/stm32f4xx_ll_sdmmc.o
 .ARM.attributes
                0x00000000000003b3       0x34 ./Drivers/STM32F4xx_HAL_Driver/Src/stm32f4xx_ll_usb.o
 .ARM.attributes
                0x00000000000003e7       0x34 ./FATFS/App/fatfs.o
 .ARM.attributes
                0x000000000000041b       0x34 ./FATFS/Target/bsp_driver_sd.o
 .ARM.attributes
                0x000000000000044f       0x34 ./FATFS/Target/sd_diskio.o
 .ARM.attributes
                0x0000000000000483       0x34 ./Middlewares/Third_Party/FatFs/src/diskio.o
 .ARM.attributes
                0x00000000000004b7       0x34 ./Middlewares/Third_Party/FatFs/src/ff.o
 .ARM.attributes
                0x00000000000004eb       0x34 ./Middlewares/Third_Party/FatFs/src/ff_gen_drv.o
 .ARM.attributes
                0x000000000000051f       0x34 c:/st/stm32cubeide_1.9.0/stm32cubeide/plugins/com.st.stm32cube.ide.mcu.externaltools.gnu-tools-for-stm32.10.3-2021.10.win32_1.0.0.202111181127/tools/bin/../lib/gcc/arm-none-eabi/10.3.1/../../../../arm-none-eabi/lib/thumb/v7e-m+fp/hard\libc_nano.a(lib_a-init.o)
 .ARM.attributes
                0x0000000000000553       0x34 c:/st/stm32cubeide_1.9.0/stm32cubeide/plugins/com.st.stm32cube.ide.mcu.externaltools.gnu-tools-for-stm32.10.3-2021.10.win32_1.0.0.202111181127/tools/bin/../lib/gcc/arm-none-eabi/10.3.1/../../../../arm-none-eabi/lib/thumb/v7e-m+fp/hard\libc_nano.a(lib_a-memset.o)
 .ARM.attributes
                0x0000000000000587       0x1e c:/st/stm32cubeide_1.9.0/stm32cubeide/plugins/com.st.stm32cube.ide.mcu.externaltools.gnu-tools-for-stm32.10.3-2021.10.win32_1.0.0.202111181127/tools/bin/../lib/gcc/arm-none-eabi/10.3.1/thumb/v7e-m+fp/hard\libgcc.a(_aeabi_uldivmod.o)
 .ARM.attributes
                0x00000000000005a5       0x34 c:/st/stm32cubeide_1.9.0/stm32cubeide/plugins/com.st.stm32cube.ide.mcu.externaltools.gnu-tools-for-stm32.10.3-2021.10.win32_1.0.0.202111181127/tools/bin/../lib/gcc/arm-none-eabi/10.3.1/thumb/v7e-m+fp/hard\libgcc.a(_udivmoddi4.o)
 .ARM.attributes
                0x00000000000005d9       0x1e c:/st/stm32cubeide_1.9.0/stm32cubeide/plugins/com.st.stm32cube.ide.mcu.externaltools.gnu-tools-for-stm32.10.3-2021.10.win32_1.0.0.202111181127/tools/bin/../lib/gcc/arm-none-eabi/10.3.1/thumb/v7e-m+fp/hard\libgcc.a(_dvmd_tls.o)
 .ARM.attributes
                0x00000000000005f7       0x1e c:/st/stm32cubeide_1.9.0/stm32cubeide/plugins/com.st.stm32cube.ide.mcu.externaltools.gnu-tools-for-stm32.10.3-2021.10.win32_1.0.0.202111181127/tools/bin/../lib/gcc/arm-none-eabi/10.3.1/thumb/v7e-m+fp/hard/crtn.o
OUTPUT(SD_syetem.elf elf32-littlearm)
LOAD linker stubs
LOAD c:/st/stm32cubeide_1.9.0/stm32cubeide/plugins/com.st.stm32cube.ide.mcu.externaltools.gnu-tools-for-stm32.10.3-2021.10.win32_1.0.0.202111181127/tools/bin/../lib/gcc/arm-none-eabi/10.3.1/../../../../arm-none-eabi/lib/thumb/v7e-m+fp/hard\libc.a
LOAD c:/st/stm32cubeide_1.9.0/stm32cubeide/plugins/com.st.stm32cube.ide.mcu.externaltools.gnu-tools-for-stm32.10.3-2021.10.win32_1.0.0.202111181127/tools/bin/../lib/gcc/arm-none-eabi/10.3.1/../../../../arm-none-eabi/lib/thumb/v7e-m+fp/hard\libm.a
LOAD c:/st/stm32cubeide_1.9.0/stm32cubeide/plugins/com.st.stm32cube.ide.mcu.externaltools.gnu-tools-for-stm32.10.3-2021.10.win32_1.0.0.202111181127/tools/bin/../lib/gcc/arm-none-eabi/10.3.1/thumb/v7e-m+fp/hard\libgcc.a

.debug_info     0x0000000000000000    0x15b1f
 .debug_info    0x0000000000000000      0x9f3 ./Core/Src/UartRingbuffer.o
 .debug_info    0x00000000000009f3      0xa9b ./Core/Src/file_handling.o
 .debug_info    0x000000000000148e     0x14f4 ./Core/Src/main.o
 .debug_info    0x0000000000002982     0x155a ./Core/Src/stm32f4xx_hal_msp.o
 .debug_info    0x0000000000003edc      0xb48 ./Core/Src/stm32f4xx_it.o
 .debug_info    0x0000000000004a24      0x523 ./Core/Src/system_stm32f4xx.o
 .debug_info    0x0000000000004f47       0x22 ./Core/Startup/startup_stm32f407vetx.o
 .debug_info    0x0000000000004f69      0x97c ./Drivers/STM32F4xx_HAL_Driver/Src/stm32f4xx_hal.o
 .debug_info    0x00000000000058e5      0xe1b ./Drivers/STM32F4xx_HAL_Driver/Src/stm32f4xx_hal_cortex.o
 .debug_info    0x0000000000006700      0x94f ./Drivers/STM32F4xx_HAL_Driver/Src/stm32f4xx_hal_dma.o
 .debug_info    0x000000000000704f      0x76a ./Drivers/STM32F4xx_HAL_Driver/Src/stm32f4xx_hal_gpio.o
 .debug_info    0x00000000000077b9     0x1695 ./Drivers/STM32F4xx_HAL_Driver/Src/stm32f4xx_hal_pcd.o
 .debug_info    0x0000000000008e4e      0x717 ./Drivers/STM32F4xx_HAL_Driver/Src/stm32f4xx_hal_pcd_ex.o
 .debug_info    0x0000000000009565      0x966 ./Drivers/STM32F4xx_HAL_Driver/Src/stm32f4xx_hal_rcc.o
 .debug_info    0x0000000000009ecb     0x1d34 ./Drivers/STM32F4xx_HAL_Driver/Src/stm32f4xx_hal_sd.o
 .debug_info    0x000000000000bbff     0x31bc ./Drivers/STM32F4xx_HAL_Driver/Src/stm32f4xx_hal_uart.o
 .debug_info    0x000000000000edbb     0x11dd ./Drivers/STM32F4xx_HAL_Driver/Src/stm32f4xx_ll_sdmmc.o
 .debug_info    0x000000000000ff98     0x1a97 ./Drivers/STM32F4xx_HAL_Driver/Src/stm32f4xx_ll_usb.o
 .debug_info    0x0000000000011a2f      0x4fa ./FATFS/App/fatfs.o
 .debug_info    0x0000000000011f29      0xb55 ./FATFS/Target/bsp_driver_sd.o
 .debug_info    0x0000000000012a7e      0x4e9 ./FATFS/Target/sd_diskio.o
 .debug_info    0x0000000000012f67      0x412 ./Middlewares/Third_Party/FatFs/src/diskio.o
 .debug_info    0x0000000000013379     0x23fd ./Middlewares/Third_Party/FatFs/src/ff.o
 .debug_info    0x0000000000015776      0x3a9 ./Middlewares/Third_Party/FatFs/src/ff_gen_drv.o

.debug_abbrev   0x0000000000000000     0x32b6
 .debug_abbrev  0x0000000000000000      0x251 ./Core/Src/UartRingbuffer.o
 .debug_abbrev  0x0000000000000251      0x2ba ./Core/Src/file_handling.o
 .debug_abbrev  0x000000000000050b      0x31b ./Core/Src/main.o
 .debug_abbrev  0x0000000000000826      0x248 ./Core/Src/stm32f4xx_hal_msp.o
 .debug_abbrev  0x0000000000000a6e      0x1de ./Core/Src/stm32f4xx_it.o
 .debug_abbrev  0x0000000000000c4c      0x116 ./Core/Src/system_stm32f4xx.o
 .debug_abbrev  0x0000000000000d62       0x12 ./Core/Startup/startup_stm32f407vetx.o
 .debug_abbrev  0x0000000000000d74      0x20d ./Drivers/STM32F4xx_HAL_Driver/Src/stm32f4xx_hal.o
 .debug_abbrev  0x0000000000000f81      0x316 ./Drivers/STM32F4xx_HAL_Driver/Src/stm32f4xx_hal_cortex.o
 .debug_abbrev  0x0000000000001297      0x25b ./Drivers/STM32F4xx_HAL_Driver/Src/stm32f4xx_hal_dma.o
 .debug_abbrev  0x00000000000014f2      0x1c4 ./Drivers/STM32F4xx_HAL_Driver/Src/stm32f4xx_hal_gpio.o
 .debug_abbrev  0x00000000000016b6      0x2bb ./Drivers/STM32F4xx_HAL_Driver/Src/stm32f4xx_hal_pcd.o
 .debug_abbrev  0x0000000000001971      0x1ce ./Drivers/STM32F4xx_HAL_Driver/Src/stm32f4xx_hal_pcd_ex.o
 .debug_abbrev  0x0000000000001b3f      0x2aa ./Drivers/STM32F4xx_HAL_Driver/Src/stm32f4xx_hal_rcc.o
 .debug_abbrev  0x0000000000001de9      0x288 ./Drivers/STM32F4xx_HAL_Driver/Src/stm32f4xx_hal_sd.o
 .debug_abbrev  0x0000000000002071      0x2f4 ./Drivers/STM32F4xx_HAL_Driver/Src/stm32f4xx_hal_uart.o
 .debug_abbrev  0x0000000000002365      0x1ce ./Drivers/STM32F4xx_HAL_Driver/Src/stm32f4xx_ll_sdmmc.o
 .debug_abbrev  0x0000000000002533      0x296 ./Drivers/STM32F4xx_HAL_Driver/Src/stm32f4xx_ll_usb.o
 .debug_abbrev  0x00000000000027c9      0x15a ./FATFS/App/fatfs.o
 .debug_abbrev  0x0000000000002923      0x295 ./FATFS/Target/bsp_driver_sd.o
 .debug_abbrev  0x0000000000002bb8      0x187 ./FATFS/Target/sd_diskio.o
 .debug_abbrev  0x0000000000002d3f      0x178 ./Middlewares/Third_Party/FatFs/src/diskio.o
 .debug_abbrev  0x0000000000002eb7      0x269 ./Middlewares/Third_Party/FatFs/src/ff.o
 .debug_abbrev  0x0000000000003120      0x196 ./Middlewares/Third_Party/FatFs/src/ff_gen_drv.o

.debug_aranges  0x0000000000000000     0x11a8
 .debug_aranges
                0x0000000000000000       0x70 ./Core/Src/UartRingbuffer.o
 .debug_aranges
                0x0000000000000070       0xa0 ./Core/Src/file_handling.o
 .debug_aranges
                0x0000000000000110       0x58 ./Core/Src/main.o
 .debug_aranges
                0x0000000000000168       0x50 ./Core/Src/stm32f4xx_hal_msp.o
 .debug_aranges
                0x00000000000001b8       0x78 ./Core/Src/stm32f4xx_it.o
 .debug_aranges
                0x0000000000000230       0x28 ./Core/Src/system_stm32f4xx.o
 .debug_aranges
                0x0000000000000258       0x28 ./Core/Startup/startup_stm32f407vetx.o
 .debug_aranges
                0x0000000000000280       0xf0 ./Drivers/STM32F4xx_HAL_Driver/Src/stm32f4xx_hal.o
 .debug_aranges
                0x0000000000000370      0x118 ./Drivers/STM32F4xx_HAL_Driver/Src/stm32f4xx_hal_cortex.o
 .debug_aranges
                0x0000000000000488       0x90 ./Drivers/STM32F4xx_HAL_Driver/Src/stm32f4xx_hal_dma.o
 .debug_aranges
                0x0000000000000518       0x58 ./Drivers/STM32F4xx_HAL_Driver/Src/stm32f4xx_hal_gpio.o
 .debug_aranges
                0x0000000000000570      0x148 ./Drivers/STM32F4xx_HAL_Driver/Src/stm32f4xx_hal_pcd.o
 .debug_aranges
                0x00000000000006b8       0x38 ./Drivers/STM32F4xx_HAL_Driver/Src/stm32f4xx_hal_pcd_ex.o
 .debug_aranges
                0x00000000000006f0       0x88 ./Drivers/STM32F4xx_HAL_Driver/Src/stm32f4xx_hal_rcc.o
 .debug_aranges
                0x0000000000000778      0x168 ./Drivers/STM32F4xx_HAL_Driver/Src/stm32f4xx_hal_sd.o
 .debug_aranges
                0x00000000000008e0      0x200 ./Drivers/STM32F4xx_HAL_Driver/Src/stm32f4xx_hal_uart.o
 .debug_aranges
                0x0000000000000ae0      0x188 ./Drivers/STM32F4xx_HAL_Driver/Src/stm32f4xx_ll_sdmmc.o
 .debug_aranges
                0x0000000000000c68      0x1a0 ./Drivers/STM32F4xx_HAL_Driver/Src/stm32f4xx_ll_usb.o
 .debug_aranges
                0x0000000000000e08       0x28 ./FATFS/App/fatfs.o
 .debug_aranges
                0x0000000000000e30       0xa0 ./FATFS/Target/bsp_driver_sd.o
 .debug_aranges
                0x0000000000000ed0       0x48 ./FATFS/Target/sd_diskio.o
 .debug_aranges
                0x0000000000000f18       0x48 ./Middlewares/Third_Party/FatFs/src/diskio.o
 .debug_aranges
                0x0000000000000f60      0x208 ./Middlewares/Third_Party/FatFs/src/ff.o
 .debug_aranges
                0x0000000000001168       0x40 ./Middlewares/Third_Party/FatFs/src/ff_gen_drv.o

.debug_ranges   0x0000000000000000     0x1078
 .debug_ranges  0x0000000000000000       0x60 ./Core/Src/UartRingbuffer.o
 .debug_ranges  0x0000000000000060       0xa8 ./Core/Src/file_handling.o
 .debug_ranges  0x0000000000000108       0x48 ./Core/Src/main.o
 .debug_ranges  0x0000000000000150       0x40 ./Core/Src/stm32f4xx_hal_msp.o
 .debug_ranges  0x0000000000000190       0x68 ./Core/Src/stm32f4xx_it.o
 .debug_ranges  0x00000000000001f8       0x18 ./Core/Src/system_stm32f4xx.o
 .debug_ranges  0x0000000000000210       0x20 ./Core/Startup/startup_stm32f407vetx.o
 .debug_ranges  0x0000000000000230       0xe0 ./Drivers/STM32F4xx_HAL_Driver/Src/stm32f4xx_hal.o
 .debug_ranges  0x0000000000000310      0x108 ./Drivers/STM32F4xx_HAL_Driver/Src/stm32f4xx_hal_cortex.o
 .debug_ranges  0x0000000000000418       0x80 ./Drivers/STM32F4xx_HAL_Driver/Src/stm32f4xx_hal_dma.o
 .debug_ranges  0x0000000000000498       0x48 ./Drivers/STM32F4xx_HAL_Driver/Src/stm32f4xx_hal_gpio.o
 .debug_ranges  0x00000000000004e0      0x138 ./Drivers/STM32F4xx_HAL_Driver/Src/stm32f4xx_hal_pcd.o
 .debug_ranges  0x0000000000000618       0x28 ./Drivers/STM32F4xx_HAL_Driver/Src/stm32f4xx_hal_pcd_ex.o
 .debug_ranges  0x0000000000000640       0x78 ./Drivers/STM32F4xx_HAL_Driver/Src/stm32f4xx_hal_rcc.o
 .debug_ranges  0x00000000000006b8      0x158 ./Drivers/STM32F4xx_HAL_Driver/Src/stm32f4xx_hal_sd.o
 .debug_ranges  0x0000000000000810      0x220 ./Drivers/STM32F4xx_HAL_Driver/Src/stm32f4xx_hal_uart.o
 .debug_ranges  0x0000000000000a30      0x178 ./Drivers/STM32F4xx_HAL_Driver/Src/stm32f4xx_ll_sdmmc.o
 .debug_ranges  0x0000000000000ba8      0x190 ./Drivers/STM32F4xx_HAL_Driver/Src/stm32f4xx_ll_usb.o
 .debug_ranges  0x0000000000000d38       0x18 ./FATFS/App/fatfs.o
 .debug_ranges  0x0000000000000d50       0x90 ./FATFS/Target/bsp_driver_sd.o
 .debug_ranges  0x0000000000000de0       0x38 ./FATFS/Target/sd_diskio.o
 .debug_ranges  0x0000000000000e18       0x38 ./Middlewares/Third_Party/FatFs/src/diskio.o
 .debug_ranges  0x0000000000000e50      0x1f8 ./Middlewares/Third_Party/FatFs/src/ff.o
 .debug_ranges  0x0000000000001048       0x30 ./Middlewares/Third_Party/FatFs/src/ff_gen_drv.o

.debug_macro    0x0000000000000000    0x23baf
 .debug_macro   0x0000000000000000      0x2db ./Core/Src/UartRingbuffer.o
 .debug_macro   0x00000000000002db      0xa78 ./Core/Src/UartRingbuffer.o
 .debug_macro   0x0000000000000d53      0x2a1 ./Core/Src/UartRingbuffer.o
 .debug_macro   0x0000000000000ff4       0x2e ./Core/Src/UartRingbuffer.o
 .debug_macro   0x0000000000001022       0x2f ./Core/Src/UartRingbuffer.o
 .debug_macro   0x0000000000001051       0x22 ./Core/Src/UartRingbuffer.o
 .debug_macro   0x0000000000001073       0x8e ./Core/Src/UartRingbuffer.o
 .debug_macro   0x0000000000001101       0x51 ./Core/Src/UartRingbuffer.o
 .debug_macro   0x0000000000001152      0x103 ./Core/Src/UartRingbuffer.o
 .debug_macro   0x0000000000001255       0x6a ./Core/Src/UartRingbuffer.o
 .debug_macro   0x00000000000012bf      0x1df ./Core/Src/UartRingbuffer.o
 .debug_macro   0x000000000000149e       0x1c ./Core/Src/UartRingbuffer.o
 .debug_macro   0x00000000000014ba       0x22 ./Core/Src/UartRingbuffer.o
 .debug_macro   0x00000000000014dc       0xd9 ./Core/Src/UartRingbuffer.o
 .debug_macro   0x00000000000015b5     0x102d ./Core/Src/UartRingbuffer.o
 .debug_macro   0x00000000000025e2      0x11f ./Core/Src/UartRingbuffer.o
 .debug_macro   0x0000000000002701    0x15e82 ./Core/Src/UartRingbuffer.o
 .debug_macro   0x0000000000018583       0x6d ./Core/Src/UartRingbuffer.o
 .debug_macro   0x00000000000185f0     0x367e ./Core/Src/UartRingbuffer.o
 .debug_macro   0x000000000001bc6e      0x174 ./Core/Src/UartRingbuffer.o
 .debug_macro   0x000000000001bde2       0x5c ./Core/Src/UartRingbuffer.o
 .debug_macro   0x000000000001be3e      0x96b ./Core/Src/UartRingbuffer.o
 .debug_macro   0x000000000001c7a9      0x9fe ./Core/Src/UartRingbuffer.o
 .debug_macro   0x000000000001d1a7      0x115 ./Core/Src/UartRingbuffer.o
 .debug_macro   0x000000000001d2bc      0x13e ./Core/Src/UartRingbuffer.o
 .debug_macro   0x000000000001d3fa       0xa5 ./Core/Src/UartRingbuffer.o
 .debug_macro   0x000000000001d49f      0x174 ./Core/Src/UartRingbuffer.o
 .debug_macro   0x000000000001d613      0x287 ./Core/Src/UartRingbuffer.o
 .debug_macro   0x000000000001d89a       0x5f ./Core/Src/UartRingbuffer.o
 .debug_macro   0x000000000001d8f9      0x236 ./Core/Src/UartRingbuffer.o
 .debug_macro   0x000000000001db2f      0x12c ./Core/Src/UartRingbuffer.o
 .debug_macro   0x000000000001dc5b      0x21e ./Core/Src/UartRingbuffer.o
 .debug_macro   0x000000000001de79       0x2e ./Core/Src/UartRingbuffer.o
 .debug_macro   0x000000000001dea7      0x11a ./Core/Src/UartRingbuffer.o
 .debug_macro   0x000000000001dfc1       0x7e ./Core/Src/UartRingbuffer.o
 .debug_macro   0x000000000001e03f       0x89 ./Core/Src/UartRingbuffer.o
 .debug_macro   0x000000000001e0c8      0x861 ./Core/Src/UartRingbuffer.o
 .debug_macro   0x000000000001e929      0x1d5 ./Core/Src/UartRingbuffer.o
 .debug_macro   0x000000000001eafe      0x295 ./Core/Src/UartRingbuffer.o
 .debug_macro   0x000000000001ed93      0x248 ./Core/Src/UartRingbuffer.o
 .debug_macro   0x000000000001efdb       0xba ./Core/Src/UartRingbuffer.o
 .debug_macro   0x000000000001f095      0x12d ./Core/Src/UartRingbuffer.o
 .debug_macro   0x000000000001f1c2       0x52 ./Core/Src/UartRingbuffer.o
 .debug_macro   0x000000000001f214       0x1e ./Core/Src/UartRingbuffer.o
 .debug_macro   0x000000000001f232       0x3c ./Core/Src/UartRingbuffer.o
 .debug_macro   0x000000000001f26e       0x34 ./Core/Src/UartRingbuffer.o
 .debug_macro   0x000000000001f2a2       0x16 ./Core/Src/UartRingbuffer.o
 .debug_macro   0x000000000001f2b8       0x43 ./Core/Src/UartRingbuffer.o
 .debug_macro   0x000000000001f2fb       0x34 ./Core/Src/UartRingbuffer.o
 .debug_macro   0x000000000001f32f       0x10 ./Core/Src/UartRingbuffer.o
 .debug_macro   0x000000000001f33f       0x58 ./Core/Src/UartRingbuffer.o
 .debug_macro   0x000000000001f397       0x71 ./Core/Src/UartRingbuffer.o
 .debug_macro   0x000000000001f408       0x1c ./Core/Src/UartRingbuffer.o
 .debug_macro   0x000000000001f424      0x12a ./Core/Src/UartRingbuffer.o
 .debug_macro   0x000000000001f54e      0x341 ./Core/Src/UartRingbuffer.o
 .debug_macro   0x000000000001f88f       0x10 ./Core/Src/UartRingbuffer.o
 .debug_macro   0x000000000001f89f       0x35 ./Core/Src/UartRingbuffer.o
 .debug_macro   0x000000000001f8d4       0x20 ./Core/Src/UartRingbuffer.o
 .debug_macro   0x000000000001f8f4      0x43d ./Core/Src/file_handling.o
 .debug_macro   0x000000000001fd31       0x1c ./Core/Src/file_handling.o
 .debug_macro   0x000000000001fd4d       0x3a ./Core/Src/file_handling.o
 .debug_macro   0x000000000001fd87       0xe5 ./Core/Src/file_handling.o
 .debug_macro   0x000000000001fe6c       0x16 ./Core/Src/file_handling.o
 .debug_macro   0x000000000001fe82       0x16 ./Core/Src/file_handling.o
 .debug_macro   0x000000000001fe98       0x29 ./Core/Src/file_handling.o
 .debug_macro   0x000000000001fec1       0x12 ./Core/Src/file_handling.o
 .debug_macro   0x000000000001fed3       0xe2 ./Core/Src/file_handling.o
 .debug_macro   0x000000000001ffb5       0x8e ./Core/Src/file_handling.o
 .debug_macro   0x0000000000020043       0x16 ./Core/Src/file_handling.o
 .debug_macro   0x0000000000020059       0x1c ./Core/Src/file_handling.o
 .debug_macro   0x0000000000020075       0x10 ./Core/Src/file_handling.o
 .debug_macro   0x0000000000020085       0x10 ./Core/Src/file_handling.o
 .debug_macro   0x0000000000020095       0x1c ./Core/Src/file_handling.o
 .debug_macro   0x00000000000200b1       0x52 ./Core/Src/file_handling.o
 .debug_macro   0x0000000000020103       0x22 ./Core/Src/file_handling.o
 .debug_macro   0x0000000000020125       0x10 ./Core/Src/file_handling.o
 .debug_macro   0x0000000000020135       0x52 ./Core/Src/file_handling.o
 .debug_macro   0x0000000000020187       0xd5 ./Core/Src/file_handling.o
 .debug_macro   0x000000000002025c       0x1c ./Core/Src/file_handling.o
 .debug_macro   0x0000000000020278       0x3d ./Core/Src/file_handling.o
 .debug_macro   0x00000000000202b5       0x16 ./Core/Src/file_handling.o
 .debug_macro   0x00000000000202cb      0x145 ./Core/Src/file_handling.o
 .debug_macro   0x0000000000020410       0x10 ./Core/Src/file_handling.o
 .debug_macro   0x0000000000020420       0x10 ./Core/Src/file_handling.o
 .debug_macro   0x0000000000020430      0x43d ./Core/Src/main.o
 .debug_macro   0x000000000002086d      0x206 ./Core/Src/stm32f4xx_hal_msp.o
 .debug_macro   0x0000000000020a73      0x210 ./Core/Src/stm32f4xx_it.o
 .debug_macro   0x0000000000020c83      0x1f7 ./Core/Src/system_stm32f4xx.o
 .debug_macro   0x0000000000020e7a      0x257 ./Drivers/STM32F4xx_HAL_Driver/Src/stm32f4xx_hal.o
 .debug_macro   0x00000000000210d1      0x1f7 ./Drivers/STM32F4xx_HAL_Driver/Src/stm32f4xx_hal_cortex.o
 .debug_macro   0x00000000000212c8      0x1fd ./Drivers/STM32F4xx_HAL_Driver/Src/stm32f4xx_hal_dma.o
 .debug_macro   0x00000000000214c5      0x1fd ./Drivers/STM32F4xx_HAL_Driver/Src/stm32f4xx_hal_gpio.o
 .debug_macro   0x00000000000216c2      0x203 ./Drivers/STM32F4xx_HAL_Driver/Src/stm32f4xx_hal_pcd.o
 .debug_macro   0x00000000000218c5      0x1f7 ./Drivers/STM32F4xx_HAL_Driver/Src/stm32f4xx_hal_pcd_ex.o
 .debug_macro   0x0000000000021abc      0x21b ./Drivers/STM32F4xx_HAL_Driver/Src/stm32f4xx_hal_rcc.o
 .debug_macro   0x0000000000021cd7      0x1f8 ./Drivers/STM32F4xx_HAL_Driver/Src/stm32f4xx_hal_sd.o
 .debug_macro   0x0000000000021ecf      0x1f8 ./Drivers/STM32F4xx_HAL_Driver/Src/stm32f4xx_hal_uart.o
 .debug_macro   0x00000000000220c7      0x1f8 ./Drivers/STM32F4xx_HAL_Driver/Src/stm32f4xx_ll_sdmmc.o
 .debug_macro   0x00000000000222bf      0x1f7 ./Drivers/STM32F4xx_HAL_Driver/Src/stm32f4xx_ll_usb.o
 .debug_macro   0x00000000000224b6      0x334 ./FATFS/App/fatfs.o
 .debug_macro   0x00000000000227ea      0x206 ./FATFS/Target/bsp_driver_sd.o
 .debug_macro   0x00000000000229f0       0x34 ./FATFS/Target/bsp_driver_sd.o
 .debug_macro   0x0000000000022a24      0x337 ./FATFS/Target/sd_diskio.o
 .debug_macro   0x0000000000022d5b       0x16 ./FATFS/Target/sd_diskio.o
 .debug_macro   0x0000000000022d71       0x7c ./FATFS/Target/sd_diskio.o
 .debug_macro   0x0000000000022ded      0x321 ./Middlewares/Third_Party/FatFs/src/diskio.o
 .debug_macro   0x000000000002310e      0x728 ./Middlewares/Third_Party/FatFs/src/ff.o
 .debug_macro   0x0000000000023836       0x58 ./Middlewares/Third_Party/FatFs/src/ff.o
 .debug_macro   0x000000000002388e      0x321 ./Middlewares/Third_Party/FatFs/src/ff_gen_drv.o

.debug_line     0x0000000000000000    0x16fb0
 .debug_line    0x0000000000000000      0xc64 ./Core/Src/UartRingbuffer.o
 .debug_line    0x0000000000000c64      0xf50 ./Core/Src/file_handling.o
 .debug_line    0x0000000000001bb4      0xb7b ./Core/Src/main.o
 .debug_line    0x000000000000272f      0x850 ./Core/Src/stm32f4xx_hal_msp.o
 .debug_line    0x0000000000002f7f      0x809 ./Core/Src/stm32f4xx_it.o
 .debug_line    0x0000000000003788      0x77d ./Core/Src/system_stm32f4xx.o
 .debug_line    0x0000000000003f05       0x88 ./Core/Startup/startup_stm32f407vetx.o
 .debug_line    0x0000000000003f8d      0x9e3 ./Drivers/STM32F4xx_HAL_Driver/Src/stm32f4xx_hal.o
 .debug_line    0x0000000000004970      0xc92 ./Drivers/STM32F4xx_HAL_Driver/Src/stm32f4xx_hal_cortex.o
 .debug_line    0x0000000000005602      0xf47 ./Drivers/STM32F4xx_HAL_Driver/Src/stm32f4xx_hal_dma.o
 .debug_line    0x0000000000006549      0xb57 ./Drivers/STM32F4xx_HAL_Driver/Src/stm32f4xx_hal_gpio.o
 .debug_line    0x00000000000070a0     0x1486 ./Drivers/STM32F4xx_HAL_Driver/Src/stm32f4xx_hal_pcd.o
 .debug_line    0x0000000000008526      0x7c6 ./Drivers/STM32F4xx_HAL_Driver/Src/stm32f4xx_hal_pcd_ex.o
 .debug_line    0x0000000000008cec      0xd5f ./Drivers/STM32F4xx_HAL_Driver/Src/stm32f4xx_hal_rcc.o
 .debug_line    0x0000000000009a4b     0x1e10 ./Drivers/STM32F4xx_HAL_Driver/Src/stm32f4xx_hal_sd.o
 .debug_line    0x000000000000b85b     0x2a88 ./Drivers/STM32F4xx_HAL_Driver/Src/stm32f4xx_hal_uart.o
 .debug_line    0x000000000000e2e3      0xf76 ./Drivers/STM32F4xx_HAL_Driver/Src/stm32f4xx_ll_sdmmc.o
 .debug_line    0x000000000000f259     0x1aa0 ./Drivers/STM32F4xx_HAL_Driver/Src/stm32f4xx_ll_usb.o
 .debug_line    0x0000000000010cf9      0x8f6 ./FATFS/App/fatfs.o
 .debug_line    0x00000000000115ef      0x8cc ./FATFS/Target/bsp_driver_sd.o
 .debug_line    0x0000000000011ebb      0x9da ./FATFS/Target/sd_diskio.o
 .debug_line    0x0000000000012895      0x967 ./Middlewares/Third_Party/FatFs/src/diskio.o
 .debug_line    0x00000000000131fc     0x342f ./Middlewares/Third_Party/FatFs/src/ff.o
 .debug_line    0x000000000001662b      0x985 ./Middlewares/Third_Party/FatFs/src/ff_gen_drv.o

.debug_str      0x0000000000000000    0xcbfc3
 .debug_str     0x0000000000000000    0xc51bf ./Core/Src/UartRingbuffer.o
                                      0xc54e1 (size before relaxing)
 .debug_str     0x00000000000c51bf     0x1ba7 ./Core/Src/file_handling.o
                                      0xc6b61 (size before relaxing)
 .debug_str     0x00000000000c6d66      0x8f9 ./Core/Src/main.o
                                      0xc755a (size before relaxing)
 .debug_str     0x00000000000c765f      0x5be ./Core/Src/stm32f4xx_hal_msp.o
                                      0xc324e (size before relaxing)
 .debug_str     0x00000000000c7c1d      0x126 ./Core/Src/stm32f4xx_it.o
                                      0xc2a3f (size before relaxing)
 .debug_str     0x00000000000c7d43       0xdb ./Core/Src/system_stm32f4xx.o
                                      0xc22d4 (size before relaxing)
 .debug_str     0x00000000000c7e1e       0x36 ./Core/Startup/startup_stm32f407vetx.o
                                         0x6f (size before relaxing)
 .debug_str     0x00000000000c7e54      0x612 ./Drivers/STM32F4xx_HAL_Driver/Src/stm32f4xx_hal.o
                                      0xc2e58 (size before relaxing)
 .debug_str     0x00000000000c8466      0x326 ./Drivers/STM32F4xx_HAL_Driver/Src/stm32f4xx_hal_cortex.o
                                      0xc2b8b (size before relaxing)
 .debug_str     0x00000000000c878c      0x322 ./Drivers/STM32F4xx_HAL_Driver/Src/stm32f4xx_hal_dma.o
                                      0xc26ee (size before relaxing)
 .debug_str     0x00000000000c8aae      0x121 ./Drivers/STM32F4xx_HAL_Driver/Src/stm32f4xx_hal_gpio.o
                                      0xc244f (size before relaxing)
 .debug_str     0x00000000000c8bcf      0x7fe ./Drivers/STM32F4xx_HAL_Driver/Src/stm32f4xx_hal_pcd.o
                                      0xc2d96 (size before relaxing)
 .debug_str     0x00000000000c93cd      0x115 ./Drivers/STM32F4xx_HAL_Driver/Src/stm32f4xx_hal_pcd_ex.o
                                      0xc2685 (size before relaxing)
 .debug_str     0x00000000000c94e2      0x21f ./Drivers/STM32F4xx_HAL_Driver/Src/stm32f4xx_hal_rcc.o
                                      0xc2708 (size before relaxing)
 .debug_str     0x00000000000c9701      0x90e ./Drivers/STM32F4xx_HAL_Driver/Src/stm32f4xx_hal_sd.o
                                      0xc304d (size before relaxing)
 .debug_str     0x00000000000ca00f      0x5ce ./Drivers/STM32F4xx_HAL_Driver/Src/stm32f4xx_hal_uart.o
                                      0xc2ca7 (size before relaxing)
 .debug_str     0x00000000000ca5dd      0x227 ./Drivers/STM32F4xx_HAL_Driver/Src/stm32f4xx_ll_sdmmc.o
                                      0xc275b (size before relaxing)
 .debug_str     0x00000000000ca804      0x444 ./Drivers/STM32F4xx_HAL_Driver/Src/stm32f4xx_ll_usb.o
                                      0xc2bfe (size before relaxing)
 .debug_str     0x00000000000cac48       0xe7 ./FATFS/App/fatfs.o
                                      0xc58e7 (size before relaxing)
 .debug_str     0x00000000000cad2f      0x164 ./FATFS/Target/bsp_driver_sd.o
                                      0xc2963 (size before relaxing)
 .debug_str     0x00000000000cae93       0xa0 ./FATFS/Target/sd_diskio.o
                                      0xc592f (size before relaxing)
 .debug_str     0x00000000000caf33       0x57 ./Middlewares/Third_Party/FatFs/src/diskio.o
                                      0xc5802 (size before relaxing)
 .debug_str     0x00000000000caf8a      0xfa8 ./Middlewares/Third_Party/FatFs/src/ff.o
                                      0xc6a65 (size before relaxing)
 .debug_str     0x00000000000cbf32       0x91 ./Middlewares/Third_Party/FatFs/src/ff_gen_drv.o
                                      0xc5853 (size before relaxing)

.comment        0x0000000000000000       0x50
 .comment       0x0000000000000000       0x50 ./Core/Src/UartRingbuffer.o
                                         0x51 (size before relaxing)
 .comment       0x0000000000000050       0x51 ./Core/Src/file_handling.o
 .comment       0x0000000000000050       0x51 ./Core/Src/main.o
 .comment       0x0000000000000050       0x51 ./Core/Src/stm32f4xx_hal_msp.o
 .comment       0x0000000000000050       0x51 ./Core/Src/stm32f4xx_it.o
 .comment       0x0000000000000050       0x51 ./Core/Src/system_stm32f4xx.o
 .comment       0x0000000000000050       0x51 ./Drivers/STM32F4xx_HAL_Driver/Src/stm32f4xx_hal.o
 .comment       0x0000000000000050       0x51 ./Drivers/STM32F4xx_HAL_Driver/Src/stm32f4xx_hal_cortex.o
 .comment       0x0000000000000050       0x51 ./Drivers/STM32F4xx_HAL_Driver/Src/stm32f4xx_hal_dma.o
 .comment       0x0000000000000050       0x51 ./Drivers/STM32F4xx_HAL_Driver/Src/stm32f4xx_hal_gpio.o
 .comment       0x0000000000000050       0x51 ./Drivers/STM32F4xx_HAL_Driver/Src/stm32f4xx_hal_pcd.o
 .comment       0x0000000000000050       0x51 ./Drivers/STM32F4xx_HAL_Driver/Src/stm32f4xx_hal_pcd_ex.o
 .comment       0x0000000000000050       0x51 ./Drivers/STM32F4xx_HAL_Driver/Src/stm32f4xx_hal_rcc.o
 .comment       0x0000000000000050       0x51 ./Drivers/STM32F4xx_HAL_Driver/Src/stm32f4xx_hal_sd.o
 .comment       0x0000000000000050       0x51 ./Drivers/STM32F4xx_HAL_Driver/Src/stm32f4xx_hal_uart.o
 .comment       0x0000000000000050       0x51 ./Drivers/STM32F4xx_HAL_Driver/Src/stm32f4xx_ll_sdmmc.o
 .comment       0x0000000000000050       0x51 ./Drivers/STM32F4xx_HAL_Driver/Src/stm32f4xx_ll_usb.o
 .comment       0x0000000000000050       0x51 ./FATFS/App/fatfs.o
 .comment       0x0000000000000050       0x51 ./FATFS/Target/bsp_driver_sd.o
 .comment       0x0000000000000050       0x51 ./FATFS/Target/sd_diskio.o
 .comment       0x0000000000000050       0x51 ./Middlewares/Third_Party/FatFs/src/diskio.o
 .comment       0x0000000000000050       0x51 ./Middlewares/Third_Party/FatFs/src/ff.o
 .comment       0x0000000000000050       0x51 ./Middlewares/Third_Party/FatFs/src/ff_gen_drv.o

.debug_frame    0x0000000000000000     0x4920
 .debug_frame   0x0000000000000000      0x1a0 ./Core/Src/UartRingbuffer.o
 .debug_frame   0x00000000000001a0      0x270 ./Core/Src/file_handling.o
 .debug_frame   0x0000000000000410      0x100 ./Core/Src/main.o
 .debug_frame   0x0000000000000510      0x110 ./Core/Src/stm32f4xx_hal_msp.o
 .debug_frame   0x0000000000000620      0x158 ./Core/Src/stm32f4xx_it.o
 .debug_frame   0x0000000000000778       0x58 ./Core/Src/system_stm32f4xx.o
 .debug_frame   0x00000000000007d0      0x374 ./Drivers/STM32F4xx_HAL_Driver/Src/stm32f4xx_hal.o
 .debug_frame   0x0000000000000b44      0x498 ./Drivers/STM32F4xx_HAL_Driver/Src/stm32f4xx_hal_cortex.o
 .debug_frame   0x0000000000000fdc      0x250 ./Drivers/STM32F4xx_HAL_Driver/Src/stm32f4xx_hal_dma.o
 .debug_frame   0x000000000000122c      0x14c ./Drivers/STM32F4xx_HAL_Driver/Src/stm32f4xx_hal_gpio.o
 .debug_frame   0x0000000000001378      0x5bc ./Drivers/STM32F4xx_HAL_Driver/Src/stm32f4xx_hal_pcd.o
 .debug_frame   0x0000000000001934       0xb0 ./Drivers/STM32F4xx_HAL_Driver/Src/stm32f4xx_hal_pcd_ex.o
 .debug_frame   0x00000000000019e4      0x1f4 ./Drivers/STM32F4xx_HAL_Driver/Src/stm32f4xx_hal_rcc.o
 .debug_frame   0x0000000000001bd8      0x650 ./Drivers/STM32F4xx_HAL_Driver/Src/stm32f4xx_hal_sd.o
 .debug_frame   0x0000000000002228      0x92c ./Drivers/STM32F4xx_HAL_Driver/Src/stm32f4xx_hal_uart.o
 .debug_frame   0x0000000000002b54      0x6d0 ./Drivers/STM32F4xx_HAL_Driver/Src/stm32f4xx_ll_sdmmc.o
 .debug_frame   0x0000000000003224      0x7c0 ./Drivers/STM32F4xx_HAL_Driver/Src/stm32f4xx_ll_usb.o
 .debug_frame   0x00000000000039e4       0x4c ./FATFS/App/fatfs.o
 .debug_frame   0x0000000000003a30      0x25c ./FATFS/Target/bsp_driver_sd.o
 .debug_frame   0x0000000000003c8c       0xe8 ./FATFS/Target/sd_diskio.o
 .debug_frame   0x0000000000003d74       0xec ./Middlewares/Third_Party/FatFs/src/diskio.o
 .debug_frame   0x0000000000003e60      0x94c ./Middlewares/Third_Party/FatFs/src/ff.o
 .debug_frame   0x00000000000047ac       0xc8 ./Middlewares/Third_Party/FatFs/src/ff_gen_drv.o
 .debug_frame   0x0000000000004874       0x2c c:/st/stm32cubeide_1.9.0/stm32cubeide/plugins/com.st.stm32cube.ide.mcu.externaltools.gnu-tools-for-stm32.10.3-2021.10.win32_1.0.0.202111181127/tools/bin/../lib/gcc/arm-none-eabi/10.3.1/../../../../arm-none-eabi/lib/thumb/v7e-m+fp/hard\libc_nano.a(lib_a-init.o)
 .debug_frame   0x00000000000048a0       0x20 c:/st/stm32cubeide_1.9.0/stm32cubeide/plugins/com.st.stm32cube.ide.mcu.externaltools.gnu-tools-for-stm32.10.3-2021.10.win32_1.0.0.202111181127/tools/bin/../lib/gcc/arm-none-eabi/10.3.1/../../../../arm-none-eabi/lib/thumb/v7e-m+fp/hard\libc_nano.a(lib_a-memset.o)
 .debug_frame   0x00000000000048c0       0x2c c:/st/stm32cubeide_1.9.0/stm32cubeide/plugins/com.st.stm32cube.ide.mcu.externaltools.gnu-tools-for-stm32.10.3-2021.10.win32_1.0.0.202111181127/tools/bin/../lib/gcc/arm-none-eabi/10.3.1/thumb/v7e-m+fp/hard\libgcc.a(_aeabi_uldivmod.o)
 .debug_frame   0x00000000000048ec       0x34 c:/st/stm32cubeide_1.9.0/stm32cubeide/plugins/com.st.stm32cube.ide.mcu.externaltools.gnu-tools-for-stm32.10.3-2021.10.win32_1.0.0.202111181127/tools/bin/../lib/gcc/arm-none-eabi/10.3.1/thumb/v7e-m+fp/hard\libgcc.a(_udivmoddi4.o)